Archive member included because of file (symbol)

/opt/esp-open-sdk/sdk/lib/libmain.a(debug-vector.o)
                              (_DebugExceptionVector)
/opt/esp-open-sdk/sdk/lib/libmain.a(double-vector.o)
                              (_DoubleExceptionVector)
/opt/esp-open-sdk/sdk/lib/libmain.a(kernel-vector.o)
                              (_KernelExceptionVector)
/opt/esp-open-sdk/sdk/lib/libmain.a(nmi-vector.o)
                              (_NMIExceptionVector)
/opt/esp-open-sdk/sdk/lib/libmain.a(user-vector.o)
                              (_UserExceptionVector)
/opt/esp-open-sdk/sdk/lib/libmain.a(vector.o)
                              (call_user_start)
/opt/esp-open-sdk/sdk/lib/libmain.a(app_main.o)
                              /opt/esp-open-sdk/sdk/lib/libmain.a(nmi-vector.o) (NMI_Handler)
/opt/esp-open-sdk/sdk/lib/libmain.a(ets_timer.o)
                              /opt/esp-open-sdk/sdk/lib/libmain.a(app_main.o) (ets_timer_setfn)
/opt/esp-open-sdk/sdk/lib/libmain.a(mem_manager.o)
                              /opt/esp-open-sdk/sdk/lib/libmain.a(app_main.o) (pvPortMalloc)
/opt/esp-open-sdk/sdk/lib/libmain.a(spi_flash.o)
                              /opt/esp-open-sdk/sdk/lib/libmain.a(app_main.o) (spi_flash_read)
/opt/esp-open-sdk/sdk/lib/libmain.a(user_interface.o)
                              /opt/esp-open-sdk/sdk/lib/libmain.a(app_main.o) (done_cb)
/opt/esp-open-sdk/sdk/lib/libmain.a(eagle_lib.o)
                              /opt/esp-open-sdk/sdk/lib/libmain.a(user_interface.o) (ets_sprintf)
/opt/esp-open-sdk/sdk/lib/libmain.a(eagle_lwip_if.o)
                              /opt/esp-open-sdk/sdk/lib/libmain.a(user_interface.o) (hostname)
/opt/sming/Sming/compiler/lib//libsming.a(user_main.o)
                              /opt/esp-open-sdk/sdk/lib/libmain.a(app_main.o) (user_init)
/opt/sming/Sming/compiler/lib//libsming.a(System.o)
                              /opt/sming/Sming/compiler/lib//libsming.a(user_main.o) (SystemClass::initialize())
/opt/sming/Sming/compiler/lib//libsming.a(esp_cplusplus.o)
                              /opt/sming/Sming/compiler/lib//libsming.a(user_main.o) (cpp_core_initialize)
/opt/sming/Sming/compiler/lib//libsming.a(m_printf.o)
                              /opt/sming/Sming/compiler/lib//libsming.a(esp_cplusplus.o) (m_printf)
/opt/sming/Sming/compiler/lib//libsming.a(stringconversion.o)
                              /opt/sming/Sming/compiler/lib//libsming.a(m_printf.o) (ltoa_w)
/opt/sming/Sming/compiler/lib//libsming.a(IPAddress.o)
                              /opt/sming/Sming/compiler/lib//libsming.a(user_main.o) (IPAddress::IPAddress(unsigned char, unsigned char, unsigned char, unsigned char))
/opt/sming/Sming/compiler/lib//libsming.a(Print.o)
                              /opt/sming/Sming/compiler/lib//libsming.a(IPAddress.o) (Print::print(char))
/opt/sming/Sming/compiler/lib//libsming.a(WString.o)
                              /opt/sming/Sming/compiler/lib//libsming.a(IPAddress.o) (String::~String())
/opt/sming/Sming/compiler/lib//libsming.a(Interrupts.o)
                              /opt/sming/Sming/compiler/lib//libsming.a(System.o) (noInterrupts())
/opt/sming/Sming/compiler/lib//libsming.a(Digital.o)
                              /opt/sming/Sming/compiler/lib//libsming.a(Interrupts.o) (pinMode(unsigned short, unsigned char))
out/build/app_app.a(application.o)
                              /opt/sming/Sming/compiler/lib//libsming.a(user_main.o) (init())
/opt/sming/Sming/compiler/lib//libmicroc.a(isspace.o)
                              /opt/sming/Sming/compiler/lib//libsming.a(WString.o) (isspace)
/opt/sming/Sming/compiler/lib//libmicroc.a(tolower.o)
                              /opt/sming/Sming/compiler/lib//libsming.a(WString.o) (tolower)
/opt/sming/Sming/compiler/lib//libmicroc.a(toupper.o)
                              /opt/sming/Sming/compiler/lib//libsming.a(WString.o) (toupper)
/opt/sming/Sming/compiler/lib//libmicroc.a(atof.o)
                              /opt/sming/Sming/compiler/lib//libsming.a(WString.o) (atof)
/opt/sming/Sming/compiler/lib//libmicroc.a(atoi.o)
                              /opt/sming/Sming/compiler/lib//libsming.a(WString.o) (atoi)
/opt/sming/Sming/compiler/lib//libmicroc.a(strtod.o)
                              /opt/sming/Sming/compiler/lib//libmicroc.a(atof.o) (strtod)
/opt/sming/Sming/compiler/lib//libmicroc.a(strtol.o)
                              out/build/app_app.a(application.o) (strtol)
/opt/sming/Sming/compiler/lib//libmicroc.a(__fpclassify.o)
                              /opt/sming/Sming/compiler/lib//libsming.a(stringconversion.o) (__fpclassifyd)
/opt/sming/Sming/compiler/lib//libmicroc.a(strchr.o)
                              /opt/sming/Sming/compiler/lib//libsming.a(WString.o) (strchr)
/opt/sming/Sming/compiler/lib//libmicroc.a(strrchr.o)
                              /opt/sming/Sming/compiler/lib//libsming.a(WString.o) (strrchr)
/opt/sming/Sming/compiler/lib//libmicroc.a(strchrnul.o)
[...]
Memory Configuration

Name             Origin             Length             Attributes
dport0_0_seg     0x000000003ff00000 0x0000000000000010
dram0_0_seg      0x000000003ffe8000 0x0000000000014000
iram1_0_seg      0x0000000040100000 0x0000000000008000
irom0_0_seg      0x0000000040209000 0x0000000000078000
*default*        0x0000000000000000 0xffffffffffffffff

Linker script and memory map

START GROUP
LOAD /opt/sming/Sming/compiler/lib//libmicroc.a
LOAD /opt/sming/Sming/compiler/lib//libmicrogcc.a
LOAD /opt/esp-open-sdk/xtensa-lx106-elf/bin/../lib/gcc/xtensa-lx106-elf/5.1.0/../../../../xtensa-lx106-elf/lib/libhal.a
LOAD /opt/esp-open-sdk/sdk/lib/libphy.a
LOAD /opt/esp-open-sdk/sdk/lib/libpp.a
LOAD /opt/esp-open-sdk/sdk/lib/libnet80211.a
LOAD /opt/esp-open-sdk/sdk/lib/liblwip.a
LOAD /opt/esp-open-sdk/sdk/lib/libwpa.a
LOAD /opt/esp-open-sdk/sdk/lib/libmain.a
LOAD /opt/sming/Sming/compiler/lib//libsming.a
LOAD /opt/esp-open-sdk/sdk/lib/libcrypto.a
LOAD /opt/esp-open-sdk/sdk/lib/libpwm.a
LOAD /opt/esp-open-sdk/sdk/lib/libsmartconfig.a
LOAD out/build/app_app.a
END GROUP
                0x0000000040000000                PROVIDE (_memmap_vecbase_reset, 0x40000000)
                0x0000000000000110                _memmap_cacheattr_wb_base = 0x110
                0x0000000000000110                _memmap_cacheattr_wt_base = 0x110
                0x0000000000000220                _memmap_cacheattr_bp_base = 0x220
                0x00000000fffff00f                _memmap_cacheattr_unused_mask = 0xfffff00f
                0x000000002222211f                _memmap_cacheattr_wb_trapnull = 0x2222211f
                0x000000002222211f                _memmap_cacheattr_wba_trapnull = 0x2222211f
                0x000000002222211f                _memmap_cacheattr_wbna_trapnull = 0x2222211f
                0x000000002222211f                _memmap_cacheattr_wt_trapnull = 0x2222211f
                0x000000002222222f                _memmap_cacheattr_bp_trapnull = 0x2222222f
                0x00000000fffff11f                _memmap_cacheattr_wb_strict = 0xfffff11f
                0x00000000fffff11f                _memmap_cacheattr_wt_strict = 0xfffff11f
                0x00000000fffff22f                _memmap_cacheattr_bp_strict = 0xfffff22f
                0x0000000022222112                _memmap_cacheattr_wb_allvalid = 0x22222112
                0x0000000022222112                _memmap_cacheattr_wt_allvalid = 0x22222112
                0x0000000022222222                _memmap_cacheattr_bp_allvalid = 0x22222222
                0x000000002222211f                PROVIDE (_memmap_cacheattr_reset, _memmap_cacheattr_wb_trapnull)

.dport0.rodata  0x000000003ff00000        0x0
                0x000000003ff00000                _dport0_rodata_start = ABSOLUTE (.)
 *(.dport0.rodata)
 *(.dport.rodata)
                0x000000003ff00000                _dport0_rodata_end = ABSOLUTE (.)

.dport0.literal
                0x000000003ff00000        0x0
                0x000000003ff00000                _dport0_literal_start = ABSOLUTE (.)
 *(.dport0.literal)
 *(.dport.literal)
                0x000000003ff00000                _dport0_literal_end = ABSOLUTE (.)

.dport0.data    0x000000003ff00000        0x0
                0x000000003ff00000                _dport0_data_start = ABSOLUTE (.)
 *(.dport0.data)
 *(.dport.data)
                0x000000003ff00000                _dport0_data_end = ABSOLUTE (.)

.data           0x000000003ffe8000      0x3e8
                0x000000003ffe8000                _data_start = ABSOLUTE (.)
 *(.data)
 .data          0x000000003ffe8000        0x4 /opt/esp-open-sdk/sdk/lib/libmain.a(nmi-vector.o)
                0x000000003ffe8000                _Pri_3_HandlerAddress
 .data          0x000000003ffe8004        0x1 /opt/esp-open-sdk/sdk/lib/libmain.a(app_main.o)
 *fill*         0x000000003ffe8005        0x3 
 .data          0x000000003ffe8008        0x6 /opt/esp-open-sdk/sdk/lib/libmain.a(user_interface.o)
                0x000000003ffe8009                timer2_ms_flag
                0x000000003ffe800a                dhcps_flag
                0x000000003ffe800b                dhcpc_flag
                0x000000003ffe800d                reconnect_internal
 *fill*         0x000000003ffe800e        0x2 
 .data          0x000000003ffe8010        0x1 /opt/esp-open-sdk/sdk/lib/libmain.a(eagle_lwip_if.o)
                0x000000003ffe8010                default_hostname
 *fill*         0x000000003ffe8011        0xf 
 .data          0x000000003ffe8020       0x53 /opt/esp-open-sdk/sdk/lib/libphy.a(phy_chip_v6.o)
                0x000000003ffe8022                tx_rf_ana_gain
                0x000000003ffe8050                rx_gain_swp
                0x000000003ffe8070                test_rffreq_txcap
 *fill*         0x000000003ffe8073        0x1 
 .data          0x000000003ffe8074        0x4 /opt/esp-open-sdk/sdk/lib/libphy.a(phy_sleep.o)
                0x000000003ffe8074                chip_version
 .data          0x000000003ffe8078        0x1 /opt/esp-open-sdk/sdk/lib/libpp.a(pm.o)
 *fill*         0x000000003ffe8079        0x3 
 .data          0x000000003ffe807c        0x1 /opt/esp-open-sdk/sdk/lib/libpp.a(pm_for_bcn_only_mode.o)
 *fill*         0x000000003ffe807d        0x3 
 .data          0x000000003ffe8080       0x1c /opt/esp-open-sdk/sdk/lib/libpp.a(pp.o)
                0x000000003ffe8080                soft_wdt_interval
                0x000000003ffe8084                NoiseTimerInterval
                0x000000003ffe808c                sleep_start_wait_time
                0x000000003ffe8094                CanDoFreqCal
                0x000000003ffe8098                tcb
 *fill*         0x000000003ffe809c        0x4 
 .data          0x000000003ffe80a0       0x40 /opt/esp-open-sdk/sdk/lib/libpp.a(rate_control.o)
 .data          0x000000003ffe80e0      0x24c /opt/esp-open-sdk/sdk/lib/libpp.a(trc.o)
 .data          0x000000003ffe832c        0x8 /opt/esp-open-sdk/sdk/lib/libpp.a(wdev.o)
 .data          0x000000003ffe8334        0x1 /opt/esp-open-sdk/sdk/lib/libnet80211.a(ieee80211_hostap.o)
                0x000000003ffe8334                TmpSTAAPCloseAP
 *fill*         0x000000003ffe8335        0x3 
 .data          0x000000003ffe8338        0x1 /opt/esp-open-sdk/sdk/lib/libnet80211.a(wl_cnx.o)
 *fill*         0x000000003ffe8339        0x7 
 .data          0x000000003ffe8340       0x1c /opt/esp-open-sdk/sdk/lib/libnet80211.a(ieee80211_action.o)
 .data          0x000000003ffe835c        0x4 /opt/esp-open-sdk/sdk/lib/liblwip.a(dhcp.o)
 .data          0x000000003ffe8360        0x5 /opt/esp-open-sdk/sdk/lib/liblwip.a(dhcpserver.o)
                0x000000003ffe8360                dhcps_lease_time
 *fill*         0x000000003ffe8365        0x3 
 .data          0x000000003ffe8368        0x8 /opt/esp-open-sdk/sdk/lib/liblwip.a(tcp.o)
 *(.data.*)
 .data.cbc_printchar
                0x000000003ffe8370        0x4 /opt/sming/Sming/compiler/lib//libsming.a(m_printf.o)
                0x000000003ffe8370                cbc_printchar
 .data.mixing   0x000000003ffe8374        0x4 out/build/app_app.a(application.o)
                0x000000003ffe8374                mixing
 .data.volumeALLCH
                0x000000003ffe8378        0x4 out/build/app_app.a(application.o)
                0x000000003ffe8378                volumeALLCH
 .data.volumeSW
                0x000000003ffe837c        0x4 out/build/app_app.a(application.o)
                0x000000003ffe837c                volumeSW
 .data.volumeCEN
                0x000000003ffe8380        0x4 out/build/app_app.a(application.o)
                0x000000003ffe8380                volumeCEN
 .data.volumeRL
                0x000000003ffe8384        0x4 out/build/app_app.a(application.o)
                0x000000003ffe8384                volumeRL
 .data.volumeRR
                0x000000003ffe8388        0x4 out/build/app_app.a(application.o)
                0x000000003ffe8388                volumeRR
 .data.volumeFL
                0x000000003ffe838c        0x4 out/build/app_app.a(application.o)
                0x000000003ffe838c                volumeFL
 .data.volumeFR
                0x000000003ffe8390        0x4 out/build/app_app.a(application.o)
                0x000000003ffe8390                volumeFR
 .data.PT2258_ALLCH_10DB
                0x000000003ffe8394        0x4 out/build/app_app.a(application.o)
                0x000000003ffe8394                PT2258_ALLCH_10DB
 .data.PT2258_ALLCH_1DB
                0x000000003ffe8398        0x4 out/build/app_app.a(application.o)
                0x000000003ffe8398                PT2258_ALLCH_1DB
 .data.PT2258_SW_10DB
                0x000000003ffe839c        0x4 out/build/app_app.a(application.o)
                0x000000003ffe839c                PT2258_SW_10DB
 .data.PT2258_SW_1DB
                0x000000003ffe83a0        0x4 out/build/app_app.a(application.o)
                0x000000003ffe83a0                PT2258_SW_1DB
 .data.PT2258_CEN_1DB
                0x000000003ffe83a4        0x4 out/build/app_app.a(application.o)
                0x000000003ffe83a4                PT2258_CEN_1DB
 .data.PT2258_RR_10DB
                0x000000003ffe83a8        0x4 out/build/app_app.a(application.o)
                0x000000003ffe83a8                PT2258_RR_10DB
 .data.PT2258_RR_1DB
                0x000000003ffe83ac        0x4 out/build/app_app.a(application.o)
                0x000000003ffe83ac                PT2258_RR_1DB
 .data.PT2258_RL_10DB
                0x000000003ffe83b0        0x4 out/build/app_app.a(application.o)
                0x000000003ffe83b0                PT2258_RL_10DB
 .data.PT2258_RL_1DB
                0x000000003ffe83b4        0x4 out/build/app_app.a(application.o)
                0x000000003ffe83b4                PT2258_RL_1DB
 .data.PT2258_FR_10DB
                0x000000003ffe83b8        0x4 out/build/app_app.a(application.o)
                0x000000003ffe83b8                PT2258_FR_10DB
 .data.PT2258_FR_1DB
                0x000000003ffe83bc        0x4 out/build/app_app.a(application.o)
                0x000000003ffe83bc                PT2258_FR_1DB
 .data.PT2258_FL_10DB
                0x000000003ffe83c0        0x4 out/build/app_app.a(application.o)
                0x000000003ffe83c0                PT2258_FL_10DB
 .data.PT2258_FL_1DB
                0x000000003ffe83c4        0x4 out/build/app_app.a(application.o)
                0x000000003ffe83c4                PT2258_FL_1DB
 .data.CHAN_SW  0x000000003ffe83c8        0x4 out/build/app_app.a(application.o)
                0x000000003ffe83c8                CHAN_SW
 .data.CHAN_CEN
                0x000000003ffe83cc        0x4 out/build/app_app.a(application.o)
                0x000000003ffe83cc                CHAN_CEN
 .data.CHAN_RR  0x000000003ffe83d0        0x4 out/build/app_app.a(application.o)
                0x000000003ffe83d0                CHAN_RR
 .data.CHAN_RL  0x000000003ffe83d4        0x4 out/build/app_app.a(application.o)
                0x000000003ffe83d4                CHAN_RL
 .data.CHAN_FR  0x000000003ffe83d8        0x4 out/build/app_app.a(application.o)
                0x000000003ffe83d8                CHAN_FR
 .data.CHAN_FL  0x000000003ffe83dc        0x4 out/build/app_app.a(application.o)
                0x000000003ffe83dc                CHAN_FL
 .data.PT2258_ADDRESS
                0x000000003ffe83e0        0x4 out/build/app_app.a(application.o)
                0x000000003ffe83e0                PT2258_ADDRESS
 .data.PT2323_ADDRESS
                0x000000003ffe83e4        0x4 out/build/app_app.a(application.o)
                0x000000003ffe83e4                PT2323_ADDRESS
 *(.gnu.linkonce.d.*)
 *(.data1)
 *(.sdata)
 *(.sdata.*)
 *(.gnu.linkonce.s.*)
 *(.sdata2)
 *(.sdata2.*)
 *(.gnu.linkonce.s2.*)
 *(.jcr)
                0x000000003ffe83e8                _data_end = ABSOLUTE (.)

.rodata         0x000000003ffe83e8     0x2384
                0x000000003ffe83e8                _rodata_start = ABSOLUTE (.)
 *(.sdk.version)
 .sdk.version   0x000000003ffe83e8        0x6 /opt/esp-open-sdk/sdk/lib/libmain.a(app_main.o)
                0x000000003ffe83e8                SDK_VERSION
 *(.rodata)
 *fill*         0x000000003ffe83ee        0x2 
 .rodata        0x000000003ffe83f0       0x20 /opt/sming/Sming/compiler/lib//libmicroc.a(floatscan.o)
 .rodata        0x000000003ffe8410      0x10a /opt/sming/Sming/compiler/lib//libmicroc.a(intscan.o)
 *fill*         0x000000003ffe851a        0x2 
 .rodata        0x000000003ffe851c        0x8 /opt/esp-open-sdk/sdk/lib/libphy.a(phy_chip_v6.o)
 .rodata        0x000000003ffe8524        0x4 /opt/esp-open-sdk/sdk/lib/libpp.a(pp.o)
 .rodata        0x000000003ffe8528        0x8 /opt/esp-open-sdk/sdk/lib/libnet80211.a(ieee80211_hostap.o)
 .rodata        0x000000003ffe8530        0x9 /opt/esp-open-sdk/sdk/lib/libnet80211.a(ieee80211_output.o)
 *fill*         0x000000003ffe8539        0x3 
 .rodata        0x000000003ffe853c        0x6 /opt/esp-open-sdk/sdk/lib/liblwip.a(etharp.o)
                0x000000003ffe853c                ethbroadcast
 *fill*         0x000000003ffe8542        0x2 
 .rodata        0x000000003ffe8544       0x14 /opt/sming/Sming/compiler/lib//libsming.a(WebSocket.o)
 .rodata        0x000000003ffe8558        0x8 /opt/sming/Sming/compiler/lib//libsming.a(LCD.o)
 *(.rodata.*)
 .rodata.str1.4
                0x000000003ffe8560        0xc /opt/esp-open-sdk/sdk/lib/libmain.a(app_main.o)
 .rodata.str1.4
                0x000000003ffe856c        0x4 /opt/esp-open-sdk/sdk/lib/libmain.a(ets_timer.o)
                                          0xc (size before relaxing)
 .rodata.str1.4
                0x000000003ffe8570       0x1a /opt/esp-open-sdk/sdk/lib/libmain.a(mem_manager.o)
 *fill*         0x000000003ffe858a        0x2 
 .rodata._ZL14EspDigitalPins
                0x000000003ffe858c       0xc0 /opt/sming/Sming/compiler/lib//libsming.a(user_main.o)
 .rodata._ZTV6VectorI8DelegateIFvvEEE
                0x000000003ffe864c       0x1c /opt/sming/Sming/compiler/lib//libsming.a(System.o)
                0x000000003ffe864c                vtable for Vector<Delegate<void ()> >
 .rodata._ZTV6VectorIP19ISystemReadyHandlerE
                0x000000003ffe8668       0x1c /opt/sming/Sming/compiler/lib//libsming.a(System.o)
                0x000000003ffe8668                vtable for Vector<ISystemReadyHandler*>
 .rodata.str1.1
                0x000000003ffe8684       0x41 /opt/sming/Sming/compiler/lib//libsming.a(esp_cplusplus.o)
 .rodata.str1.1
                0x000000003ffe86c5       0x21 /opt/sming/Sming/compiler/lib//libsming.a(stringconversion.o)
 .rodata.str1.1
                0x000000003ffe86e6        0xf /opt/sming/Sming/compiler/lib//libsming.a(IPAddress.o)
                                         0x10 (size before relaxing)
 *fill*         0x000000003ffe86f5        0x3 
 .rodata._ZTV9IPAddress
                0x000000003ffe86f8        0xc /opt/sming/Sming/compiler/lib//libsming.a(IPAddress.o)
                0x000000003ffe86f8                vtable for IPAddress
 .rodata.str1.1
                0x000000003ffe8704        0xa /opt/sming/Sming/compiler/lib//libsming.a(Print.o)
                                          0xe (size before relaxing)
 .rodata.str1.1
                0x0000000000000000        0x1 /opt/sming/Sming/compiler/lib//libsming.a(WString.o)
 .rodata.str1.1
                0x000000003ffe870e       0x23 /opt/sming/Sming/compiler/lib//libsming.a(Digital.o)
 *fill*         0x000000003ffe8731        0x3 
 .rodata._ZL14EspDigitalPins
                0x000000003ffe8734       0xc0 /opt/sming/Sming/compiler/lib//libsming.a(Digital.o)
 .rodata.str1.1
                0x000000003ffe87f4      0x3aa out/build/app_app.a(application.o)
                                        0x3d6 (size before relaxing)
 *fill*         0x000000003ffe8b9e        0x2 
 .rodata._ZTVN11ArduinoJson9Internals20DynamicStringBuilderE
                0x000000003ffe8ba0       0x10 out/build/app_app.a(application.o)
                0x000000003ffe8ba0                vtable for ArduinoJson::Internals::DynamicStringBuilder
 .rodata._ZTVN11ArduinoJson16StaticJsonBufferILj300EEE
                0x000000003ffe8bb0        0xc out/build/app_app.a(application.o)
                0x000000003ffe8bb0                vtable for ArduinoJson::StaticJsonBuffer<300u>
 .rodata._ZTVN11ArduinoJson16StaticJsonBufferILj200EEE
                0x000000003ffe8bbc        0xc out/build/app_app.a(application.o)
                0x000000003ffe8bbc                vtable for ArduinoJson::StaticJsonBuffer<200u>
 .rodata._ZTV14FunctionCallerIPFvvEvJEE
                0x000000003ffe8bc8       0x14 out/build/app_app.a(application.o)
                0x000000003ffe8bc8                vtable for FunctionCaller<void (*)(), void>
 .rodata._ZTV12MethodCallerIM15ntpClientSystemFvR9NtpClientlEE
                0x000000003ffe8bdc       0x14 out/build/app_app.a(application.o)
                0x000000003ffe8bdc                vtable for MethodCaller<void (ntpClientSystem::*)(NtpClient&, long)>
 .rodata._ZTV14FunctionCallerIPFvR11HttpRequestR12HttpResponseEvJS1_S3_EE
                0x000000003ffe8bf0       0x14 out/build/app_app.a(application.o)
                0x000000003ffe8bf0                vtable for FunctionCaller<void (*)(HttpRequest&, HttpResponse&), void, HttpRequest&, HttpResponse&>
 .rodata._ZTV14FunctionCallerIPFvR9WebSocketEvJS1_EE
                0x000000003ffe8c04       0x14 out/build/app_app.a(application.o)
                0x000000003ffe8c04                vtable for FunctionCaller<void (*)(WebSocket&), void, WebSocket&>
 .rodata._ZTV14FunctionCallerIPFvR9WebSocketRK6StringEvJS1_S4_EE
                0x000000003ffe8c18       0x14 out/build/app_app.a(application.o)
                0x000000003ffe8c18                vtable for FunctionCaller<void (*)(WebSocket&, String const&), void, WebSocket&, String const&>
 .rodata._ZTV14FunctionCallerIPFvR9WebSocketPhjEvJS1_S2_jEE
                0x000000003ffe8c2c       0x14 out/build/app_app.a(application.o)
                0x000000003ffe8c2c                vtable for FunctionCaller<void (*)(WebSocket&, unsigned char*, unsigned int), void, WebSocket&, unsigned char*, unsigned int>
 .rodata.str1.1
                0x000000003ffe8c40        0xc /opt/sming/Sming/compiler/lib//libmicroc.a(abort.o)
 .rodata.str1.1
                0x000000003ffe8c4c        0x9 /opt/sming/Sming/compiler/lib//libmicroc.a(floatscan.o)
                                          0xd (size before relaxing)
 *fill*         0x000000003ffe8c55        0x3 
 .rodata.str1.4
                0x000000003ffe8c58        0x4 /opt/esp-open-sdk/sdk/lib/libpp.a(lmac.o)
                                          0xc (size before relaxing)
 .rodata.str1.4
                0x000000003ffe8c5c        0x4 /opt/esp-open-sdk/sdk/lib/libpp.a(pm_for_bcn_only_mode.o)
                                          0xc (size before relaxing)
 .rodata.str1.4
                0x000000003ffe8c60        0x8 /opt/esp-open-sdk/sdk/lib/libpp.a(pp.o)
                                         0x10 (size before relaxing)
 .rodata.str1.4
                0x000000003ffe8c68        0x4 /opt/esp-open-sdk/sdk/lib/libpp.a(wdev.o)
                                          0xc (size before relaxing)
 .rodata.str1.4
                0x000000003ffe8c6c        0x3 /opt/esp-open-sdk/sdk/lib/libnet80211.a(ieee80211_hostap.o)
                                          0x8 (size before relaxing)
 *fill*         0x000000003ffe8c6f        0x1 
 .rodata.str1.4
                0x000000003ffe8c70        0x7 /opt/esp-open-sdk/sdk/lib/libnet80211.a(ieee80211_mesh_quick.o)
 .rodata.str1.4
                0x0000000000000000        0x4 /opt/esp-open-sdk/sdk/lib/libnet80211.a(ieee80211_sta.o)
 .rodata.str1.4
                0x0000000000000000        0x4 /opt/esp-open-sdk/sdk/lib/libnet80211.a(ieee80211_action_vendor.o)
 .rodata.str1.4
                0x0000000000000000        0x4 /opt/esp-open-sdk/sdk/lib/libnet80211.a(ieee80211_ie_vendor.o)
 .rodata.str1.4
                0x0000000000000000        0x7 /opt/esp-open-sdk/sdk/lib/liblwip.a(espconn_tcp.o)
                                          0x1 (size before relaxing)
 *fill*         0x000000003ffe8c77        0x1 
 .rodata.str1.4
                0x000000003ffe8c78       0x88 /opt/esp-open-sdk/sdk/lib/liblwip.a(mdns.o)
 .rodata.str1.4
                0x000000003ffe8d00       0x10 /opt/esp-open-sdk/sdk/lib/libwpa.a(wpa_debug.o)
                                          0xd (size before relaxing)
 .rodata.str1.1
                0x000000003ffe8d10      0x157 /opt/sming/Sming/compiler/lib//libsming.a(spiffs_sming.o)
                                        0x165 (size before relaxing)
 .rodata.str1.1
                0x000000003ffe8e67      0x13c /opt/sming/Sming/compiler/lib//libsming.a(DataSourceStream.o)
                                        0x13d (size before relaxing)
 *fill*         0x000000003ffe8fa3        0x1 
 .rodata._ZTVN11ArduinoJson9Internals15BlockJsonBufferINS0_16DefaultAllocatorEEE
                0x000000003ffe8fa4        0xc /opt/sming/Sming/compiler/lib//libsming.a(DataSourceStream.o)
                0x000000003ffe8fa4                vtable for ArduinoJson::Internals::BlockJsonBuffer<ArduinoJson::Internals::DefaultAllocator>
 .rodata._ZTV16MemoryDataStream
                0x000000003ffe8fb0       0x48 /opt/sming/Sming/compiler/lib//libsming.a(DataSourceStream.o)
                0x000000003ffe8fb0                vtable for MemoryDataStream
 .rodata._ZTV10FileStream
                0x000000003ffe8ff8       0x2c /opt/sming/Sming/compiler/lib//libsming.a(DataSourceStream.o)
                0x000000003ffe8ff8                vtable for FileStream
 .rodata._ZTV18TemplateFileStream
                0x000000003ffe9024       0x2c /opt/sming/Sming/compiler/lib//libsming.a(DataSourceStream.o)
                0x000000003ffe9024                vtable for TemplateFileStream
 .rodata._ZTV16JsonObjectStream
                0x000000003ffe9050       0x48 /opt/sming/Sming/compiler/lib//libsming.a(DataSourceStream.o)
                0x000000003ffe9050                vtable for JsonObjectStream
 .rodata.str1.1
                0x000000003ffe9098       0x34 /opt/sming/Sming/compiler/lib//libsming.a(FileSystem.o)
                                         0x37 (size before relaxing)
 .rodata._ZTV6VectorI6StringE
                0x000000003ffe90cc       0x1c /opt/sming/Sming/compiler/lib//libsming.a(FileSystem.o)
                0x000000003ffe90cc                vtable for Vector<String>
 .rodata.str1.1
                0x0000000000000000       0x34 /opt/sming/Sming/compiler/lib//libsming.a(HardwareSerial.o)
                                          0x3 (size before relaxing)
 .rodata._ZTV14HardwareSerial
                0x000000003ffe90e8       0x20 /opt/sming/Sming/compiler/lib//libsming.a(HardwareSerial.o)
                0x000000003ffe90e8                vtable for HardwareSerial
 .rodata.str1.1
                0x000000003ffe9108       0x13 /opt/sming/Sming/compiler/lib//libsming.a(SystemClock.o)
 *fill*         0x000000003ffe911b        0x1 
 .rodata._ZTV7TwoWire
                0x000000003ffe911c       0x28 /opt/sming/Sming/compiler/lib//libsming.a(Wire.o)
                0x000000003ffe911c                vtable for TwoWire
 .rodata.str1.1
                0x000000003ffe9144      0x100 /opt/sming/Sming/compiler/lib//libsming.a(HttpRequest.o)
                                        0x10d (size before relaxing)
 .rodata._ZTV11HttpRequest
                0x000000003ffe9244       0x10 /opt/sming/Sming/compiler/lib//libsming.a(HttpRequest.o)
                0x000000003ffe9244                vtable for HttpRequest
 .rodata.str1.1
                0x000000003ffe9254      0x1bd /opt/sming/Sming/compiler/lib//libsming.a(HttpResponse.o)
                                        0x1ec (size before relaxing)
 *fill*         0x000000003ffe9411        0x3 
 .rodata._ZTV12HttpResponse
                0x000000003ffe9414       0x10 /opt/sming/Sming/compiler/lib//libsming.a(HttpResponse.o)
                0x000000003ffe9414                vtable for HttpResponse
 .rodata.str1.1
                0x000000003ffe9424      0x110 /opt/sming/Sming/compiler/lib//libsming.a(HttpServer.o)
                                        0x143 (size before relaxing)
 .rodata._ZTV6VectorI9WebSocketE
                0x000000003ffe9534       0x1c /opt/sming/Sming/compiler/lib//libsming.a(HttpServer.o)
                0x000000003ffe9534                vtable for Vector<WebSocket>
 .rodata._ZTV10HttpServer
                0x000000003ffe9550       0x5c /opt/sming/Sming/compiler/lib//libsming.a(HttpServer.o)
                0x000000003ffe9550                vtable for HttpServer
 .rodata._ZTV12MethodCallerIM10HttpServerFvR20HttpServerConnectionEE
                0x000000003ffe95ac       0x14 /opt/sming/Sming/compiler/lib//libsming.a(HttpServer.o)
                0x000000003ffe95ac                vtable for MethodCaller<void (HttpServer::*)(HttpServerConnection&)>
 .rodata.str1.1
                0x000000003ffe95c0       0xf1 /opt/sming/Sming/compiler/lib//libsming.a(HttpServerConnection.o)
                                         0xfb (size before relaxing)
 *fill*         0x000000003ffe96b1        0x3 
 .rodata._ZTV20HttpServerConnection
                0x000000003ffe96b4       0x40 /opt/sming/Sming/compiler/lib//libsming.a(HttpServerConnection.o)
                0x000000003ffe96b4                vtable for HttpServerConnection
 .rodata.str1.1
                0x000000003ffe96f4       0x1d /opt/sming/Sming/compiler/lib//libsming.a(NtpClient.o)
                                         0x2a (size before relaxing)
 *fill*         0x000000003ffe9711        0x3 
 .rodata._ZTV9NtpClient
                0x000000003ffe9714       0x28 /opt/sming/Sming/compiler/lib//libsming.a(NtpClient.o)
                0x000000003ffe9714                vtable for NtpClient
 .rodata._ZTV12MethodCallerIM9NtpClientFvvEE
                0x000000003ffe973c       0x14 /opt/sming/Sming/compiler/lib//libsming.a(NtpClient.o)
                0x000000003ffe973c                vtable for MethodCaller<void (NtpClient::*)()>
 .rodata.str1.1
                0x000000003ffe9750      0x203 /opt/sming/Sming/compiler/lib//libsming.a(TcpConnection.o)
                                        0x220 (size before relaxing)
 *fill*         0x000000003ffe9953        0x1 
 .rodata._ZTV13TcpConnection
                0x000000003ffe9954       0x38 /opt/sming/Sming/compiler/lib//libsming.a(TcpConnection.o)
                0x000000003ffe9954                vtable for TcpConnection
 .rodata.str1.1
                0x000000003ffe998c      0x13e /opt/sming/Sming/compiler/lib//libsming.a(TcpServer.o)
 *fill*         0x000000003ffe9aca        0x2 
 .rodata._ZTV9TcpServer
                0x000000003ffe9acc       0x50 /opt/sming/Sming/compiler/lib//libsming.a(TcpServer.o)
                0x000000003ffe9acc                vtable for TcpServer
 .rodata._ZTV12MethodCallerIM9TcpServerFbR9TcpClientPciEE
                0x000000003ffe9b1c       0x14 /opt/sming/Sming/compiler/lib//libsming.a(TcpServer.o)
                0x000000003ffe9b1c                vtable for MethodCaller<bool (TcpServer::*)(TcpClient&, char*, int)>
 .rodata._ZTV12MethodCallerIM9TcpServerFvR9TcpClientbEE
                0x000000003ffe9b30       0x14 /opt/sming/Sming/compiler/lib//libsming.a(TcpServer.o)
                0x000000003ffe9b30                vtable for MethodCaller<void (TcpServer::*)(TcpClient&, bool)>
 .rodata.str1.1
                0x000000003ffe9b44       0x59 /opt/sming/Sming/compiler/lib//libsming.a(UdpConnection.o)
 *fill*         0x000000003ffe9b9d        0x3 
 .rodata._ZTV13UdpConnection
                0x000000003ffe9ba0       0x28 /opt/sming/Sming/compiler/lib//libsming.a(UdpConnection.o)
                0x000000003ffe9ba0                vtable for UdpConnection
 .rodata.str1.1
                0x000000003ffe9bc8       0x15 /opt/sming/Sming/compiler/lib//libsming.a(WebSocket.o)
                                         0x5b (size before relaxing)
 *fill*         0x000000003ffe9bdd        0x3 
 .rodata._ZTV9WebSocket
                0x000000003ffe9be0        0xc /opt/sming/Sming/compiler/lib//libsming.a(WebSocket.o)
                0x000000003ffe9be0                vtable for WebSocket
 .rodata.str1.1
                0x000000003ffe9bec      0x12a /opt/sming/Sming/compiler/lib//libsming.a(AccessPoint.o)
                                        0x12b (size before relaxing)
 *fill*         0x000000003ffe9d16        0x2 
 .rodata._ZTV16AccessPointClass
                0x000000003ffe9d18       0x14 /opt/sming/Sming/compiler/lib//libsming.a(AccessPoint.o)
                0x000000003ffe9d18                vtable for AccessPointClass
 .rodata.str1.1
                0x000000003ffe9d2c       0x13 /opt/sming/Sming/compiler/lib//libsming.a(RTC.o)
 .rodata.str1.1
                0x000000003ffe9d3f      0x233 /opt/sming/Sming/compiler/lib//libsming.a(Station.o)
                                        0x2a3 (size before relaxing)
 *fill*         0x000000003ffe9f72        0x2 
 .rodata._ZTV12StationClass
                0x000000003ffe9f74       0x14 /opt/sming/Sming/compiler/lib//libsming.a(Station.o)
                0x000000003ffe9f74                vtable for StationClass
 .rodata._ZTV6VectorI7BssInfoE
                0x000000003ffe9f88       0x1c /opt/sming/Sming/compiler/lib//libsming.a(Station.o)
                0x000000003ffe9f88                vtable for Vector<BssInfo>
 .rodata._ZTV8WDTClass
                0x000000003ffe9fa4       0x14 /opt/sming/Sming/compiler/lib//libsming.a(WDT.o)
                0x000000003ffe9fa4                vtable for WDTClass
 .rodata.str1.1
                0x000000003ffe9fb8        0xb /opt/sming/Sming/compiler/lib//libsming.a(ArduinoJson.o)
                                         0x11 (size before relaxing)
 .rodata._ZN11ArduinoJson9Internals8Encoding12_escapeTableE
                0x000000003ffe9fc3        0xf /opt/sming/Sming/compiler/lib//libsming.a(ArduinoJson.o)
                0x000000003ffe9fc3                ArduinoJson::Internals::Encoding::_escapeTable
 .rodata.str1.1
                0x000000003ffe9fd2       0xf3 /opt/sming/Sming/compiler/lib//libsming.a(CommandExecutor.o)
                                         0xf8 (size before relaxing)
 .rodata.str1.1
                0x000000003ffea0c5      0x3a4 /opt/sming/Sming/compiler/lib//libsming.a(CommandHandler.o)
                                        0x3bb (size before relaxing)
 .rodata.str1.1
                0x000000003ffea469        0xb /opt/sming/Sming/compiler/lib//libsming.a(CommandOutput.o)
                                          0xc (size before relaxing)
 .rodata._ZTV13CommandOutput
                0x000000003ffea474       0x18 /opt/sming/Sming/compiler/lib//libsming.a(CommandOutput.o)
                0x000000003ffea474                vtable for CommandOutput
 .rodata.str1.1
                0x000000003ffea48c       0x4c /opt/sming/Sming/compiler/lib//libsming.a(DateTime.o)
                                         0x58 (size before relaxing)
 .rodata._ZL9monthDays
                0x000000003ffea4d8        0xc /opt/sming/Sming/compiler/lib//libsming.a(DateTime.o)
 .rodata._ZL13base64enc_tab
                0x000000003ffea4e4       0x41 /opt/sming/Sming/compiler/lib//libsming.a(base64.o)
 .rodata.str1.1
                0x000000003ffea525       0x35 /opt/sming/Sming/compiler/lib//libsming.a(escape.o)
 .rodata._ZZ12uri_unescapeE12__FUNCTION__
                0x000000003ffea55a        0xd /opt/sming/Sming/compiler/lib//libsming.a(escape.o)
 .rodata.str1.1
                0x0000000000000000       0x17 /opt/sming/Sming/compiler/lib//libsming.a(websocket.o)
 .rodata._ZZ17wsParseInputFramePhjPS_PjE12__FUNCTION__
                0x000000003ffea567       0x12 /opt/sming/Sming/compiler/lib//libsming.a(websocket.o)
 .rodata._ZZ11wsMakeFramePKhjPhPj11wsFrameTypeE12__FUNCTION__
                0x000000003ffea579        0xc /opt/sming/Sming/compiler/lib//libsming.a(websocket.o)
 *fill*         0x000000003ffea585        0x3 
 .rodata._ZTV3LCD
                0x000000003ffea588       0x20 /opt/sming/Sming/compiler/lib//libsming.a(LCD.o)
                0x000000003ffea588                vtable for LCD
 .rodata._ZTV17LiquidCrystal_I2C
                0x000000003ffea5a8       0x20 /opt/sming/Sming/compiler/lib//libsming.a(LiquidCrystal_I2C.o)
                0x000000003ffea5a8                vtable for LiquidCrystal_I2C
 .rodata.str1.1
                0x000000003ffea5c8       0x59 /opt/sming/Sming/compiler/lib//libsming.a(flashmem.o)
 *fill*         0x000000003ffea621        0x3 
 .rodata.CSWTCH$11
                0x000000003ffea624       0x14 /opt/sming/Sming/compiler/lib//libsming.a(flashmem.o)
 .rodata._ZTV13SoftI2cMaster
                0x000000003ffea638       0x1c /opt/sming/Sming/compiler/lib//libsming.a(I2cMaster.o)
                0x000000003ffea638                vtable for SoftI2cMaster
 .rodata.str1.1
                0x000000003ffea654       0x1e /opt/sming/Sming/compiler/lib//libsming.a(TcpClient.o)
 *fill*         0x000000003ffea672        0x2 
 .rodata._ZTV9TcpClient
                0x000000003ffea674       0x3c /opt/sming/Sming/compiler/lib//libsming.a(TcpClient.o)
                0x000000003ffea674                vtable for TcpClient
 .rodata.str1.1
                0x0000000000000000        0x1 /opt/sming/Sming/compiler/lib//libsming.a(CommandDelegate.o)
 *(.gnu.linkonce.r.*)
 *(.rodata1)
                0x000000003ffea6b0                __XT_EXCEPTION_TABLE__ = ABSOLUTE (.)
 *(.xt_except_table)
 *(.gcc_except_table)
 *(.gnu.linkonce.e.*)
 *(.gnu.version_r)
 *(.eh_frame)
                0x000000003ffea6b0                . = ((. + 0x3) & 0xfffffffffffffffc)
                0x000000003ffea6b0                __dso_handle = ABSOLUTE (.)
                0x000000003ffea6b0                __init_array_start = ABSOLUTE (.)
 *crtbegin.o(.ctors)
 *(EXCLUDE_FILE(*crtend.o) .ctors)
 .ctors         0x000000003ffea6b0        0x4 /opt/sming/Sming/compiler/lib//libsming.a(user_main.o)
 .ctors         0x000000003ffea6b4        0x4 /opt/sming/Sming/compiler/lib//libsming.a(System.o)
 .ctors         0x000000003ffea6b8        0x4 /opt/sming/Sming/compiler/lib//libsming.a(m_printf.o)
 .ctors         0x000000003ffea6bc        0x4 /opt/sming/Sming/compiler/lib//libsming.a(IPAddress.o)
 .ctors         0x000000003ffea6c0        0x4 /opt/sming/Sming/compiler/lib//libsming.a(Print.o)
 .ctors         0x000000003ffea6c4        0x4 /opt/sming/Sming/compiler/lib//libsming.a(WString.o)
 .ctors         0x000000003ffea6c8        0x4 /opt/sming/Sming/compiler/lib//libsming.a(Interrupts.o)
 .ctors         0x000000003ffea6cc        0x4 /opt/sming/Sming/compiler/lib//libsming.a(Digital.o)
 .ctors         0x000000003ffea6d0        0x4 out/build/app_app.a(application.o)
 .ctors         0x000000003ffea6d4        0x4 /opt/sming/Sming/compiler/lib//libsming.a(Clock.o)
 .ctors         0x000000003ffea6d8        0x4 /opt/sming/Sming/compiler/lib//libsming.a(DataSourceStream.o)
 .ctors         0x000000003ffea6dc        0x4 /opt/sming/Sming/compiler/lib//libsming.a(HardwareSerial.o)
 .ctors         0x000000003ffea6e0        0x4 /opt/sming/Sming/compiler/lib//libsming.a(SystemClock.o)
 .ctors         0x000000003ffea6e4        0x4 /opt/sming/Sming/compiler/lib//libsming.a(Wire.o)
 .ctors         0x000000003ffea6e8        0x4 /opt/sming/Sming/compiler/lib//libsming.a(HttpRequest.o)
 .ctors         0x000000003ffea6ec        0x4 /opt/sming/Sming/compiler/lib//libsming.a(HttpResponse.o)
 .ctors         0x000000003ffea6f0        0x4 /opt/sming/Sming/compiler/lib//libsming.a(HttpServer.o)
 .ctors         0x000000003ffea6f4        0x4 /opt/sming/Sming/compiler/lib//libsming.a(HttpServerConnection.o)
 .ctors         0x000000003ffea6f8        0x4 /opt/sming/Sming/compiler/lib//libsming.a(NtpClient.o)
 .ctors         0x000000003ffea6fc        0x4 /opt/sming/Sming/compiler/lib//libsming.a(TcpConnection.o)
 .ctors         0x000000003ffea700        0x4 /opt/sming/Sming/compiler/lib//libsming.a(TcpServer.o)
 .ctors         0x000000003ffea704        0x4 /opt/sming/Sming/compiler/lib//libsming.a(UdpConnection.o)
 .ctors         0x000000003ffea708        0x4 /opt/sming/Sming/compiler/lib//libsming.a(WebSocket.o)
 .ctors         0x000000003ffea70c        0x4 /opt/sming/Sming/compiler/lib//libsming.a(AccessPoint.o)
 .ctors         0x000000003ffea710        0x4 /opt/sming/Sming/compiler/lib//libsming.a(RTC.o)
 .ctors         0x000000003ffea714        0x4 /opt/sming/Sming/compiler/lib//libsming.a(Station.o)
 .ctors         0x000000003ffea718        0x4 /opt/sming/Sming/compiler/lib//libsming.a(WDT.o)
 .ctors         0x000000003ffea71c        0x4 /opt/sming/Sming/compiler/lib//libsming.a(ArduinoJson.o)
 .ctors         0x000000003ffea720        0x4 /opt/sming/Sming/compiler/lib//libsming.a(CommandExecutor.o)
 .ctors         0x000000003ffea724        0x4 /opt/sming/Sming/compiler/lib//libsming.a(CommandHandler.o)
 .ctors         0x000000003ffea728        0x4 /opt/sming/Sming/compiler/lib//libsming.a(CommandOutput.o)
 .ctors         0x000000003ffea72c        0x4 /opt/sming/Sming/compiler/lib//libsming.a(DateTime.o)
 .ctors         0x000000003ffea730        0x4 /opt/sming/Sming/compiler/lib//libsming.a(LCD.o)
 .ctors         0x000000003ffea734        0x4 /opt/sming/Sming/compiler/lib//libsming.a(LiquidCrystal_I2C.o)
 .ctors         0x000000003ffea738        0x4 /opt/sming/Sming/compiler/lib//libsming.a(I2cMaster.o)
 .ctors         0x000000003ffea73c        0x4 /opt/sming/Sming/compiler/lib//libsming.a(TcpClient.o)
 .ctors         0x000000003ffea740        0x4 /opt/sming/Sming/compiler/lib//libsming.a(CommandDelegate.o)
 .ctors         0x000000003ffea744        0x4 /opt/sming/Sming/compiler/lib//libsming.a(I2CIO.o)
 *(SORT(.ctors.*))
 *(.ctors)
                0x000000003ffea748                __init_array_end = ABSOLUTE (.)
 *crtbegin.o(.dtors)
 *(EXCLUDE_FILE(*crtend.o) .dtors)
 .dtors         0x000000003ffea748        0x4 /opt/sming/Sming/compiler/lib//libsming.a(System.o)
 .dtors         0x000000003ffea74c        0x4 /opt/sming/Sming/compiler/lib//libsming.a(Interrupts.o)
 .dtors         0x000000003ffea750        0x4 out/build/app_app.a(application.o)
 .dtors         0x000000003ffea754        0x4 /opt/sming/Sming/compiler/lib//libsming.a(HardwareSerial.o)
 .dtors         0x000000003ffea758        0x4 /opt/sming/Sming/compiler/lib//libsming.a(Wire.o)
 .dtors         0x000000003ffea75c        0x4 /opt/sming/Sming/compiler/lib//libsming.a(Station.o)
 .dtors         0x000000003ffea760        0x4 /opt/sming/Sming/compiler/lib//libsming.a(CommandHandler.o)
 *(SORT(.dtors.*))
 *(.dtors)
                0x000000003ffea764                __XT_EXCEPTION_DESCS__ = ABSOLUTE (.)
 *(.xt_except_desc)
 *(.gnu.linkonce.h.*)
                0x000000003ffea764                __XT_EXCEPTION_DESCS_END__ = ABSOLUTE (.)
 *(.xt_except_desc_end)
 *(.dynamic)
 *(.gnu.version_d)
                0x000000003ffea764                . = ALIGN (0x4)
                0x000000003ffea764                _bss_table_start = ABSOLUTE (.)
                0x000000003ffea764        0x4 LONG 0x3ffea770 _bss_start
                0x000000003ffea768        0x4 LONG 0x3fff1b38 _bss_end
                0x000000003ffea76c                _bss_table_end = ABSOLUTE (.)
                0x000000003ffea76c                _rodata_end = ABSOLUTE (.)

.bss            0x000000003ffea770     0x73c8
                0x000000003ffea770                . = ALIGN (0x8)
                0x000000003ffea770                _bss_start = ABSOLUTE (.)
 *(.dynsbss)
 *(.sbss)
 *(.sbss.*)
 *(.gnu.linkonce.sb.*)
 *(.scommon)
 *(.sbss2)
 *(.sbss2.*)
 *(.gnu.linkonce.sb2.*)
 *(.dynbss)
 *(.bss)
 .bss           0x000000003ffea770      0x1c0 /opt/esp-open-sdk/sdk/lib/libmain.a(nmi-vector.o)
 .bss           0x000000003ffea930       0x41 /opt/esp-open-sdk/sdk/lib/libmain.a(app_main.o)
                0x000000003ffea934                info
                0x000000003ffea958                lwip_timer_interval
                0x000000003ffea95c                check_timeouts_timer
                0x000000003ffea970                user_init_flag
 *fill*         0x000000003ffea971        0xf 
 .bss           0x000000003ffea980       0x30 /opt/esp-open-sdk/sdk/lib/libmain.a(ets_timer.o)
                0x000000003ffea980                timer_list
                0x000000003ffea984                debug_timer
                0x000000003ffea988                debug_timerfn
 .bss           0x000000003ffea9b0       0x3c /opt/esp-open-sdk/sdk/lib/libmain.a(mem_manager.o)
 .bss           0x000000003ffea9ec        0x4 /opt/esp-open-sdk/sdk/lib/libmain.a(spi_flash.o)
                0x000000003ffea9ec                flash_read
 .bss           0x000000003ffea9f0      0x242 /opt/esp-open-sdk/sdk/lib/libmain.a(user_interface.o)
                0x000000003ffeaae7                deep_sleep_flag
                0x000000003ffeaae8                cpu_overclock
                0x000000003ffeaaec                event_cb
                0x000000003ffeaaf0                status_led_output_level
                0x000000003ffeaaf4                done_cb
                0x000000003ffeaaf8                rst_if
                0x000000003ffeab14                default_interface
                0x000000003ffeab15                OpmodChgIsOnGoing
                0x000000003ffeab18                promiscuous_cb
                0x000000003ffeab30                event_TaskQueue
 *fill*         0x000000003ffeac32        0x2 
 .bss           0x000000003ffeac34        0xc /opt/esp-open-sdk/sdk/lib/libmain.a(eagle_lwip_if.o)
                0x000000003ffeac34                hostname
 .bss           0x000000003ffeac40        0x4 /opt/sming/Sming/compiler/lib//libmicroc.a(__errno_location.o)
 .bss           0x000000003ffeac44        0x4 /opt/esp-open-sdk/sdk/lib/libphy.a(phy.o)
 .bss           0x000000003ffeac48        0x2 /opt/esp-open-sdk/sdk/lib/libphy.a(phy_chip_v6_ana.o)
                0x000000003ffeac48                tout_dis_txpwr_track
                0x000000003ffeac49                sleep_mode_flag
 *fill*         0x000000003ffeac4a        0x6 
 .bss           0x000000003ffeac50      0x160 /opt/esp-open-sdk/sdk/lib/libphy.a(phy_chip_v6.o)
                0x000000003ffeac50                g_phyFuns
                0x000000003ffeac54                rxiq_compute_num
                0x000000003ffeac58                rx_table_renew_en
                0x000000003ffeac5c                check_result
                0x000000003ffeac60                chip6_sleep_params
                0x000000003ffeacf4                chip6_phy_init_ctrl
                0x000000003ffead68                phy_freq_offset
                0x000000003ffead6a                do_pwctrl_flag
                0x000000003ffead6b                pwctrl_debug
                0x000000003ffead6c                txbk_dpdby_flag
                0x000000003ffead6e                sw_scan_mode
                0x000000003ffead6f                rxmax_ext_level
                0x000000003ffead70                phy_rx_gain_dc_table
                0x000000003ffead84                periodic_cal_dc_num
                0x000000003ffead88                periodic_cal_flag
                0x000000003ffead89                bbpll_cal_flag
                0x000000003ffead8a                phy_in_most_power
                0x000000003ffead8b                init_rf_no_cal
                0x000000003ffead8c                test_print_time
                0x000000003ffead90                phy_rx_gain_dc_flag
                0x000000003ffead91                phy_in_vdd33_offset
                0x000000003ffead92                phy_set_most_tpw_disbg
                0x000000003ffead93                phy_set_most_tpw_index
                0x000000003ffead94                adc_rand_noise
                0x000000003ffead98                dpd_bypass_original
                0x000000003ffeada0                noise_array
 .bss           0x000000003ffeadb0        0x8 /opt/esp-open-sdk/sdk/lib/libphy.a(phy_chip_v6_cal.o)
                0x000000003ffeadb0                phy_tx_power_out
                0x000000003ffeadb2                loop_pwctrl_pwdet_error_accum_high_power
                0x000000003ffeadb4                tx_pwctrl_pk_num
                0x000000003ffeadb5                tx_pwctrl_track_num
                0x000000003ffeadb6                loop_pwctrl_correct_atten_high_power
                0x000000003ffeadb7                rxiq_cover_fail_num
 .bss           0x000000003ffeadb8        0x7 /opt/esp-open-sdk/sdk/lib/libphy.a(phy_sleep.o)
                0x000000003ffeadb8                periodic_cal_sat
                0x000000003ffeadba                lslp_mem_opt_8266
                0x000000003ffeadbc                software_slp_reject
                0x000000003ffeadbd                SDIO_slp_reject
                0x000000003ffeadbe                hardware_reject
 *fill*         0x000000003ffeadbf        0x1 
 .bss           0x000000003ffeadc0       0x40 /opt/esp-open-sdk/sdk/lib/libpp.a(if_hwctrl.o)
                0x000000003ffeadc0                interface_mask
                0x000000003ffeade0                if_ctrl
 .bss           0x000000003ffeae00      0x150 /opt/esp-open-sdk/sdk/lib/libpp.a(lmac.o)
                0x000000003ffeae04                lmacConfMib
 .bss           0x000000003ffeaf50      0x11a /opt/esp-open-sdk/sdk/lib/libpp.a(pm.o)
                0x000000003ffeaf50                pmc
                0x000000003ffeb030                flash_tmp
 *fill*         0x000000003ffeb06a        0x2 
 .bss           0x000000003ffeb06c       0x34 /opt/esp-open-sdk/sdk/lib/libpp.a(pm_for_bcn_only_mode.o)
 .bss           0x000000003ffeb0a0      0x322 /opt/esp-open-sdk/sdk/lib/libpp.a(pp.o)
                0x000000003ffeb0b8                pend_flag_noise_check
                0x000000003ffeb0c0                pend_flag_periodic_cal
                0x000000003ffeb0d8                idle_timer_reopen_flag
                0x000000003ffeb0da                dbg_stop_sw_wdt
                0x000000003ffeb0db                dbg_stop_hw_wdt
                0x000000003ffeb0dd                total_buffed_eb_num
                0x000000003ffeb0e0                HighestFreqOffsetInOneChk
                0x000000003ffeb0e2                LowestFreqOffsetInOneChk
                0x000000003ffeb0e4                DefFreqCalTimer
                0x000000003ffeb0f8                PktNumInOneChk
                0x000000003ffeb280                buffed_eb_arr
 *fill*         0x000000003ffeb3c2        0xe 
 .bss           0x000000003ffeb3d0      0x100 /opt/esp-open-sdk/sdk/lib/libpp.a(rate_control.o)
 .bss           0x000000003ffeb4d0      0x46c /opt/esp-open-sdk/sdk/lib/libpp.a(trc.o)
 *fill*         0x000000003ffeb93c        0x4 
 .bss           0x000000003ffeb940     0x2f88 /opt/esp-open-sdk/sdk/lib/libpp.a(wdev.o)
                0x000000003ffeb940                wDevCtrl
                0x000000003ffebae8                WdevTimOffSet
 *fill*         0x000000003ffee8c8        0x8 
 .bss           0x000000003ffee8d0      0xac4 /opt/esp-open-sdk/sdk/lib/libpp.a(esf_buf.o)
 .bss           0x000000003ffef394      0x67c /opt/esp-open-sdk/sdk/lib/libnet80211.a(ieee80211.o)
                0x000000003ffef394                g_ic
 .bss           0x000000003ffefa10       0x56 /opt/esp-open-sdk/sdk/lib/libnet80211.a(ieee80211_hostap.o)
                0x000000003ffefa10                BcnEb_update
                0x000000003ffefa1d                BcnWithMcastSendStart
                0x000000003ffefa1e                BcnWithMcastSendCnt
                0x000000003ffefa38                PendFreeBcnEb
                0x000000003ffefa3c                ApFreqCalTimer
                0x000000003ffefa50                APRecvBcnStartTick
 *fill*         0x000000003ffefa66        0x2 
 .bss           0x000000003ffefa68       0xc8 /opt/esp-open-sdk/sdk/lib/libnet80211.a(ieee80211_scan.o)
                0x000000003ffefa68                gScanStruct
                0x000000003ffefb14                connect_scan_flag
                0x000000003ffefb15                FreqCalCntForScan
                0x000000003ffefb16                TestStaFreqCalValInput
                0x000000003ffefb18                auth_type
                0x000000003ffefb1a                scannum
 .bss           0x000000003ffefb30       0x10 /opt/esp-open-sdk/sdk/lib/libnet80211.a(ieee80211_sta.o)
 .bss           0x000000003ffefb40       0x3c /opt/esp-open-sdk/sdk/lib/libnet80211.a(wl_chm.o)
 *fill*         0x000000003ffefb7c        0x4 
 .bss           0x000000003ffefb80      0x37a /opt/esp-open-sdk/sdk/lib/libnet80211.a(wl_cnx.o)
                0x000000003ffefee0                sta_con_timer
                0x000000003ffefef4                g_cnx_probe_rc_list_cb
                0x000000003ffefef8                reconnect_flag
                0x000000003ffefef9                no_ap_found_index
 *fill*         0x000000003ffefefa        0x2 
 .bss           0x000000003ffefefc       0x10 /opt/esp-open-sdk/sdk/lib/libnet80211.a(ieee80211_action_vendor.o)
 *fill*         0x000000003ffeff0c        0x4 
 .bss           0x000000003ffeff10       0x38 /opt/esp-open-sdk/sdk/lib/liblwip.a(dhcp.o)
                0x000000003ffeff10                dhcp_rx_options_given
                0x000000003ffeff20                dhcp_rx_options_val
 .bss           0x000000003ffeff48       0x28 /opt/esp-open-sdk/sdk/lib/liblwip.a(dhcpserver.o)
 .bss           0x000000003ffeff70      0x480 /opt/esp-open-sdk/sdk/lib/liblwip.a(dns.o)
 .bss           0x000000003fff03f0       0x78 /opt/esp-open-sdk/sdk/lib/liblwip.a(espconn_tcp.o)
                0x000000003fff03f0                espconn_TaskQueue
 *fill*         0x000000003fff0468        0x8 
 .bss           0x000000003fff0470      0x100 /opt/esp-open-sdk/sdk/lib/liblwip.a(etharp.o)
                0x000000003fff0474                ethzero
 .bss           0x000000003fff0570       0x10 /opt/esp-open-sdk/sdk/lib/liblwip.a(ip_addr.o)
 .bss           0x000000003fff0580       0x12 /opt/esp-open-sdk/sdk/lib/liblwip.a(ip.o)
                0x000000003fff0580                current_iphdr_dest
                0x000000003fff0584                current_iphdr_src
                0x000000003fff0588                current_netif
                0x000000003fff058c                current_header
 *fill*         0x000000003fff0592        0xe 
 .bss           0x000000003fff05a0      0x421 /opt/esp-open-sdk/sdk/lib/liblwip.a(mdns.o)
                0x000000003fff05a4                PUCK_SERVICE
                0x000000003fff05ac                PUCK_PORT
                0x000000003fff05bc                mdns_timer
 *fill*         0x000000003fff09c1        0x3 
 .bss           0x000000003fff09c4        0x9 /opt/esp-open-sdk/sdk/lib/liblwip.a(netif.o)
                0x000000003fff09c4                netif_list
                0x000000003fff09c8                netif_default
 *fill*         0x000000003fff09cd        0x3 
 .bss           0x000000003fff09d0        0x4 /opt/esp-open-sdk/sdk/lib/liblwip.a(raw.o)
 .bss           0x000000003fff09d4       0x34 /opt/esp-open-sdk/sdk/lib/liblwip.a(tcp_in.o)
                0x000000003fff0a04                tcp_input_pcb
 .bss           0x000000003fff0a08       0x1c /opt/esp-open-sdk/sdk/lib/liblwip.a(tcp.o)
                0x000000003fff0a0c                tcp_active_pcbs
                0x000000003fff0a10                tcp_tmp_pcb
                0x000000003fff0a14                tcp_tw_pcbs
                0x000000003fff0a18                tcp_bound_pcbs
                0x000000003fff0a1c                tcp_listen_pcbs
                0x000000003fff0a20                tcp_ticks
 .bss           0x000000003fff0a24        0xc /opt/esp-open-sdk/sdk/lib/liblwip.a(timers.o)
 .bss           0x000000003fff0a30        0x4 /opt/esp-open-sdk/sdk/lib/liblwip.a(udp.o)
                0x000000003fff0a30                udp_pcbs
 *fill*         0x000000003fff0a34        0xc 
 .bss           0x000000003fff0a40      0x104 /opt/esp-open-sdk/sdk/lib/liblwip.a(espconn.o)
                0x000000003fff0a40                plink_active
                0x000000003fff0a44                pserver_list
                0x000000003fff0a50                premot
                0x000000003fff0b10                pktinfo
 .bss           0x000000003fff0b44        0xc /opt/esp-open-sdk/sdk/lib/liblwip.a(igmp.o)
 .bss           0x000000003fff0b50      0x26a /opt/esp-open-sdk/sdk/lib/libwpa.a(wpa.o)
 *fill*         0x000000003fff0dba        0x6 
 .bss           0x000000003fff0dc0        0x8 /opt/esp-open-sdk/sdk/lib/libnet80211.a(ieee80211_crypto_tkip.o)
 *(.bss.*)
 .bss._ZL5ESP01
                0x000000003fff0dc8       0x30 /opt/sming/Sming/compiler/lib//libsming.a(user_main.o)
 .bss._ZL11INADDR_NONE
                0x000000003fff0df8        0x8 /opt/sming/Sming/compiler/lib//libsming.a(user_main.o)
 .bss.System    0x000000003fff0e00       0x2c /opt/sming/Sming/compiler/lib//libsming.a(System.o)
                0x000000003fff0e00                System
 .bss._ZL5ESP01
                0x000000003fff0e2c       0x30 /opt/sming/Sming/compiler/lib//libsming.a(m_printf.o)
 .bss._ZL11INADDR_NONE
                0x000000003fff0e5c        0x8 /opt/sming/Sming/compiler/lib//libsming.a(m_printf.o)
 .bss._ZL5ESP01
                0x000000003fff0e64       0x30 /opt/sming/Sming/compiler/lib//libsming.a(IPAddress.o)
 .bss._ZL11INADDR_NONE
                0x000000003fff0e94        0x8 /opt/sming/Sming/compiler/lib//libsming.a(Print.o)
 .bss._ZZN6StringixEjE19dummy_writable_char
                0x000000003fff0e9c        0x1 /opt/sming/Sming/compiler/lib//libsming.a(WString.o)
 *fill*         0x000000003fff0e9d        0x3 
 .bss._ZL11INADDR_NONE
                0x000000003fff0ea0        0x8 /opt/sming/Sming/compiler/lib//libsming.a(WString.o)
 .bss._delegateFunctionList
                0x000000003fff0ea8       0x40 /opt/sming/Sming/compiler/lib//libsming.a(Interrupts.o)
                0x000000003fff0ea8                _delegateFunctionList
 .bss._ZL11INADDR_NONE
                0x000000003fff0ee8        0x8 /opt/sming/Sming/compiler/lib//libsming.a(Interrupts.o)
 .bss._ZL11INADDR_NONE
                0x000000003fff0ef0        0x8 /opt/sming/Sming/compiler/lib//libsming.a(Digital.o)
 .bss.connectTimeout
                0x000000003fff0ef8        0x4 out/build/app_app.a(application.o)
                0x000000003fff0ef8                connectTimeout
 .bss.frequency
                0x000000003fff0efc        0x4 out/build/app_app.a(application.o)
                0x000000003fff0efc                frequency
 .bss.power     0x000000003fff0f00        0x4 out/build/app_app.a(application.o)
                0x000000003fff0f00                power
 .bss.enhance   0x000000003fff0f04        0x4 out/build/app_app.a(application.o)
                0x000000003fff0f04                enhance
 .bss.source    0x000000003fff0f08        0x4 out/build/app_app.a(application.o)
                0x000000003fff0f08                source
 .bss.mute      0x000000003fff0f0c        0x4 out/build/app_app.a(application.o)
                0x000000003fff0f0c                mute
 .bss.PT2258_CEN_10DB
                0x000000003fff0f10        0x4 out/build/app_app.a(application.o)
                0x000000003fff0f10                PT2258_CEN_10DB
 .bss.CHAN_ALL  0x000000003fff0f14        0x4 out/build/app_app.a(application.o)
                0x000000003fff0f14                CHAN_ALL
 .bss.DEVICE_REG_MODE1
                0x000000003fff0f18        0x4 out/build/app_app.a(application.o)
                0x000000003fff0f18                DEVICE_REG_MODE1
 .bss.totalActiveSockets
                0x000000003fff0f1c        0x4 out/build/app_app.a(application.o)
                0x000000003fff0f1c                totalActiveSockets
 .bss.clockClient
                0x000000003fff0f20        0x4 out/build/app_app.a(application.o)
                0x000000003fff0f20                clockClient
 *fill*         0x000000003fff0f24        0x4 
 .bss.printTimer
                0x000000003fff0f28       0x30 out/build/app_app.a(application.o)
                0x000000003fff0f28                printTimer
 .bss.server    0x000000003fff0f58       0x80 out/build/app_app.a(application.o)
                0x000000003fff0f58                server
 .bss.lcd       0x000000003fff0fd8       0x24 out/build/app_app.a(application.o)
                0x000000003fff0fd8                lcd
 .bss._ZL5ESP01
                0x000000003fff0ffc       0x30 out/build/app_app.a(application.o)
 .bss._ZL11INADDR_NONE
                0x000000003fff102c        0x8 out/build/app_app.a(application.o)
 .bss.spiffs_cache
                0x000000003fff1034      0x480 /opt/sming/Sming/compiler/lib//libsming.a(spiffs_sming.o)
 .bss.spiffs_fds
                0x000000003fff14b4       0xe0 /opt/sming/Sming/compiler/lib//libsming.a(spiffs_sming.o)
 .bss.spiffs_work_buf
                0x000000003fff1594      0x200 /opt/sming/Sming/compiler/lib//libsming.a(spiffs_sming.o)
 .bss._ZL11INADDR_NONE
                0x000000003fff1794        0x8 /opt/sming/Sming/compiler/lib//libsming.a(Clock.o)
 .bss._ZL11INADDR_NONE
                0x000000003fff179c        0x8 /opt/sming/Sming/compiler/lib//libsming.a(DataSourceStream.o)
 .bss.Serial    0x000000003fff17a4       0x18 /opt/sming/Sming/compiler/lib//libsming.a(HardwareSerial.o)
                0x000000003fff17a4                Serial
 .bss._ZN14HardwareSerial10memberDataE
                0x000000003fff17bc       0x18 /opt/sming/Sming/compiler/lib//libsming.a(HardwareSerial.o)
                0x000000003fff17bc                HardwareSerial::memberData
 .bss._ZL11INADDR_NONE
                0x000000003fff17d4        0x8 /opt/sming/Sming/compiler/lib//libsming.a(HardwareSerial.o)
 *fill*         0x000000003fff17dc        0x4 
 .bss.SystemClock
                0x000000003fff17e0       0x18 /opt/sming/Sming/compiler/lib//libsming.a(SystemClock.o)
                0x000000003fff17e0                SystemClock
 .bss._ZL11INADDR_NONE
                0x000000003fff17f8        0x8 /opt/sming/Sming/compiler/lib//libsming.a(SystemClock.o)
 .bss.Wire      0x000000003fff1800       0x8c /opt/sming/Sming/compiler/lib//libsming.a(Wire.o)
                0x000000003fff1800                Wire
 .bss._ZL11INADDR_NONE
                0x000000003fff188c        0x8 /opt/sming/Sming/compiler/lib//libsming.a(Wire.o)
 .bss._ZL11INADDR_NONE
                0x000000003fff1894        0x8 /opt/sming/Sming/compiler/lib//libsming.a(HttpRequest.o)
 .bss._ZL11INADDR_NONE
                0x000000003fff189c        0x8 /opt/sming/Sming/compiler/lib//libsming.a(HttpResponse.o)
 .bss._ZL11INADDR_NONE
                0x000000003fff18a4        0x8 /opt/sming/Sming/compiler/lib//libsming.a(HttpServer.o)
 .bss._ZL11INADDR_NONE
                0x000000003fff18ac        0x8 /opt/sming/Sming/compiler/lib//libsming.a(HttpServerConnection.o)
 .bss._ZL11INADDR_NONE
                0x000000003fff18b4        0x8 /opt/sming/Sming/compiler/lib//libsming.a(NtpClient.o)
 .bss._ZL11INADDR_NONE
                0x000000003fff18bc        0x8 /opt/sming/Sming/compiler/lib//libsming.a(TcpConnection.o)
 .bss._ZN9TcpServer16totalConnectionsE
                0x000000003fff18c4        0x2 /opt/sming/Sming/compiler/lib//libsming.a(TcpServer.o)
                0x000000003fff18c4                TcpServer::totalConnections
 *fill*         0x000000003fff18c6        0x2 
 .bss._ZL11INADDR_NONE
                0x000000003fff18c8        0x8 /opt/sming/Sming/compiler/lib//libsming.a(TcpServer.o)
 .bss._ZL11INADDR_NONE
                0x000000003fff18d0        0x8 /opt/sming/Sming/compiler/lib//libsming.a(UdpConnection.o)
 .bss._ZL11INADDR_NONE
                0x000000003fff18d8        0x8 /opt/sming/Sming/compiler/lib//libsming.a(WebSocket.o)
 .bss.WifiAccessPoint
                0x000000003fff18e0        0x8 /opt/sming/Sming/compiler/lib//libsming.a(AccessPoint.o)
                0x000000003fff18e0                WifiAccessPoint
 .bss._ZL5ESP01
                0x000000003fff18e8       0x30 /opt/sming/Sming/compiler/lib//libsming.a(AccessPoint.o)
 .bss._ZL11INADDR_NONE
                0x000000003fff1918        0x8 /opt/sming/Sming/compiler/lib//libsming.a(AccessPoint.o)
 .bss.RTC       0x000000003fff1920        0x1 /opt/sming/Sming/compiler/lib//libsming.a(RTC.o)
                0x000000003fff1920                RTC
 *fill*         0x000000003fff1921        0x3 
 .bss.WifiStation
                0x000000003fff1924       0x24 /opt/sming/Sming/compiler/lib//libsming.a(Station.o)
                0x000000003fff1924                WifiStation
 .bss._ZL5ESP01
                0x000000003fff1948       0x30 /opt/sming/Sming/compiler/lib//libsming.a(Station.o)
 .bss._ZL11INADDR_NONE
                0x000000003fff1978        0x8 /opt/sming/Sming/compiler/lib//libsming.a(Station.o)
 .bss.WDT       0x000000003fff1980        0x8 /opt/sming/Sming/compiler/lib//libsming.a(WDT.o)
                0x000000003fff1980                WDT
 .bss._ZN11ArduinoJson10JsonObject8_invalidE
                0x000000003fff1988        0x8 /opt/sming/Sming/compiler/lib//libsming.a(ArduinoJson.o)
                0x000000003fff1988                ArduinoJson::JsonObject::_invalid
 .bss._ZN11ArduinoJson9JsonArray8_invalidE
                0x000000003fff1990        0x8 /opt/sming/Sming/compiler/lib//libsming.a(ArduinoJson.o)
                0x000000003fff1990                ArduinoJson::JsonArray::_invalid
 .bss._ZL11INADDR_NONE
                0x000000003fff1998        0x8 /opt/sming/Sming/compiler/lib//libsming.a(CommandExecutor.o)
 .bss.commandHandler
                0x000000003fff19a0       0x1c /opt/sming/Sming/compiler/lib//libsming.a(CommandHandler.o)
                0x000000003fff19a0                commandHandler
 .bss._ZL11INADDR_NONE
                0x000000003fff19bc        0x8 /opt/sming/Sming/compiler/lib//libsming.a(CommandHandler.o)
 .bss._ZL11INADDR_NONE
                0x000000003fff19c4        0x8 /opt/sming/Sming/compiler/lib//libsming.a(CommandOutput.o)
 .bss._ZL5ESP01
                0x000000003fff19cc       0x30 /opt/sming/Sming/compiler/lib//libsming.a(DateTime.o)
 .bss._ZL11INADDR_NONE
                0x000000003fff19fc        0x8 /opt/sming/Sming/compiler/lib//libsming.a(DateTime.o)
 .bss._ZL5ESP01
                0x000000003fff1a04       0x30 /opt/sming/Sming/compiler/lib//libsming.a(LCD.o)
 .bss._ZL11INADDR_NONE
                0x000000003fff1a34        0x8 /opt/sming/Sming/compiler/lib//libsming.a(LCD.o)
 .bss._ZL5ESP01
                0x000000003fff1a3c       0x30 /opt/sming/Sming/compiler/lib//libsming.a(LiquidCrystal_I2C.o)
 .bss._ZL11INADDR_NONE
                0x000000003fff1a6c        0x8 /opt/sming/Sming/compiler/lib//libsming.a(LiquidCrystal_I2C.o)
 .bss._ZL11INADDR_NONE
                0x000000003fff1a74        0x8 /opt/sming/Sming/compiler/lib//libsming.a(I2cMaster.o)
 .bss._ZL11INADDR_NONE
                0x000000003fff1a7c        0x8 /opt/sming/Sming/compiler/lib//libsming.a(TcpClient.o)
 .bss._ZL11INADDR_NONE
                0x000000003fff1a84        0x8 /opt/sming/Sming/compiler/lib//libsming.a(CommandDelegate.o)
 .bss._ZL5ESP01
                0x000000003fff1a8c       0x30 /opt/sming/Sming/compiler/lib//libsming.a(I2CIO.o)
 .bss._ZL11INADDR_NONE
                0x000000003fff1abc        0x8 /opt/sming/Sming/compiler/lib//libsming.a(I2CIO.o)
 *(.gnu.linkonce.b.*)
 *(COMMON)
 COMMON         0x000000003fff1ac4       0x70 /opt/sming/Sming/compiler/lib//libsming.a(spiffs_sming.o)
                0x000000003fff1ac4                _filesystemStorageHandle
                0x000000003fff1b38                . = ALIGN (0x8)
 *fill*         0x000000003fff1b34        0x4 
                0x000000003fff1b38                _bss_end = ABSOLUTE (.)
                0x000000003fff1b38                _heap_start = ABSOLUTE (.)

.irom0.text     0x0000000040209000    0x41d7a
                0x0000000040209000                _irom0_text_start = ABSOLUTE (.)
 *(.irom0.literal .irom.literal .irom.text.literal .irom0.text .irom.text)
 .irom0.text    0x0000000040209000      0xa1d /opt/esp-open-sdk/sdk/lib/libmain.a(app_main.o)
                                        0xc31 (size before relaxing)
                0x00000000402091e8                wdt_init
                0x0000000040209290                user_uart_wait_tx_fifo_empty
                0x0000000040209544                user_rf_pre_init
 *fill*         0x0000000040209a1d        0x3 
 .irom0.text    0x0000000040209a20      0x186 /opt/esp-open-sdk/sdk/lib/libmain.a(ets_timer.o)
                                        0x1b2 (size before relaxing)
                0x0000000040209a28                ets_timer_done
                0x0000000040209a74                ets_timer_handler_isr
                0x0000000040209b44                ets_timer_init
 *fill*         0x0000000040209ba6        0x2 
 .irom0.text    0x0000000040209ba8       0xec /opt/esp-open-sdk/sdk/lib/libmain.a(mem_manager.o)
                                         0xf8 (size before relaxing)
                0x0000000040209ba8                check_memleak_debug_enable
                0x0000000040209c14                xPortGetFreeHeapSize
                0x0000000040209c1c                vPortInitialiseBlocks
 .irom0.text    0x0000000040209c94     0x3429 /opt/esp-open-sdk/sdk/lib/libmain.a(user_interface.o)
                                       0x3e31 (size before relaxing)
                0x0000000040209c98                system_set_os_print
                0x0000000040209ca8                system_get_os_print
                0x0000000040209e70                system_pp_recycle_rx_pkt
                0x0000000040209e84                system_adc_read
                0x0000000040209e9c                system_get_vdd33
                0x0000000040209eb4                system_restart_hook
                0x0000000040209ecc                system_restart_local
                0x0000000040209fac                system_restart
                0x000000004020a008                system_restore
                0x000000004020a070                system_get_flash_size_map
                0x000000004020a090                system_get_boot_version
                0x000000004020a0c8                system_get_test_result
                0x000000004020a0f0                system_get_userbin_addr
                0x000000004020a188                system_get_boot_mode
                0x000000004020a1b8                system_restart_enhance
                0x000000004020a2e8                system_upgrade_userbin_set
                0x000000004020a334                system_upgrade_userbin_check
                0x000000004020a374                system_upgrade_flag_set
                0x000000004020a388                system_upgrade_flag_check
                0x000000004020a3b0                system_upgrade_reboot
                0x000000004020a4e4                system_deep_sleep_instant
                0x000000004020a67c                system_deep_sleep
                0x000000004020a6dc                system_deep_sleep_set_option
                0x000000004020a6f8                system_phy_temperature_alert
                0x000000004020a70c                system_phy_set_max_tpw
                0x000000004020a720                system_phy_set_tpw_via_vdd33
                0x000000004020a734                system_phy_set_rfoption
                0x000000004020a748                system_phy_set_powerup_option
                0x000000004020a760                system_update_cpu_freq
                0x000000004020a7bc                system_get_cpu_freq
                0x000000004020a7d4                system_overclock
                0x000000004020a800                system_restoreclock
                0x000000004020a830                system_timer_reinit
                0x000000004020a848                system_relative_time
                0x000000004020a86c                system_station_got_ip_set
                0x000000004020a998                system_print_meminfo
                0x000000004020a9f8                system_get_free_heap_size
                0x000000004020aa10                system_get_chip_id
                0x000000004020aa34                system_rtc_clock_cali_proc
                0x000000004020aa48                system_get_rtc_time
                0x000000004020aa5c                system_mktime
                0x000000004020ab2c                system_init_done_cb
                0x000000004020ab34                system_get_rst_info
                0x000000004020ab3c                system_get_data_of_array_8
                0x000000004020ab60                system_get_data_of_array_16
                0x000000004020ab88                system_get_string_from_flash
                0x000000004020abf4                wifi_softap_dhcps_start
                0x000000004020ac3c                wifi_softap_dhcps_stop
                0x000000004020ac7c                wifi_softap_dhcps_status
                0x000000004020ac84                wifi_station_dhcpc_start
                0x000000004020acdc                wifi_station_dhcpc_stop
                0x000000004020ad1c                wifi_station_dhcpc_event
                0x000000004020ad90                wifi_station_dhcpc_set_maxtry
                0x000000004020ada0                wifi_station_dhcpc_status
                0x000000004020ae18                wifi_get_opmode
                0x000000004020ae2c                wifi_get_opmode_default
                0x000000004020aea8                wifi_get_broadcast_if
                0x000000004020aee4                wifi_set_broadcast_if
                0x000000004020b044                wifi_set_opmode
                0x000000004020b058                wifi_set_opmode_current
                0x000000004020b06c                system_get_checksum
                0x000000004020b0ac                wifi_param_save_protect_with_check
                0x000000004020b140                system_param_save_with_protect
                0x000000004020b1e8                system_save_sys_param
                0x000000004020b214                system_param_load
                0x000000004020b34c                wifi_station_get_config
                0x000000004020b360                wifi_station_get_config_default
                0x000000004020b380                wifi_station_get_ap_info
                0x000000004020b438                wifi_station_ap_number_set
                0x000000004020b79c                wifi_station_set_config
                0x000000004020b7b4                wifi_station_set_config_current
                0x000000004020b7cc                wifi_station_restore_config
                0x000000004020b7e4                wifi_station_get_current_ap_id
                0x000000004020b7f8                wifi_station_ap_check
                0x000000004020b840                wifi_station_ap_change
                0x000000004020b96c                wifi_station_scan
                0x000000004020b9b8                wifi_station_get_auto_connect
                0x000000004020b9cc                wifi_station_set_auto_connect
                0x000000004020ba1c                wifi_station_save_pmk2cache
                0x000000004020bad0                wifi_station_connect
                0x000000004020bb64                wifi_station_disconnect
                0x000000004020bc24                wifi_station_get_connect_status
                0x000000004020bc54                wifi_station_set_reconnect_policy
                0x000000004020bc6c                wifi_station_get_reconnect_policy
                0x000000004020bc74                wifi_station_get_rssi
                0x000000004020bcc4                wifi_station_set_default_hostname
                0x000000004020bd2c                wifi_station_get_hostname
                0x000000004020bd5c                wifi_station_set_hostname
                0x000000004020bdfc                wifi_softap_cacl_mac
                0x000000004020be6c                wifi_softap_set_default_ssid
                0x000000004020c04c                wifi_softap_get_config
                0x000000004020c060                wifi_softap_get_config_default
                0x000000004020c3b4                wifi_softap_set_config
                0x000000004020c3c8                wifi_softap_set_config_current
                0x000000004020c3dc                wifi_softap_set_station_info
                0x000000004020c448                wifi_softap_get_station_info
                0x000000004020c4f8                wifi_softap_free_station_info
                0x000000004020c540                wifi_softap_get_station_num
                0x000000004020c594                wifi_softap_deauth
                0x000000004020c644                wifi_softap_get_beacon_only_mode
                0x000000004020c658                wifi_softap_set_beacon_only_mode
                0x000000004020c6bc                wifi_register_user_ie_manufacturer_recv_cb
                0x000000004020c6d0                wifi_unregister_user_ie_manufacturer_recv_cb
                0x000000004020c704                wifi_set_user_ie
                0x000000004020c814                wifi_get_user_ie
                0x000000004020c848                wifi_get_phy_mode
                0x000000004020c850                wifi_set_phy_mode
                0x000000004020c918                wifi_set_sleep_type
                0x000000004020c934                wifi_get_sleep_type
                0x000000004020c94c                wifi_get_channel
                0x000000004020c964                wifi_set_channel
                0x000000004020c9a8                wifi_promiscuous_set_mac
                0x000000004020ca08                wifi_promiscuous_enable
                0x000000004020caec                wifi_set_promiscuous_rx_cb
                0x000000004020cafc                wifi_get_ip_info
                0x000000004020cb7c                wifi_set_ip_info
                0x000000004020cbf0                wifi_get_macaddr
                0x000000004020cc50                wifi_set_macaddr
                0x000000004020cd6c                wifi_enable_6m_rate
                0x000000004020cd74                wifi_get_user_fixed_rate
                0x000000004020cd94                wifi_set_user_fixed_rate
                0x000000004020cdb4                wifi_set_user_sup_rate
                0x000000004020cdf0                wifi_set_user_rate_limit
                0x000000004020ce14                wifi_get_user_limit_rate_mask
                0x000000004020ce1c                wifi_set_user_limit_rate_mask
                0x000000004020ce34                wifi_register_send_pkt_freedom_cb
                0x000000004020ce48                wifi_unregister_send_pkt_freedom_cb
                0x000000004020ce54                wifi_send_pkt_freedom
                0x000000004020cea0                wifi_rfid_locp_recv_open
                0x000000004020ceb4                wifi_rfid_locp_recv_close
                0x000000004020cec8                wifi_register_rfid_locp_recv_cb
                0x000000004020cedc                wifi_unregister_rfid_locp_recv_cb
                0x000000004020cef4                wifi_status_led_install
                0x000000004020cf28                wifi_status_led_uninstall
                0x000000004020cf4c                wifi_set_status_led_output_level
                0x000000004020cfa0                wifi_set_event_handler_cb
                0x000000004020cfe8                system_os_task
                0x000000004020d024                system_uart_swap
                0x000000004020d084                system_uart_de_swap
                0x000000004020d0b8                system_get_sdk_version
 *fill*         0x000000004020d0bd        0x3 
 .irom0.text    0x000000004020d0c0      0x610 /opt/esp-open-sdk/sdk/lib/libmain.a(eagle_lib.o)
                                        0x620 (size before relaxing)
                0x000000004020d0c4                divide
                0x000000004020d100                skip_atoi
                0x000000004020d280                ets_vsnprintf
                0x000000004020d5e0                ets_vsprintf
                0x000000004020d604                ets_sprintf
                0x000000004020d62c                ets_strcat
                0x000000004020d64c                ets_strrchr
                0x000000004020d678                ets_strchr
                0x000000004020d690                bit_popcount
                0x000000004020d6ac                ets_snprintf
 .irom0.text    0x000000004020d6d0      0x2f6 /opt/esp-open-sdk/sdk/lib/libmain.a(eagle_lwip_if.o)
                                        0x3b2 (size before relaxing)
                0x000000004020d788                eagle_lwip_if_alloc
                0x000000004020d938                eagle_lwip_if_free
                0x000000004020d9a4                eagle_lwip_getif
 *fill*         0x000000004020d9c6        0x2 
 .irom0.literal
                0x000000004020d9c8        0x0 /opt/sming/Sming/compiler/lib//libmicroc.a(atof.o)
                                          0x4 (size before relaxing)
 .irom0.literal
                0x000000004020d9c8        0x8 /opt/sming/Sming/compiler/lib//libmicroc.a(strtod.o)
                                         0x10 (size before relaxing)
 .irom0.literal
                0x000000004020d9d0       0x10 /opt/sming/Sming/compiler/lib//libmicroc.a(strtol.o)
                                         0x2c (size before relaxing)
 .irom0.literal
                0x000000004020d9e0        0x0 /opt/sming/Sming/compiler/lib//libmicroc.a(strchr.o)
                                          0x4 (size before relaxing)
 .irom0.literal
                0x000000004020d9e0        0x0 /opt/sming/Sming/compiler/lib//libmicroc.a(strrchr.o)
                                          0x4 (size before relaxing)
 .irom0.literal
                0x000000004020d9e0        0xc /opt/sming/Sming/compiler/lib//libmicroc.a(strchrnul.o)
 .irom0.literal
                0x000000004020d9ec        0x4 /opt/sming/Sming/compiler/lib//libmicroc.a(malloc.o)
                                         0x14 (size before relaxing)
 .irom0.literal
                0x000000004020d9f0        0x4 /opt/sming/Sming/compiler/lib//libmicroc.a(abort.o)
                                          0x8 (size before relaxing)
 .irom0.literal
                0x000000004020d9f4       0x98 /opt/sming/Sming/compiler/lib//libmicroc.a(floatscan.o)
                                        0x294 (size before relaxing)
 .irom0.literal
                0x000000004020da8c       0x24 /opt/sming/Sming/compiler/lib//libmicroc.a(intscan.o)
                                         0x84 (size before relaxing)
 .irom0.literal
                0x000000004020dab0        0x0 /opt/sming/Sming/compiler/lib//libmicroc.a(shgetc.o)
                                          0x4 (size before relaxing)
 .irom0.literal
                0x000000004020dab0        0x0 /opt/sming/Sming/compiler/lib//libmicroc.a(__uflow.o)
                                          0x4 (size before relaxing)
 .irom0.literal
                0x000000004020dab0        0x0 /opt/sming/Sming/compiler/lib//libmicroc.a(__toread.o)
                                          0x4 (size before relaxing)
 .irom0.literal
                0x000000004020dab0        0x0 /opt/sming/Sming/compiler/lib//libmicroc.a(fmodl.o)
                                          0x4 (size before relaxing)
 .irom0.literal
                0x000000004020dab0        0x4 /opt/sming/Sming/compiler/lib//libmicroc.a(scalbn.o)
                                         0x24 (size before relaxing)
 .irom0.literal
                0x000000004020dab4        0x0 /opt/sming/Sming/compiler/lib//libmicroc.a(scalbnl.o)
                                          0x4 (size before relaxing)
 .irom0.literal
                0x000000004020dab4        0x4 /opt/sming/Sming/compiler/lib//libmicroc.a(__errno_location.o)
 .irom0.literal
                0x000000004020dab8       0x10 /opt/sming/Sming/compiler/lib//libmicroc.a(fmod.o)
                                         0x38 (size before relaxing)
 .irom0.literal
                0x000000004020dac8        0x0 /opt/sming/Sming/compiler/lib//libmicroc.a(sprintf.o)
                                          0x4 (size before relaxing)
 .irom0.literal
                0x000000004020dac8        0x0 /opt/sming/Sming/compiler/lib//libmicroc.a(vsprintf.o)
                                          0x4 (size before relaxing)
 .irom0.literal
                0x000000004020dac8        0x0 /opt/sming/Sming/compiler/lib//libmicroc.a(memchr.o)
                                          0x8 (size before relaxing)
 .irom0.literal
                0x000000004020dac8        0x4 /opt/sming/Sming/compiler/lib//libmicrogcc.a(_divsf3.o)
                                         0x10 (size before relaxing)
 .irom0.text    0x000000004020dacc       0x14 /opt/sming/Sming/compiler/lib//libmicroc.a(atof.o)
                0x000000004020dacc                atof
 .irom0.text    0x000000004020dae0       0xad /opt/sming/Sming/compiler/lib//libmicroc.a(strtod.o)
                                         0xb1 (size before relaxing)
                0x000000004020db4c                strtof
                0x000000004020db68                strtod
                0x000000004020db7c                strtold
 *fill*         0x000000004020db8d        0x3 
 .irom0.text    0x000000004020db90       0xd9 /opt/sming/Sming/compiler/lib//libmicroc.a(strtol.o)
                                         0xe1 (size before relaxing)
                0x000000004020dc0c                strtoull
                0x000000004020dc24                strtoll
                0x000000004020dc3c                strtoul
                0x000000004020dc54                strtol
 *fill*         0x000000004020dc69        0x3 
 .irom0.text    0x000000004020dc6c       0x25 /opt/sming/Sming/compiler/lib//libmicroc.a(strchr.o)
                                         0x29 (size before relaxing)
                0x000000004020dc6c                strchr
 *fill*         0x000000004020dc91        0x3 
 .irom0.text    0x000000004020dc94        0xf /opt/sming/Sming/compiler/lib//libmicroc.a(strrchr.o)
                                         0x13 (size before relaxing)
                0x000000004020dc94                strrchr
 *fill*         0x000000004020dca3        0x1 
 .irom0.text    0x000000004020dca4       0x75 /opt/sming/Sming/compiler/lib//libmicroc.a(strchrnul.o)
                0x000000004020dca4                __strchrnul
                0x000000004020dca4                strchrnul
 *fill*         0x000000004020dd19        0x3 
 .irom0.text    0x000000004020dd1c       0x65 /opt/sming/Sming/compiler/lib//libmicroc.a(malloc.o)
                0x000000004020dd1c                malloc
                0x000000004020dd30                free
                0x000000004020dd44                realloc
                0x000000004020dd58                zalloc
                0x000000004020dd6c                calloc
 *fill*         0x000000004020dd81        0x3 
 .irom0.text    0x000000004020dd84       0x11 /opt/sming/Sming/compiler/lib//libmicroc.a(abort.o)
                0x000000004020dd84                abort
 *fill*         0x000000004020dd95        0x3 
 .irom0.text    0x000000004020dd98     0x12e0 /opt/sming/Sming/compiler/lib//libmicroc.a(floatscan.o)
                                       0x1320 (size before relaxing)
                0x000000004020e8a8                __floatscan
 .irom0.text    0x000000004020f078      0x489 /opt/sming/Sming/compiler/lib//libmicroc.a(intscan.o)
                                        0x499 (size before relaxing)
                0x000000004020f078                __intscan
 *fill*         0x000000004020f501        0x3 
 .irom0.text    0x000000004020f504       0x95 /opt/sming/Sming/compiler/lib//libmicroc.a(shgetc.o)
                0x000000004020f504                __shlim
                0x000000004020f524                __shgetc
 *fill*         0x000000004020f599        0x3 
 .irom0.text    0x000000004020f59c       0x39 /opt/sming/Sming/compiler/lib//libmicroc.a(__uflow.o)
                0x000000004020f59c                __uflow
 *fill*         0x000000004020f5d5        0x3 
 .irom0.text    0x000000004020f5d8       0x67 /opt/sming/Sming/compiler/lib//libmicroc.a(__toread.o)
                                         0x6b (size before relaxing)
                0x000000004020f5d8                __toread
                0x000000004020f630                __toread_needs_stdio_exit
 *fill*         0x000000004020f63f        0x1 
 .irom0.text    0x000000004020f640        0xf /opt/sming/Sming/compiler/lib//libmicroc.a(fmodl.o)
                                         0x13 (size before relaxing)
                0x000000004020f640                fmodl
 *fill*         0x000000004020f64f        0x1 
 .irom0.text    0x000000004020f650       0x8f /opt/sming/Sming/compiler/lib//libmicroc.a(scalbn.o)
                0x000000004020f650                scalbn
 *fill*         0x000000004020f6df        0x1 
 .irom0.text    0x000000004020f6e0        0xf /opt/sming/Sming/compiler/lib//libmicroc.a(scalbnl.o)
                                         0x13 (size before relaxing)
                0x000000004020f6e0                scalbnl
 *fill*         0x000000004020f6ef        0x1 
 .irom0.text    0x000000004020f6f0        0x5 /opt/sming/Sming/compiler/lib//libmicroc.a(__errno_location.o)
                0x000000004020f6f0                __errno_location
 *fill*         0x000000004020f6f5        0x3 
 .irom0.text    0x000000004020f6f8      0x1e9 /opt/sming/Sming/compiler/lib//libmicroc.a(fmod.o)
                0x000000004020f6f8                fmod
 *fill*         0x000000004020f8e1        0x3 
 .irom0.text    0x000000004020f8e4       0xfa /opt/esp-open-sdk/sdk/lib/libphy.a(phy.o)
                                        0x11e (size before relaxing)
                0x000000004020f8e8                rf_init
                0x000000004020f904                bb_init
                0x000000004020f91c                phy_init
                0x000000004020f94c                RFChannelSel
                0x000000004020f968                phy_delete_channel
                0x000000004020f980                phy_enable_agc
                0x000000004020f998                phy_disable_agc
                0x000000004020f9b0                phy_initialize_bb
                0x000000004020f9c8                phy_set_sense
 *fill*         0x000000004020f9de        0x2 
 .irom0.text    0x000000004020f9e0     0x16df /opt/esp-open-sdk/sdk/lib/libphy.a(phy_chip_v6_ana.o)
                                       0x18e3 (size before relaxing)
                0x000000004020f9e4                ram_pbus_set_rxgain
                0x000000004020fabc                ram_pbus_debugmode
                0x000000004020fb70                ram_pbus_xpd_tx_on
                0x000000004020fbdc                set_rf_freq_offset
                0x000000004020fc4c                chip_v6_rxmax_ext_ana
                0x000000004020fda0                ram_chip_v6_rx_init
                0x000000004020fdd4                tsen_meas
                0x000000004020fe84                readvdd33
                0x0000000040210050                txpwr_offset
                0x000000004021010c                set_txcap_reg
                0x000000004021018c                ram_ana_inf_gating_en
                0x00000000402102ec                ram_restart_cal
                0x0000000040210358                wait_rfpll_cal_end
                0x00000000402103d8                ram_rfpll_set_freq
                0x00000000402104e4                ram_set_channel_freq
                0x00000000402107e4                chip_60_set_channel
                0x0000000040210974                chip_v6_set_chan_offset
                0x00000000402109b0                chip_v6_set_chan
                0x0000000040210a44                chip_v6_set_chan_wakeup
                0x0000000040210ac8                chip_v6_rf_init
                0x0000000040210cec                low_power_set
                0x0000000040210d40                test_tout
                0x0000000040210eb8                check_data_flag
                0x0000000040210ed8                phy_get_check_flag
                0x000000004021100c                phy_get_vdd33
 *fill*         0x00000000402110bf        0x1 
 .irom0.text    0x00000000402110c0     0x3c1b /opt/esp-open-sdk/sdk/lib/libphy.a(phy_chip_v6.o)
                                       0x4293 (size before relaxing)
                0x00000000402110c0                ram_tx_mac_enable
                0x00000000402110c4                ram_tx_mac_disable
                0x00000000402110c8                rtc_mem_backup
                0x00000000402110f8                rtc_mem_recovery
                0x0000000040211128                set_cal_rxdc
                0x00000000402111dc                set_rx_gain_cal_iq
                0x0000000040211534                gen_rx_gain_table
                0x000000004021168c                pbus_set_rxbbgain
                0x000000004021170c                set_rx_gain_testchip_50
                0x0000000040211a40                ram_get_corr_power
                0x0000000040211b30                check_data_func
                0x0000000040211b50                do_noisefloor_lsleep_v50
                0x0000000040211b84                do_noisefloor
                0x0000000040211bf4                start_dig_rx
                0x0000000040211c38                stop_dig_rx
                0x0000000040211c64                chip_v6_set_chanfreq
                0x0000000040211c90                tx_cap_init
                0x0000000040211e44                target_power_add_backoff
                0x0000000040211e94                tx_pwctrl_init_cal
                0x0000000040211ffc                tx_atten_set_interp
                0x000000004021226c                tx_pwctrl_init
                0x0000000040212360                ram_get_noisefloor
                0x000000004021237c                get_noisefloor_sat
                0x00000000402123ac                ram_set_noise_floor
                0x0000000040212408                ram_start_noisefloor
                0x0000000040212454                read_hw_noisefloor
                0x0000000040212480                noise_check_loop
                0x00000000402125dc                noise_init
                0x00000000402127dc                target_power_backoff
                0x0000000040212830                sdt_on_noise_start
                0x00000000402128b0                chip_v6_set_chan_rx_cmp
                0x0000000040212a3c                chip_v6_set_chan_misc
                0x0000000040212ac4                phy_dig_spur_set
                0x0000000040212e1c                phy_dig_spur_prot
                0x0000000040213054                chip_v6_rxmax_ext_dig
                0x00000000402130a0                chip_v6_rxmax_ext
                0x0000000040213150                phy_bb_rx_cfg
                0x0000000040213558                uart_wait_idle
                0x0000000040213590                phy_pbus_soc_cfg
                0x0000000040213650                phy_gpio_cfg
                0x0000000040213998                tx_cont_en
                0x0000000040213a3c                tx_cont_dis
                0x0000000040213a90                tx_cont_cfg
                0x0000000040213ab0                chip_v6_initialize_bb
                0x0000000040213c18                periodic_cal
                0x0000000040213cf8                bbpll_cal
                0x0000000040213d90                periodic_cal_top
                0x0000000040213df0                register_chipv6_phy_init_param
                0x0000000040214094                change_bbpll160_sleep
                0x00000000402141c0                change_bbpll160
                0x00000000402141f8                set_crystal_uart
                0x0000000040214290                ant_switch_init
                0x000000004021433c                reduce_current_init
                0x00000000402143a4                rtc_mem_check
                0x00000000402143e0                phy_afterwake_set_rfoption
                0x0000000040214400                deep_sleep_set_option
                0x000000004021442c                write_data_to_rtc
                0x0000000040214464                get_data_from_rtc
                0x00000000402144ec                register_chipv6_phy
                0x00000000402148fc                set_dpd_bypass
                0x0000000040214924                set_rf_gain_stage10
                0x0000000040214954                get_vdd33_offset
                0x00000000402149c8                get_phy_target_power
                0x0000000040214a7c                set_most_pwr_reg
                0x0000000040214b50                phy_set_most_tpw
                0x0000000040214b70                phy_vdd33_set_tpw
                0x0000000040214b88                get_adc_rand
                0x0000000040214bbc                phy_get_rand
                0x0000000040214bd4                phy_tx_pwctrl_cali
                0x0000000040214bfc                phy_check_data_table
                0x0000000040214c38                phy_after_init_enrx
                0x0000000040214c9c                phy_set_rx11b_reg
                0x0000000040214cd0                phy_set_powerup_option
 *fill*         0x0000000040214cdb        0x1 
 .irom0.text    0x0000000040214cdc     0x21ac /opt/esp-open-sdk/sdk/lib/libphy.a(phy_chip_v6_cal.o)
                                       0x23ec (size before relaxing)
                0x0000000040214cdc                txbbgain2dcoindex
                0x0000000040214cfc                dcoindex2txbbgain
                0x0000000040214d20                init_cal_dcoffset
                0x0000000040214de4                set_rfanagain_dc_reg
                0x0000000040214e80                set_txdc_pbus
                0x0000000040214eec                get_rf_gain_qdb
                0x0000000040214f14                correct_rf_ana_gain
                0x000000004021501c                get_sar_dout
                0x00000000402150b4                cal_rf_ana_gain
                0x000000004021518c                meas_tone_pwr_db
                0x00000000402151fc                tx_pwr_backoff