Archive member included because of file (symbol)

/Volumes/esp-open-sdk/esp-open-sdk/sdk/lib/libmain.a(debug-vector.o)
                              (_DebugExceptionVector)
/Volumes/esp-open-sdk/esp-open-sdk/sdk/lib/libmain.a(double-vector.o)
                              (_DoubleExceptionVector)
/Volumes/esp-open-sdk/esp-open-sdk/sdk/lib/libmain.a(kernel-vector.o)
                              (_KernelExceptionVector)
/Volumes/esp-open-sdk/esp-open-sdk/sdk/lib/libmain.a(nmi-vector.o)
                              (_NMIExceptionVector)
/Volumes/esp-open-sdk/esp-open-sdk/sdk/lib/libmain.a(user-vector.o)
                              (_UserExceptionVector)
/Volumes/esp-open-sdk/esp-open-sdk/sdk/lib/libmain.a(vector.o)
                              (call_user_start)
/Volumes/esp-open-sdk/esp-open-sdk/sdk/lib/libmain.a(app_main.o)
                              /Volumes/esp-open-sdk/esp-open-sdk/sdk/lib/libmain.a(nmi-vector.o) (NMI_Handler)
/Volumes/esp-open-sdk/esp-open-sdk/sdk/lib/libmain.a(ets_timer.o)
                              /Volumes/esp-open-sdk/esp-open-sdk/sdk/lib/libmain.a(app_main.o) (ets_timer_setfn)
/Volumes/esp-open-sdk/esp-open-sdk/sdk/lib/libmain.a(mem_manager.o)
                              /Volumes/esp-open-sdk/esp-open-sdk/sdk/lib/libmain.a(app_main.o) (pvPortMalloc)
/Volumes/esp-open-sdk/esp-open-sdk/sdk/lib/libmain.a(spi_flash.o)
                              /Volumes/esp-open-sdk/esp-open-sdk/sdk/lib/libmain.a(app_main.o) (spi_flash_read)
/Volumes/esp-open-sdk/esp-open-sdk/sdk/lib/libmain.a(user_interface.o)
                              /Volumes/esp-open-sdk/esp-open-sdk/sdk/lib/libmain.a(app_main.o) (done_cb)
/Volumes/esp-open-sdk/esp-open-sdk/sdk/lib/libmain.a(eagle_lib.o)
                              /Volumes/esp-open-sdk/esp-open-sdk/sdk/lib/libmain.a(user_interface.o) (ets_sprintf)
/Volumes/esp-open-sdk/esp-open-sdk/sdk/lib/libmain.a(eagle_lwip_if.o)
                              /Volumes/esp-open-sdk/esp-open-sdk/sdk/lib/libmain.a(user_interface.o) (hostname)
/opt/sming/Sming/compiler/lib//libsming.a(user_main.o)
                              /Volumes/esp-open-sdk/esp-open-sdk/sdk/lib/libmain.a(app_main.o) (user_init)
/opt/sming/Sming/compiler/lib//libsming.a(System.o)
                              /opt/sming/Sming/compiler/lib//libsming.a(user_main.o) (_ZN11SystemClass10initializeEv)
/opt/sming/Sming/compiler/lib//libsming.a(spiffs.o)
                              /opt/sming/Sming/compiler/lib//libsming.a(user_main.o) (spiffs_mount)
/opt/sming/Sming/compiler/lib//libsming.a(spiffs_hydrogen.o)
                              /opt/sming/Sming/compiler/lib//libsming.a(spiffs.o) (SPIFFS_mount)
/opt/sming/Sming/compiler/lib//libsming.a(spiffs_nucleus.o)
                              /opt/sming/Sming/compiler/lib//libsming.a(spiffs_hydrogen.o) (spiffs_obj_lu_find_entry_visitor)
/opt/sming/Sming/compiler/lib//libsming.a(esp_cplusplus.o)
                              /opt/sming/Sming/compiler/lib//libsming.a(user_main.o) (cpp_core_initialize)
/opt/sming/Sming/compiler/lib//libsming.a(m_printf.o)
                              /opt/sming/Sming/compiler/lib//libsming.a(spiffs.o) (m_printf)
/opt/sming/Sming/compiler/lib//libsming.a(stringconversion.o)
                              /opt/sming/Sming/compiler/lib//libsming.a(m_printf.o) (ltoa_w)
/opt/sming/Sming/compiler/lib//libsming.a(IPAddress.o)
                              /opt/sming/Sming/compiler/lib//libsming.a(user_main.o) (_ZN9IPAddressC1Ehhhh)
/opt/sming/Sming/compiler/lib//libsming.a(Print.o)
                              /opt/sming/Sming/compiler/lib//libsming.a(IPAddress.o) (_ZN5Print5printEc)
/opt/sming/Sming/compiler/lib//libsming.a(WString.o)
                              /opt/sming/Sming/compiler/lib//libsming.a(IPAddress.o) (_ZN6StringD1Ev)
/opt/sming/Sming/compiler/lib//libsming.a(Interrupts.o)
                              /opt/sming/Sming/compiler/lib//libsming.a(System.o) (_Z12noInterruptsv)
/opt/sming/Sming/compiler/lib//libsming.a(flashmem.o)
                              /opt/sming/Sming/compiler/lib//libsming.a(spiffs.o) (flashmem_erase_sector)
/opt/sming/Sming/compiler/lib//libsming.a(spiffs_cache.o)
                              /opt/sming/Sming/compiler/lib//libsming.a(spiffs_hydrogen.o) (spiffs_phys_rd)
/opt/sming/Sming/compiler/lib//libsming.a(spiffs_check.o)
                              /opt/sming/Sming/compiler/lib//libsming.a(spiffs_hydrogen.o) (spiffs_lookup_consistency_check)
/opt/sming/Sming/compiler/lib//libsming.a(spiffs_gc.o)
                              /opt/sming/Sming/compiler/lib//libsming.a(spiffs_nucleus.o) (spiffs_gc_quick)
/opt/sming/Sming/compiler/lib//libsming.a(Digital.o)
                              /opt/sming/Sming/compiler/lib//libsming.a(Interrupts.o) (_Z7pinModeth)
out/build/app_app.a(application.o)
                              /opt/sming/Sming/compiler/lib//libsming.a(user_main.o) (_Z4initv)
/opt/sming/Sming/compiler/lib//libmicroc.a(isspace.o)
[...]
Memory Configuration

Name             Origin             Length             Attributes
dport0_0_seg     0x000000003ff00000 0x0000000000000010
dram0_0_seg      0x000000003ffe8000 0x0000000000014000
iram1_0_seg      0x0000000040100000 0x0000000000008000
irom0_0_seg      0x0000000040209000 0x0000000000042000
*default*        0x0000000000000000 0xffffffffffffffff

Linker script and memory map

START GROUP
LOAD /opt/sming/Sming/compiler/lib//libmicroc.a
LOAD /opt/sming/Sming/compiler/lib//libmicrogcc.a
LOAD /Volumes/esp-open-sdk/esp-open-sdk/xtensa-lx106-elf/xtensa-lx106-elf/sysroot/usr/lib/libhal.a
LOAD /Volumes/esp-open-sdk/esp-open-sdk/sdk/lib/libphy.a
LOAD /Volumes/esp-open-sdk/esp-open-sdk/sdk/lib/libpp.a
LOAD /Volumes/esp-open-sdk/esp-open-sdk/sdk/lib/libnet80211.a
LOAD /Volumes/esp-open-sdk/esp-open-sdk/sdk/lib/liblwip.a
LOAD /Volumes/esp-open-sdk/esp-open-sdk/sdk/lib/libwpa.a
LOAD /Volumes/esp-open-sdk/esp-open-sdk/sdk/lib/libmain.a
LOAD /opt/sming/Sming/compiler/lib//libsming.a
LOAD out/build/app_app.a
END GROUP
                0x0000000040000000                PROVIDE (_memmap_vecbase_reset, 0x40000000)
                0x0000000000000110                _memmap_cacheattr_wb_base = 0x110
                0x0000000000000110                _memmap_cacheattr_wt_base = 0x110
                0x0000000000000220                _memmap_cacheattr_bp_base = 0x220
                0x00000000fffff00f                _memmap_cacheattr_unused_mask = 0xfffff00f
                0x000000002222211f                _memmap_cacheattr_wb_trapnull = 0x2222211f
                0x000000002222211f                _memmap_cacheattr_wba_trapnull = 0x2222211f
                0x000000002222211f                _memmap_cacheattr_wbna_trapnull = 0x2222211f
                0x000000002222211f                _memmap_cacheattr_wt_trapnull = 0x2222211f
                0x000000002222222f                _memmap_cacheattr_bp_trapnull = 0x2222222f
                0x00000000fffff11f                _memmap_cacheattr_wb_strict = 0xfffff11f
                0x00000000fffff11f                _memmap_cacheattr_wt_strict = 0xfffff11f
                0x00000000fffff22f                _memmap_cacheattr_bp_strict = 0xfffff22f
                0x0000000022222112                _memmap_cacheattr_wb_allvalid = 0x22222112
                0x0000000022222112                _memmap_cacheattr_wt_allvalid = 0x22222112
                0x0000000022222222                _memmap_cacheattr_bp_allvalid = 0x22222222
                0x000000002222211f                PROVIDE (_memmap_cacheattr_reset, _memmap_cacheattr_wb_trapnull)

.dport0.rodata  0x000000003ff00000        0x0
                0x000000003ff00000                _dport0_rodata_start = ABSOLUTE (.)
 *(.dport0.rodata)
 *(.dport.rodata)
                0x000000003ff00000                _dport0_rodata_end = ABSOLUTE (.)

.dport0.literal
                0x000000003ff00000        0x0
                0x000000003ff00000                _dport0_literal_start = ABSOLUTE (.)
 *(.dport0.literal)
 *(.dport.literal)
                0x000000003ff00000                _dport0_literal_end = ABSOLUTE (.)

.dport0.data    0x000000003ff00000        0x0
                0x000000003ff00000                _dport0_data_start = ABSOLUTE (.)
 *(.dport0.data)
 *(.dport.data)
                0x000000003ff00000                _dport0_data_end = ABSOLUTE (.)

.data           0x000000003ffe8000      0x3a4
                0x000000003ffe8000                _data_start = ABSOLUTE (.)
 *(.data)
 .data          0x000000003ffe8000        0x4 /Volumes/esp-open-sdk/esp-open-sdk/sdk/lib/libmain.a(nmi-vector.o)
                0x000000003ffe8000                _Pri_3_HandlerAddress
 .data          0x000000003ffe8004        0x1 /Volumes/esp-open-sdk/esp-open-sdk/sdk/lib/libmain.a(app_main.o)
 *fill*         0x000000003ffe8005        0x3 
 .data          0x000000003ffe8008        0x5 /Volumes/esp-open-sdk/esp-open-sdk/sdk/lib/libmain.a(user_interface.o)
                0x000000003ffe8009                timer2_ms_flag
                0x000000003ffe800a                dhcps_flag
                0x000000003ffe800b                dhcpc_flag
                0x000000003ffe800c                reconnect_internal
 *fill*         0x000000003ffe800d        0x3 
 .data          0x000000003ffe8010        0x1 /Volumes/esp-open-sdk/esp-open-sdk/sdk/lib/libmain.a(eagle_lwip_if.o)
                0x000000003ffe8010                default_hostname
 *fill*         0x000000003ffe8011        0xf 
 .data          0x000000003ffe8020       0x53 /Volumes/esp-open-sdk/esp-open-sdk/sdk/lib/libphy.a(phy_chip_v6.o)
                0x000000003ffe8022                tx_rf_ana_gain
                0x000000003ffe8050                rx_gain_swp
                0x000000003ffe8070                test_rffreq_txcap
 *fill*         0x000000003ffe8073        0x1 
 .data          0x000000003ffe8074        0x4 /Volumes/esp-open-sdk/esp-open-sdk/sdk/lib/libphy.a(phy_sleep.o)
                0x000000003ffe8074                chip_version
 .data          0x000000003ffe8078        0x1 /Volumes/esp-open-sdk/esp-open-sdk/sdk/lib/libpp.a(pm.o)
 *fill*         0x000000003ffe8079        0x3 
 .data          0x000000003ffe807c        0x1 /Volumes/esp-open-sdk/esp-open-sdk/sdk/lib/libpp.a(pm_for_bcn_only_mode.o)
 *fill*         0x000000003ffe807d        0x3 
 .data          0x000000003ffe8080       0x1c /Volumes/esp-open-sdk/esp-open-sdk/sdk/lib/libpp.a(pp.o)
                0x000000003ffe8080                soft_wdt_interval
                0x000000003ffe8084                NoiseTimerInterval
                0x000000003ffe808c                sleep_start_wait_time
                0x000000003ffe8094                CanDoFreqCal
                0x000000003ffe8098                tcb
 *fill*         0x000000003ffe809c        0x4 
 .data          0x000000003ffe80a0       0x40 /Volumes/esp-open-sdk/esp-open-sdk/sdk/lib/libpp.a(rate_control.o)
 .data          0x000000003ffe80e0      0x22c /Volumes/esp-open-sdk/esp-open-sdk/sdk/lib/libpp.a(trc.o)
 .data          0x000000003ffe830c        0x8 /Volumes/esp-open-sdk/esp-open-sdk/sdk/lib/libpp.a(wdev.o)
 .data          0x000000003ffe8314        0x3 /Volumes/esp-open-sdk/esp-open-sdk/sdk/lib/libnet80211.a(ieee80211.o)
                0x000000003ffe8314                esp_mac_head
 *fill*         0x000000003ffe8317        0x1 
 .data          0x000000003ffe8318        0x1 /Volumes/esp-open-sdk/esp-open-sdk/sdk/lib/libnet80211.a(ieee80211_hostap.o)
                0x000000003ffe8318                TmpSTAAPCloseAP
 *fill*         0x000000003ffe8319        0x7 
 .data          0x000000003ffe8320       0x1c /Volumes/esp-open-sdk/esp-open-sdk/sdk/lib/libnet80211.a(ieee80211_action.o)
 .data          0x000000003ffe833c        0x4 /Volumes/esp-open-sdk/esp-open-sdk/sdk/lib/liblwip.a(dhcp.o)
 .data          0x000000003ffe8340        0x2 /Volumes/esp-open-sdk/esp-open-sdk/sdk/lib/liblwip.a(dhcpserver.o)
 *fill*         0x000000003ffe8342        0x2 
 .data          0x000000003ffe8344        0x8 /Volumes/esp-open-sdk/esp-open-sdk/sdk/lib/liblwip.a(tcp.o)
 *(.data.*)
 .data.cbc_printchar
                0x000000003ffe834c        0x4 /opt/sming/Sming/compiler/lib//libsming.a(m_printf.o)
                0x000000003ffe834c                cbc_printchar
 .data.PT2258_ALLCH_10DB
                0x000000003ffe8350        0x4 out/build/app_app.a(application.o)
                0x000000003ffe8350                PT2258_ALLCH_10DB
 .data.PT2258_ALLCH_1DB
                0x000000003ffe8354        0x4 out/build/app_app.a(application.o)
                0x000000003ffe8354                PT2258_ALLCH_1DB
 .data.PT2258_SW_10DB
                0x000000003ffe8358        0x4 out/build/app_app.a(application.o)
                0x000000003ffe8358                PT2258_SW_10DB
 .data.PT2258_SW_1DB
                0x000000003ffe835c        0x4 out/build/app_app.a(application.o)
                0x000000003ffe835c                PT2258_SW_1DB
 .data.PT2258_CEN_1DB
                0x000000003ffe8360        0x4 out/build/app_app.a(application.o)
                0x000000003ffe8360                PT2258_CEN_1DB
 .data.PT2258_RR_10DB
                0x000000003ffe8364        0x4 out/build/app_app.a(application.o)
                0x000000003ffe8364                PT2258_RR_10DB
 .data.PT2258_RR_1DB
                0x000000003ffe8368        0x4 out/build/app_app.a(application.o)
                0x000000003ffe8368                PT2258_RR_1DB
 .data.PT2258_RL_10DB
                0x000000003ffe836c        0x4 out/build/app_app.a(application.o)
                0x000000003ffe836c                PT2258_RL_10DB
 .data.PT2258_RL_1DB
                0x000000003ffe8370        0x4 out/build/app_app.a(application.o)
                0x000000003ffe8370                PT2258_RL_1DB
 .data.PT2258_FR_10DB
                0x000000003ffe8374        0x4 out/build/app_app.a(application.o)
                0x000000003ffe8374                PT2258_FR_10DB
 .data.PT2258_FR_1DB
                0x000000003ffe8378        0x4 out/build/app_app.a(application.o)
                0x000000003ffe8378                PT2258_FR_1DB
 .data.PT2258_FL_10DB
                0x000000003ffe837c        0x4 out/build/app_app.a(application.o)
                0x000000003ffe837c                PT2258_FL_10DB
 .data.PT2258_FL_1DB
                0x000000003ffe8380        0x4 out/build/app_app.a(application.o)
                0x000000003ffe8380                PT2258_FL_1DB
 .data.CHAN_CEN
                0x000000003ffe8384        0x4 out/build/app_app.a(application.o)
                0x000000003ffe8384                CHAN_CEN
 .data.CHAN_SW  0x000000003ffe8388        0x4 out/build/app_app.a(application.o)
                0x000000003ffe8388                CHAN_SW
 .data.CHAN_RR  0x000000003ffe838c        0x4 out/build/app_app.a(application.o)
                0x000000003ffe838c                CHAN_RR
 .data.CHAN_RL  0x000000003ffe8390        0x4 out/build/app_app.a(application.o)
                0x000000003ffe8390                CHAN_RL
 .data.CHAN_FR  0x000000003ffe8394        0x4 out/build/app_app.a(application.o)
                0x000000003ffe8394                CHAN_FR
 .data.CHAN_FL  0x000000003ffe8398        0x4 out/build/app_app.a(application.o)
                0x000000003ffe8398                CHAN_FL
 .data.PT2258_ADDRESS
                0x000000003ffe839c        0x4 out/build/app_app.a(application.o)
                0x000000003ffe839c                PT2258_ADDRESS
 .data.PT2323_ADDRESS
                0x000000003ffe83a0        0x4 out/build/app_app.a(application.o)
                0x000000003ffe83a0                PT2323_ADDRESS
 *(.gnu.linkonce.d.*)
 *(.data1)
 *(.sdata)
 *(.sdata.*)
 *(.gnu.linkonce.s.*)
 *(.sdata2)
 *(.sdata2.*)
 *(.gnu.linkonce.s2.*)
 *(.jcr)
                0x000000003ffe83a4                _data_end = ABSOLUTE (.)

.rodata         0x000000003ffe83a8     0x2040
                0x000000003ffe83a8                _rodata_start = ABSOLUTE (.)
 *(.sdk.version)
 .sdk.version   0x000000003ffe83a8        0x6 /Volumes/esp-open-sdk/esp-open-sdk/sdk/lib/libmain.a(app_main.o)
                0x000000003ffe83a8                SDK_VERSION
 *(.rodata)
 *fill*         0x000000003ffe83ae        0x2 
 .rodata        0x000000003ffe83b0        0x8 /Volumes/esp-open-sdk/esp-open-sdk/sdk/lib/libphy.a(phy_chip_v6.o)
 .rodata        0x000000003ffe83b8        0x4 /Volumes/esp-open-sdk/esp-open-sdk/sdk/lib/libpp.a(pp.o)
 *fill*         0x000000003ffe83bc        0x4 
 .rodata        0x000000003ffe83c0        0x8 /Volumes/esp-open-sdk/esp-open-sdk/sdk/lib/libnet80211.a(wl_cnx.o)
 .rodata        0x000000003ffe83c8        0x6 /Volumes/esp-open-sdk/esp-open-sdk/sdk/lib/liblwip.a(etharp.o)
                0x000000003ffe83c8                ethbroadcast
 *fill*         0x000000003ffe83ce        0x2 
 .rodata        0x000000003ffe83d0       0x14 /opt/sming/Sming/compiler/lib//libsming.a(WebSocket.o)
 .rodata        0x000000003ffe83e4        0x8 /opt/sming/Sming/compiler/lib//libsming.a(LCD.o)
 *(.rodata.*)
 .rodata.str1.4
                0x000000003ffe83ec        0xc /Volumes/esp-open-sdk/esp-open-sdk/sdk/lib/libmain.a(app_main.o)
 .rodata.str1.4
                0x000000003ffe83f8        0x4 /Volumes/esp-open-sdk/esp-open-sdk/sdk/lib/libmain.a(ets_timer.o)
                                          0xc (size before relaxing)
 .rodata.str1.4
                0x000000003ffe83fc        0x8 /Volumes/esp-open-sdk/esp-open-sdk/sdk/lib/libmain.a(mem_manager.o)
 .rodata._ZL14EspDigitalPins
                0x000000003ffe8404       0xc0 /opt/sming/Sming/compiler/lib//libsming.a(user_main.o)
 *fill*         0x000000003ffe84c4        0x4 
 .rodata._ZTV6VectorI8DelegateIFvvEEE
                0x000000003ffe84c8       0x1c /opt/sming/Sming/compiler/lib//libsming.a(System.o)
                0x000000003ffe84c8                _ZTV6VectorI8DelegateIFvvEEE
 *fill*         0x000000003ffe84e4        0x4 
 .rodata._ZTV6VectorIP19ISystemReadyHandlerE
                0x000000003ffe84e8       0x1c /opt/sming/Sming/compiler/lib//libsming.a(System.o)
                0x000000003ffe84e8                _ZTV6VectorIP19ISystemReadyHandlerE
 .rodata.str1.1
                0x000000003ffe8504      0x159 /opt/sming/Sming/compiler/lib//libsming.a(spiffs.o)
                                        0x165 (size before relaxing)
 .rodata.str1.1
                0x000000003ffe865d       0x41 /opt/sming/Sming/compiler/lib//libsming.a(esp_cplusplus.o)
 .rodata.str1.1
                0x000000003ffe869e       0x21 /opt/sming/Sming/compiler/lib//libsming.a(stringconversion.o)
 .rodata.str1.1
                0x000000003ffe86bf        0xf /opt/sming/Sming/compiler/lib//libsming.a(IPAddress.o)
                                         0x10 (size before relaxing)
 *fill*         0x000000003ffe86ce        0x2 
 .rodata._ZTV9IPAddress
                0x000000003ffe86d0        0xc /opt/sming/Sming/compiler/lib//libsming.a(IPAddress.o)
                0x000000003ffe86d0                _ZTV9IPAddress
 .rodata.str1.1
                0x000000003ffe86dc        0x8 /opt/sming/Sming/compiler/lib//libsming.a(Print.o)
                                          0xe (size before relaxing)
 .rodata.str1.1
                0x0000000000000000        0x1 /opt/sming/Sming/compiler/lib//libsming.a(WString.o)
 .rodata.str1.1
                0x000000003ffe86e4       0x59 /opt/sming/Sming/compiler/lib//libsming.a(flashmem.o)
 *fill*         0x000000003ffe873d        0x3 
 .rodata.CSWTCH$10
                0x000000003ffe8740       0x14 /opt/sming/Sming/compiler/lib//libsming.a(flashmem.o)
 .rodata.str1.1
                0x000000003ffe8754       0x23 /opt/sming/Sming/compiler/lib//libsming.a(Digital.o)
 *fill*         0x000000003ffe8777        0x1 
 .rodata._ZL14EspDigitalPins
                0x000000003ffe8778       0xc0 /opt/sming/Sming/compiler/lib//libsming.a(Digital.o)
 .rodata.str1.1
                0x000000003ffe8838      0x1ca out/build/app_app.a(application.o)
                                        0x1e9 (size before relaxing)
 *fill*         0x000000003ffe8a02        0x6 
 .rodata._ZTV15IDelegateCallerIvIEE
                0x000000003ffe8a08       0x14 out/build/app_app.a(application.o)
                0x000000003ffe8a08                _ZTV15IDelegateCallerIvIEE
 *fill*         0x000000003ffe8a1c        0x4 
 .rodata._ZTV14FunctionCallerIPFvvEvIEE
                0x000000003ffe8a20       0x14 out/build/app_app.a(application.o)
                0x000000003ffe8a20                _ZTV14FunctionCallerIPFvvEvIEE
 *fill*         0x000000003ffe8a34        0x4 
 .rodata._ZTV15IDelegateCallerIvIR11HttpRequestR12HttpResponseEE
                0x000000003ffe8a38       0x14 out/build/app_app.a(application.o)
                0x000000003ffe8a38                _ZTV15IDelegateCallerIvIR11HttpRequestR12HttpResponseEE
 *fill*         0x000000003ffe8a4c        0x4 
 .rodata._ZTV14FunctionCallerIPFvR11HttpRequestR12HttpResponseEvIS1_S3_EE
                0x000000003ffe8a50       0x14 out/build/app_app.a(application.o)
                0x000000003ffe8a50                _ZTV14FunctionCallerIPFvR11HttpRequestR12HttpResponseEvIS1_S3_EE
 .rodata.str1.1
                0x000000003ffe8a64        0xc /opt/sming/Sming/compiler/lib//libmicroc.a(abort.o)
 .rodata.str1.4
                0x000000003ffe8a70        0x4 /Volumes/esp-open-sdk/esp-open-sdk/sdk/lib/libpp.a(lmac.o)
                                          0xc (size before relaxing)
 .rodata.str1.4
                0x000000003ffe8a74        0x3 /Volumes/esp-open-sdk/esp-open-sdk/sdk/lib/libpp.a(pm.o)
                                          0xb (size before relaxing)
 *fill*         0x000000003ffe8a77        0x1 
 .rodata.str1.4
                0x000000003ffe8a78        0x4 /Volumes/esp-open-sdk/esp-open-sdk/sdk/lib/libpp.a(pm_for_bcn_only_mode.o)
                                          0xc (size before relaxing)
 .rodata.str1.4
                0x000000003ffe8a7c        0x3 /Volumes/esp-open-sdk/esp-open-sdk/sdk/lib/libpp.a(pp.o)
                                          0xb (size before relaxing)
 *fill*         0x000000003ffe8a7f        0x1 
 .rodata.str1.4
                0x000000003ffe8a80        0x4 /Volumes/esp-open-sdk/esp-open-sdk/sdk/lib/libpp.a(wdev.o)
                                          0xc (size before relaxing)
 .rodata.str1.4
                0x000000003ffe8a84        0x4 /Volumes/esp-open-sdk/esp-open-sdk/sdk/lib/liblwip.a(espconn_tcp.o)
                                          0x1 (size before relaxing)
 .rodata.str1.1
                0x000000003ffe8a88      0x156 /opt/sming/Sming/compiler/lib//libsming.a(DataSourceStream.o)
                                        0x157 (size before relaxing)
 *fill*         0x000000003ffe8bde        0x2 
 .rodata._ZTVN11ArduinoJson17DynamicJsonBufferE
                0x000000003ffe8be0        0xc /opt/sming/Sming/compiler/lib//libsming.a(DataSourceStream.o)
                0x000000003ffe8be0                _ZTVN11ArduinoJson17DynamicJsonBufferE
 *fill*         0x000000003ffe8bec        0x4 
 .rodata._ZTV17IDataSourceStream
                0x000000003ffe8bf0       0x20 /opt/sming/Sming/compiler/lib//libsming.a(DataSourceStream.o)
                0x000000003ffe8bf0                _ZTV17IDataSourceStream
 .rodata._ZTV16MemoryDataStream
                0x000000003ffe8c10       0x48 /opt/sming/Sming/compiler/lib//libsming.a(DataSourceStream.o)
                0x000000003ffe8c10                _ZTV16MemoryDataStream
 .rodata._ZTV10FileStream
                0x000000003ffe8c58       0x20 /opt/sming/Sming/compiler/lib//libsming.a(DataSourceStream.o)
                0x000000003ffe8c58                _ZTV10FileStream
 .rodata._ZTV18TemplateFileStream
                0x000000003ffe8c78       0x20 /opt/sming/Sming/compiler/lib//libsming.a(DataSourceStream.o)
                0x000000003ffe8c78                _ZTV18TemplateFileStream
 .rodata._ZTV16JsonObjectStream
                0x000000003ffe8c98       0x48 /opt/sming/Sming/compiler/lib//libsming.a(DataSourceStream.o)
                0x000000003ffe8c98                _ZTV16JsonObjectStream
 .rodata.str1.1
                0x000000003ffe8ce0       0x34 /opt/sming/Sming/compiler/lib//libsming.a(FileSystem.o)
                                         0x37 (size before relaxing)
 *fill*         0x000000003ffe8d14        0x4 
 .rodata._ZTV6VectorI6StringE
                0x000000003ffe8d18       0x1c /opt/sming/Sming/compiler/lib//libsming.a(FileSystem.o)
                0x000000003ffe8d18                _ZTV6VectorI6StringE
 .rodata.str1.1
                0x0000000000000000       0x34 /opt/sming/Sming/compiler/lib//libsming.a(HardwareSerial.o)
                                          0x3 (size before relaxing)
 *fill*         0x000000003ffe8d34        0x4 
 .rodata._ZTV14HardwareSerial
                0x000000003ffe8d38       0x20 /opt/sming/Sming/compiler/lib//libsming.a(HardwareSerial.o)
                0x000000003ffe8d38                _ZTV14HardwareSerial
 .rodata._ZTV7TwoWire
                0x000000003ffe8d58       0x28 /opt/sming/Sming/compiler/lib//libsming.a(Wire.o)
                0x000000003ffe8d58                _ZTV7TwoWire
 .rodata.str1.1
                0x000000003ffe8d80       0x4f /opt/sming/Sming/compiler/lib//libsming.a(FTPServer.o)
                                         0x50 (size before relaxing)
 *fill*         0x000000003ffe8dcf        0x1 
 .rodata._ZTV9FTPServer
                0x000000003ffe8dd0       0x54 /opt/sming/Sming/compiler/lib//libsming.a(FTPServer.o)
                0x000000003ffe8dd0                _ZTV9FTPServer
 .rodata.str1.1
                0x000000003ffe8e24      0x1a5 /opt/sming/Sming/compiler/lib//libsming.a(FTPServerConnection.o)
                                        0x1b1 (size before relaxing)
 *fill*         0x000000003ffe8fc9        0x7 
 .rodata._ZTV13FTPDataStream
                0x000000003ffe8fd0       0x3c /opt/sming/Sming/compiler/lib//libsming.a(FTPServerConnection.o)
                0x000000003ffe8fd0                _ZTV13FTPDataStream
 *fill*         0x000000003ffe900c        0x4 
 .rodata._ZTV15FTPDataFileList
                0x000000003ffe9010       0x3c /opt/sming/Sming/compiler/lib//libsming.a(FTPServerConnection.o)
                0x000000003ffe9010                _ZTV15FTPDataFileList
 *fill*         0x000000003ffe904c        0x4 
 .rodata._ZTV15FTPDataRetrieve
                0x000000003ffe9050       0x3c /opt/sming/Sming/compiler/lib//libsming.a(FTPServerConnection.o)
                0x000000003ffe9050                _ZTV15FTPDataRetrieve
 *fill*         0x000000003ffe908c        0x4 
 .rodata._ZTV12FTPDataStore
                0x000000003ffe9090       0x3c /opt/sming/Sming/compiler/lib//libsming.a(FTPServerConnection.o)
                0x000000003ffe9090                _ZTV12FTPDataStore
 *fill*         0x000000003ffe90cc        0x4 
 .rodata._ZTV19FTPServerConnection
                0x000000003ffe90d0       0x40 /opt/sming/Sming/compiler/lib//libsming.a(FTPServerConnection.o)
                0x000000003ffe90d0                _ZTV19FTPServerConnection
 .rodata.str1.1
                0x000000003ffe9110       0xc9 /opt/sming/Sming/compiler/lib//libsming.a(HttpRequest.o)
                                         0xdb (size before relaxing)
 *fill*         0x000000003ffe91d9        0x7 
 .rodata._ZTV11HttpRequest
                0x000000003ffe91e0       0x10 /opt/sming/Sming/compiler/lib//libsming.a(HttpRequest.o)
                0x000000003ffe91e0                _ZTV11HttpRequest
 .rodata.str1.1
                0x000000003ffe91f0      0x1b7 /opt/sming/Sming/compiler/lib//libsming.a(HttpResponse.o)
                                        0x1e1 (size before relaxing)
 *fill*         0x000000003ffe93a7        0x1 
 .rodata._ZTV12HttpResponse
                0x000000003ffe93a8       0x10 /opt/sming/Sming/compiler/lib//libsming.a(HttpResponse.o)
                0x000000003ffe93a8                _ZTV12HttpResponse
 .rodata.str1.1
                0x000000003ffe93b8       0xe9 /opt/sming/Sming/compiler/lib//libsming.a(HttpServer.o)
                                        0x117 (size before relaxing)
 *fill*         0x000000003ffe94a1        0x7 
 .rodata._ZTV6VectorI9WebSocketE
                0x000000003ffe94a8       0x1c /opt/sming/Sming/compiler/lib//libsming.a(HttpServer.o)
                0x000000003ffe94a8                _ZTV6VectorI9WebSocketE
 *fill*         0x000000003ffe94c4        0x4 
 .rodata._ZTV10HttpServer
                0x000000003ffe94c8       0x5c /opt/sming/Sming/compiler/lib//libsming.a(HttpServer.o)
                0x000000003ffe94c8                _ZTV10HttpServer
 *fill*         0x000000003ffe9524        0x4 
 .rodata._ZTV15IDelegateCallerIvIR20HttpServerConnectionEE
                0x000000003ffe9528       0x14 /opt/sming/Sming/compiler/lib//libsming.a(HttpServer.o)
                0x000000003ffe9528                _ZTV15IDelegateCallerIvIR20HttpServerConnectionEE
 *fill*         0x000000003ffe953c        0x4 
 .rodata._ZTV12MethodCallerIM10HttpServerFvR20HttpServerConnectionEE
                0x000000003ffe9540       0x14 /opt/sming/Sming/compiler/lib//libsming.a(HttpServer.o)
                0x000000003ffe9540                _ZTV12MethodCallerIM10HttpServerFvR20HttpServerConnectionEE
 .rodata.str1.1
                0x000000003ffe9554      0x10e /opt/sming/Sming/compiler/lib//libsming.a(HttpServerConnection.o)
                                        0x118 (size before relaxing)
 *fill*         0x000000003ffe9662        0x6 
 .rodata._ZTV20HttpServerConnection
                0x000000003ffe9668       0x40 /opt/sming/Sming/compiler/lib//libsming.a(HttpServerConnection.o)
                0x000000003ffe9668                _ZTV20HttpServerConnection
 .rodata.str1.1
                0x000000003ffe96a8      0x203 /opt/sming/Sming/compiler/lib//libsming.a(TcpConnection.o)
                                        0x220 (size before relaxing)
 *fill*         0x000000003ffe98ab        0x5 
 .rodata._ZTV13TcpConnection
                0x000000003ffe98b0       0x38 /opt/sming/Sming/compiler/lib//libsming.a(TcpConnection.o)
                0x000000003ffe98b0                _ZTV13TcpConnection
 .rodata.str1.1
                0x000000003ffe98e8      0x16a /opt/sming/Sming/compiler/lib//libsming.a(TcpServer.o)
 *fill*         0x000000003ffe9a52        0x6 
 .rodata._ZTV9TcpServer
                0x000000003ffe9a58       0x50 /opt/sming/Sming/compiler/lib//libsming.a(TcpServer.o)
                0x000000003ffe9a58                _ZTV9TcpServer
 .rodata._ZTV15IDelegateCallerIvIR9TcpClientbEE
                0x000000003ffe9aa8       0x14 /opt/sming/Sming/compiler/lib//libsming.a(TcpServer.o)
                0x000000003ffe9aa8                _ZTV15IDelegateCallerIvIR9TcpClientbEE
 *fill*         0x000000003ffe9abc        0x4 
 .rodata._ZTV15IDelegateCallerIbIR9TcpClientPciEE
                0x000000003ffe9ac0       0x14 /opt/sming/Sming/compiler/lib//libsming.a(TcpServer.o)
                0x000000003ffe9ac0                _ZTV15IDelegateCallerIbIR9TcpClientPciEE
 *fill*         0x000000003ffe9ad4        0x4 
 .rodata._ZTV12MethodCallerIM9TcpServerFbR9TcpClientPciEE
                0x000000003ffe9ad8       0x14 /opt/sming/Sming/compiler/lib//libsming.a(TcpServer.o)
                0x000000003ffe9ad8                _ZTV12MethodCallerIM9TcpServerFbR9TcpClientPciEE
 *fill*         0x000000003ffe9aec        0x4 
 .rodata._ZTV12MethodCallerIM9TcpServerFvR9TcpClientbEE
                0x000000003ffe9af0       0x14 /opt/sming/Sming/compiler/lib//libsming.a(TcpServer.o)
                0x000000003ffe9af0                _ZTV12MethodCallerIM9TcpServerFvR9TcpClientbEE
 .rodata.str1.1
                0x000000003ffe9b04       0x15 /opt/sming/Sming/compiler/lib//libsming.a(WebSocket.o)
                                         0x5b (size before relaxing)
 *fill*         0x000000003ffe9b19        0x7 
 .rodata._ZTV9WebSocket
                0x000000003ffe9b20        0xc /opt/sming/Sming/compiler/lib//libsming.a(WebSocket.o)
                0x000000003ffe9b20                _ZTV9WebSocket
 .rodata.str1.1
                0x000000003ffe9b2c       0xf0 /opt/sming/Sming/compiler/lib//libsming.a(AccessPoint.o)
                                         0xf1 (size before relaxing)
 *fill*         0x000000003ffe9c1c        0x4 
 .rodata._ZTV19ISystemReadyHandler
                0x000000003ffe9c20       0x14 /opt/sming/Sming/compiler/lib//libsming.a(AccessPoint.o)
                0x000000003ffe9c20                _ZTV19ISystemReadyHandler
 *fill*         0x000000003ffe9c34        0x4 
 .rodata._ZTV16AccessPointClass
                0x000000003ffe9c38       0x14 /opt/sming/Sming/compiler/lib//libsming.a(AccessPoint.o)
                0x000000003ffe9c38                _ZTV16AccessPointClass
 .rodata.str1.1
                0x000000003ffe9c4c      0x1ce /opt/sming/Sming/compiler/lib//libsming.a(Station.o)
                                        0x20f (size before relaxing)
 *fill*         0x000000003ffe9e1a        0x6 
 .rodata._ZTV12StationClass
                0x000000003ffe9e20       0x14 /opt/sming/Sming/compiler/lib//libsming.a(Station.o)
                0x000000003ffe9e20                _ZTV12StationClass
 *fill*         0x000000003ffe9e34        0x4 
 .rodata._ZTV6VectorI7BssInfoE
                0x000000003ffe9e38       0x1c /opt/sming/Sming/compiler/lib//libsming.a(Station.o)
                0x000000003ffe9e38                _ZTV6VectorI7BssInfoE
 *fill*         0x000000003ffe9e54        0x4 
 .rodata._ZTV8WDTClass
                0x000000003ffe9e58       0x14 /opt/sming/Sming/compiler/lib//libsming.a(WDT.o)
                0x000000003ffe9e58                _ZTV8WDTClass
 .rodata.str1.1
                0x000000003ffe9e6c       0x10 /opt/sming/Sming/compiler/lib//libsming.a(ArduinoJson.o)
                                         0x11 (size before relaxing)
 .rodata._ZL12specialChars
                0x000000003ffe9e7c        0xf /opt/sming/Sming/compiler/lib//libsming.a(ArduinoJson.o)
 *fill*         0x000000003ffe9e8b        0x5 
 .rodata._ZTVN11ArduinoJson9Internals13IndentedPrintE
                0x000000003ffe9e90       0x10 /opt/sming/Sming/compiler/lib//libsming.a(ArduinoJson.o)
                0x000000003ffe9e90                _ZTVN11ArduinoJson9Internals13IndentedPrintE
 .rodata._ZTVN11ArduinoJson9Internals10PrettyfierE
                0x000000003ffe9ea0       0x10 /opt/sming/Sming/compiler/lib//libsming.a(ArduinoJson.o)
                0x000000003ffe9ea0                _ZTVN11ArduinoJson9Internals10PrettyfierE
 .rodata.str1.1
                0x000000003ffe9eb0       0xd0 /opt/sming/Sming/compiler/lib//libsming.a(CommandExecutor.o)
                                         0xd5 (size before relaxing)
 .rodata.str1.1
                0x000000003ffe9f80      0x247 /opt/sming/Sming/compiler/lib//libsming.a(CommandHandler.o)
                                        0x256 (size before relaxing)
 .rodata._ZL13base64enc_tab
                0x000000003ffea1c7       0x41 /opt/sming/Sming/compiler/lib//libsming.a(base64.o)
 .rodata.str1.1
                0x000000003ffea208       0x35 /opt/sming/Sming/compiler/lib//libsming.a(escape.o)
 .rodata._ZZ12uri_unescapeE12__FUNCTION__
                0x000000003ffea23d        0xd /opt/sming/Sming/compiler/lib//libsming.a(escape.o)
 .rodata.str1.1
                0x0000000000000000       0x17 /opt/sming/Sming/compiler/lib//libsming.a(websocket.o)
 .rodata._ZZ17wsParseInputFramePhjPS_PjE12__FUNCTION__
                0x000000003ffea24a       0x12 /opt/sming/Sming/compiler/lib//libsming.a(websocket.o)
 .rodata._ZZ11wsMakeFramePKhjPhPj11wsFrameTypeE12__FUNCTION__
                0x000000003ffea25c        0xc /opt/sming/Sming/compiler/lib//libsming.a(websocket.o)
 .rodata._ZTV3LCD
                0x000000003ffea268       0x20 /opt/sming/Sming/compiler/lib//libsming.a(LCD.o)
                0x000000003ffea268                _ZTV3LCD
 .rodata._ZTV17LiquidCrystal_I2C
                0x000000003ffea288       0x20 /opt/sming/Sming/compiler/lib//libsming.a(LiquidCrystal_I2C.o)
                0x000000003ffea288                _ZTV17LiquidCrystal_I2C
 .rodata._ZTV13SoftI2cMaster
                0x000000003ffea2a8       0x1c /opt/sming/Sming/compiler/lib//libsming.a(I2cMaster.o)
                0x000000003ffea2a8                _ZTV13SoftI2cMaster
 .rodata.str1.1
                0x000000003ffea2c4       0x1e /opt/sming/Sming/compiler/lib//libsming.a(TcpClient.o)
 *fill*         0x000000003ffea2e2        0x6 
 .rodata._ZTV9TcpClient
                0x000000003ffea2e8       0x3c /opt/sming/Sming/compiler/lib//libsming.a(TcpClient.o)
                0x000000003ffea2e8                _ZTV9TcpClient
 .rodata.str1.1
                0x0000000000000000        0x1 /opt/sming/Sming/compiler/lib//libsming.a(CommandDelegate.o)
 *(.gnu.linkonce.r.*)
 *(.rodata1)
                0x000000003ffea324                __XT_EXCEPTION_TABLE__ = ABSOLUTE (.)
 *(.xt_except_table)
 *(.gcc_except_table)
 *(.gnu.linkonce.e.*)
 *(.gnu.version_r)
 *(.eh_frame)
                0x000000003ffea324                . = ((. + 0x3) & 0xfffffffffffffffc)
                0x000000003ffea324                __dso_handle = ABSOLUTE (.)
                0x000000003ffea324                __init_array_start = ABSOLUTE (.)
 *crtbegin.o(.ctors)
 *(EXCLUDE_FILE(*crtend.o) .ctors)
 .ctors         0x000000003ffea324        0x4 /opt/sming/Sming/compiler/lib//libsming.a(user_main.o)
 .ctors         0x000000003ffea328        0x4 /opt/sming/Sming/compiler/lib//libsming.a(System.o)
 .ctors         0x000000003ffea32c        0x4 /opt/sming/Sming/compiler/lib//libsming.a(m_printf.o)
 .ctors         0x000000003ffea330        0x4 /opt/sming/Sming/compiler/lib//libsming.a(IPAddress.o)
 .ctors         0x000000003ffea334        0x4 /opt/sming/Sming/compiler/lib//libsming.a(Print.o)
 .ctors         0x000000003ffea338        0x4 /opt/sming/Sming/compiler/lib//libsming.a(WString.o)
 .ctors         0x000000003ffea33c        0x4 /opt/sming/Sming/compiler/lib//libsming.a(Interrupts.o)
 .ctors         0x000000003ffea340        0x4 /opt/sming/Sming/compiler/lib//libsming.a(Digital.o)
 .ctors         0x000000003ffea344        0x4 out/build/app_app.a(application.o)
 .ctors         0x000000003ffea348        0x4 /opt/sming/Sming/compiler/lib//libsming.a(Clock.o)
 .ctors         0x000000003ffea34c        0x4 /opt/sming/Sming/compiler/lib//libsming.a(DataSourceStream.o)
 .ctors         0x000000003ffea350        0x4 /opt/sming/Sming/compiler/lib//libsming.a(HardwareSerial.o)
 .ctors         0x000000003ffea354        0x4 /opt/sming/Sming/compiler/lib//libsming.a(Wire.o)
 .ctors         0x000000003ffea358        0x4 /opt/sming/Sming/compiler/lib//libsming.a(FTPServer.o)
 .ctors         0x000000003ffea35c        0x4 /opt/sming/Sming/compiler/lib//libsming.a(FTPServerConnection.o)
 .ctors         0x000000003ffea360        0x4 /opt/sming/Sming/compiler/lib//libsming.a(HttpRequest.o)
 .ctors         0x000000003ffea364        0x4 /opt/sming/Sming/compiler/lib//libsming.a(HttpResponse.o)
 .ctors         0x000000003ffea368        0x4 /opt/sming/Sming/compiler/lib//libsming.a(HttpServer.o)
 .ctors         0x000000003ffea36c        0x4 /opt/sming/Sming/compiler/lib//libsming.a(HttpServerConnection.o)
 .ctors         0x000000003ffea370        0x4 /opt/sming/Sming/compiler/lib//libsming.a(TcpConnection.o)
 .ctors         0x000000003ffea374        0x4 /opt/sming/Sming/compiler/lib//libsming.a(TcpServer.o)
 .ctors         0x000000003ffea378        0x4 /opt/sming/Sming/compiler/lib//libsming.a(WebSocket.o)
 .ctors         0x000000003ffea37c        0x4 /opt/sming/Sming/compiler/lib//libsming.a(AccessPoint.o)
 .ctors         0x000000003ffea380        0x4 /opt/sming/Sming/compiler/lib//libsming.a(Station.o)
 .ctors         0x000000003ffea384        0x4 /opt/sming/Sming/compiler/lib//libsming.a(WDT.o)
 .ctors         0x000000003ffea388        0x4 /opt/sming/Sming/compiler/lib//libsming.a(ArduinoJson.o)
 .ctors         0x000000003ffea38c        0x4 /opt/sming/Sming/compiler/lib//libsming.a(CommandExecutor.o)
 .ctors         0x000000003ffea390        0x4 /opt/sming/Sming/compiler/lib//libsming.a(CommandHandler.o)
 .ctors         0x000000003ffea394        0x4 /opt/sming/Sming/compiler/lib//libsming.a(CommandOutput.o)
 .ctors         0x000000003ffea398        0x4 /opt/sming/Sming/compiler/lib//libsming.a(LCD.o)
 .ctors         0x000000003ffea39c        0x4 /opt/sming/Sming/compiler/lib//libsming.a(LiquidCrystal_I2C.o)
 .ctors         0x000000003ffea3a0        0x4 /opt/sming/Sming/compiler/lib//libsming.a(I2cMaster.o)
 .ctors         0x000000003ffea3a4        0x4 /opt/sming/Sming/compiler/lib//libsming.a(SystemClock.o)
 .ctors         0x000000003ffea3a8        0x4 /opt/sming/Sming/compiler/lib//libsming.a(TcpClient.o)
 .ctors         0x000000003ffea3ac        0x4 /opt/sming/Sming/compiler/lib//libsming.a(RTC.o)
 .ctors         0x000000003ffea3b0        0x4 /opt/sming/Sming/compiler/lib//libsming.a(CommandDelegate.o)
 .ctors         0x000000003ffea3b4        0x4 /opt/sming/Sming/compiler/lib//libsming.a(DateTime.o)
 .ctors         0x000000003ffea3b8        0x4 /opt/sming/Sming/compiler/lib//libsming.a(I2CIO.o)
 *(SORT(.ctors.*))
 *(.ctors)
                0x000000003ffea3bc                __init_array_end = ABSOLUTE (.)
 *crtbegin.o(.dtors)
 *(EXCLUDE_FILE(*crtend.o) .dtors)
 .dtors         0x000000003ffea3bc        0x4 /opt/sming/Sming/compiler/lib//libsming.a(System.o)
 .dtors         0x000000003ffea3c0        0x4 /opt/sming/Sming/compiler/lib//libsming.a(Interrupts.o)
 .dtors         0x000000003ffea3c4        0x4 out/build/app_app.a(application.o)
 .dtors         0x000000003ffea3c8        0x4 /opt/sming/Sming/compiler/lib//libsming.a(HardwareSerial.o)
 .dtors         0x000000003ffea3cc        0x4 /opt/sming/Sming/compiler/lib//libsming.a(Wire.o)
 .dtors         0x000000003ffea3d0        0x4 /opt/sming/Sming/compiler/lib//libsming.a(AccessPoint.o)
 .dtors         0x000000003ffea3d4        0x4 /opt/sming/Sming/compiler/lib//libsming.a(Station.o)
 .dtors         0x000000003ffea3d8        0x4 /opt/sming/Sming/compiler/lib//libsming.a(WDT.o)
 .dtors         0x000000003ffea3dc        0x4 /opt/sming/Sming/compiler/lib//libsming.a(ArduinoJson.o)
 *(SORT(.dtors.*))
 *(.dtors)
                0x000000003ffea3e0                __XT_EXCEPTION_DESCS__ = ABSOLUTE (.)
 *(.xt_except_desc)
 *(.gnu.linkonce.h.*)
                0x000000003ffea3e0                __XT_EXCEPTION_DESCS_END__ = ABSOLUTE (.)
 *(.xt_except_desc_end)
 *(.dynamic)
 *(.gnu.version_d)
                0x000000003ffea3e0                . = ALIGN (0x4)
                0x000000003ffea3e0                _bss_table_start = ABSOLUTE (.)
                0x000000003ffea3e0        0x4 LONG 0x3ffea3e8 _bss_start
                0x000000003ffea3e4        0x4 LONG 0x3fff1a70 _bss_end
                0x000000003ffea3e8                _bss_table_end = ABSOLUTE (.)
                0x000000003ffea3e8                _rodata_end = ABSOLUTE (.)

.bss            0x000000003ffea3e8     0x7688
                0x000000003ffea3e8                . = ALIGN (0x8)
                0x000000003ffea3e8                _bss_start = ABSOLUTE (.)
 *(.dynsbss)
 *(.sbss)
 *(.sbss.*)
 *(.gnu.linkonce.sb.*)
 *(.scommon)
 *(.sbss2)
 *(.sbss2.*)
 *(.gnu.linkonce.sb2.*)
 *(.dynbss)
 *(.bss)
 *fill*         0x000000003ffea3e8        0x8 
 .bss           0x000000003ffea3f0      0x1c0 /Volumes/esp-open-sdk/esp-open-sdk/sdk/lib/libmain.a(nmi-vector.o)
 .bss           0x000000003ffea5b0       0x41 /Volumes/esp-open-sdk/esp-open-sdk/sdk/lib/libmain.a(app_main.o)
                0x000000003ffea5b4                info
                0x000000003ffea5d8                lwip_timer_interval
                0x000000003ffea5dc                check_timeouts_timer
                0x000000003ffea5f0                user_init_flag
 *fill*         0x000000003ffea5f1        0xf 
 .bss           0x000000003ffea600       0x30 /Volumes/esp-open-sdk/esp-open-sdk/sdk/lib/libmain.a(ets_timer.o)
                0x000000003ffea600                timer_list
                0x000000003ffea604                debug_timer
                0x000000003ffea608                debug_timerfn
 .bss           0x000000003ffea630       0x18 /Volumes/esp-open-sdk/esp-open-sdk/sdk/lib/libmain.a(mem_manager.o)
 .bss           0x000000003ffea648        0x4 /Volumes/esp-open-sdk/esp-open-sdk/sdk/lib/libmain.a(spi_flash.o)
                0x000000003ffea648                flash_read
 *fill*         0x000000003ffea64c        0x4 
 .bss           0x000000003ffea650      0x151 /Volumes/esp-open-sdk/esp-open-sdk/sdk/lib/libmain.a(user_interface.o)
                0x000000003ffea747                deep_sleep_flag
                0x000000003ffea748                cpu_overclock
                0x000000003ffea74c                event_cb
                0x000000003ffea750                status_led_output_level
                0x000000003ffea754                done_cb
                0x000000003ffea758                rst_if
                0x000000003ffea774                default_interface
                0x000000003ffea775                OpmodChgIsOnGoing
                0x000000003ffea778                bcn_ie
                0x000000003ffea780                promiscuous_cb
 *fill*         0x000000003ffea7a1        0x3 
 .bss           0x000000003ffea7a4        0xc /Volumes/esp-open-sdk/esp-open-sdk/sdk/lib/libmain.a(eagle_lwip_if.o)
                0x000000003ffea7a4                hostname
 .bss           0x000000003ffea7b0        0x4 /Volumes/esp-open-sdk/esp-open-sdk/sdk/lib/libphy.a(phy.o)
 .bss           0x000000003ffea7b4        0x2 /Volumes/esp-open-sdk/esp-open-sdk/sdk/lib/libphy.a(phy_chip_v6_ana.o)
                0x000000003ffea7b4                tout_dis_txpwr_track
                0x000000003ffea7b5                sleep_mode_flag
 *fill*         0x000000003ffea7b6        0xa 
 .bss           0x000000003ffea7c0      0x353 /Volumes/esp-open-sdk/esp-open-sdk/sdk/lib/libphy.a(phy_chip_v6.o)
                0x000000003ffea7c0                g_phyFuns
                0x000000003ffea7c4                rxiq_compute_num
                0x000000003ffea7c8                rxdc_init_flag
                0x000000003ffea7cc                check_result
                0x000000003ffea7d0                chip6_sleep_params
                0x000000003ffea958                chip6_phy_init_ctrl
                0x000000003ffea9cc                phy_freq_offset
                0x000000003ffea9ce                do_pwctrl_flag
                0x000000003ffea9cf                pwctrl_debug
                0x000000003ffea9d0                txbk_dpdby_flag
                0x000000003ffea9d2                sw_scan_mode
                0x000000003ffea9d3                rxmax_ext_level
                0x000000003ffea9e4                periodic_cal_dc_num
                0x000000003ffea9e8                periodic_cal_flag
                0x000000003ffea9e9                bbpll_cal_flag
                0x000000003ffea9ea                phy_in_most_power
                0x000000003ffea9eb                txpwr_adjust_quick
                0x000000003ffea9ec                rtc_mem_check_fail
                0x000000003ffea9f0                test_print_time
                0x000000003ffea9f4                phy_in_vdd33_offset
                0x000000003ffea9f5                phy_set_most_tpw_disbg
                0x000000003ffea9f6                phy_set_most_tpw_index
                0x000000003ffea9f8                adc_rand_noise
                0x000000003ffea9fc                dpd_bypass_original
                0x000000003ffeaa00                noise_array
 *fill*         0x000000003ffeab13        0x1 
 .bss           0x000000003ffeab14        0x6 /Volumes/esp-open-sdk/esp-open-sdk/sdk/lib/libphy.a(phy_chip_v6_cal.o)
                0x000000003ffeab14                loop_pwctrl_pwdet_error_accum_high_power
                0x000000003ffeab16                tx_pwctrl_pk_num
                0x000000003ffeab17                loop_pwctrl_correct_atten_high_power
                0x000000003ffeab18                tx_pwctrl_set_chan_flag
                0x000000003ffeab19                rxiq_cover_fail_num
 *fill*         0x000000003ffeab1a        0x2 
 .bss           0x000000003ffeab1c        0x7 /Volumes/esp-open-sdk/esp-open-sdk/sdk/lib/libphy.a(phy_sleep.o)
                0x000000003ffeab1c                periodic_cal_sat
                0x000000003ffeab1e                lslp_mem_opt_8266
                0x000000003ffeab20                software_slp_reject
                0x000000003ffeab21                SDIO_slp_reject
                0x000000003ffeab22                hardware_reject
 *fill*         0x000000003ffeab23        0xd 
 .bss           0x000000003ffeab30       0x30 /Volumes/esp-open-sdk/esp-open-sdk/sdk/lib/libpp.a(if_hwctrl.o)
                0x000000003ffeab30                interface_mask
                0x000000003ffeab40                if_ctrl
 .bss           0x000000003ffeab60      0x150 /Volumes/esp-open-sdk/esp-open-sdk/sdk/lib/libpp.a(lmac.o)
                0x000000003ffeab64                lmacConfMib
 .bss           0x000000003ffeacb0      0x11a /Volumes/esp-open-sdk/esp-open-sdk/sdk/lib/libpp.a(pm.o)
                0x000000003ffeacb0                pmc
 *fill*         0x000000003ffeadca        0x2 
 .bss           0x000000003ffeadcc       0x30 /Volumes/esp-open-sdk/esp-open-sdk/sdk/lib/libpp.a(pm_for_bcn_only_mode.o)
 *fill*         0x000000003ffeadfc        0x4 
 .bss           0x000000003ffeae00      0x2e2 /Volumes/esp-open-sdk/esp-open-sdk/sdk/lib/libpp.a(pp.o)
                0x000000003ffeae18                pend_flag_noise_check
                0x000000003ffeae20                pend_flag_periodic_cal
                0x000000003ffeae38                idle_timer_reopen_flag
                0x000000003ffeae39                dbg_stop_sw_wdt
                0x000000003ffeae3a                dbg_stop_hw_wdt
                0x000000003ffeae3c                DefFreqCalTimer
                0x000000003ffeae50                HighestFreqOffsetInOneChk
                0x000000003ffeae52                LowestFreqOffsetInOneChk
 *fill*         0x000000003ffeb0e2        0xe 
 .bss           0x000000003ffeb0f0      0x100 /Volumes/esp-open-sdk/esp-open-sdk/sdk/lib/libpp.a(rate_control.o)
 .bss           0x000000003ffeb1f0      0x46c /Volumes/esp-open-sdk/esp-open-sdk/sdk/lib/libpp.a(trc.o)
 *fill*         0x000000003ffeb65c        0x4 
 .bss           0x000000003ffeb660     0x2f68 /Volumes/esp-open-sdk/esp-open-sdk/sdk/lib/libpp.a(wdev.o)
                0x000000003ffeb660                wDevCtrl
                0x000000003ffeb808                WdevTimOffSet
 *fill*         0x000000003ffee5c8        0x8 
 .bss           0x000000003ffee5d0     0x1294 /Volumes/esp-open-sdk/esp-open-sdk/sdk/lib/libpp.a(esf_buf.o)
 .bss           0x000000003ffef864      0x548 /Volumes/esp-open-sdk/esp-open-sdk/sdk/lib/libnet80211.a(ieee80211.o)
                0x000000003ffef864                g_ic
 .bss           0x000000003ffefdac       0x40 /Volumes/esp-open-sdk/esp-open-sdk/sdk/lib/libnet80211.a(ieee80211_hostap.o)
                0x000000003ffefdac                BcnEb_update
                0x000000003ffefdd0                PendFreeBcnEb
                0x000000003ffefdd4                ApFreqCalTimer
 .bss           0x000000003ffefdec       0xc8 /Volumes/esp-open-sdk/esp-open-sdk/sdk/lib/libnet80211.a(ieee80211_scan.o)
                0x000000003ffefdec                gScanStruct
                0x000000003ffefe98                connect_scan_flag
                0x000000003ffefe99                FreqCalCntForScan
                0x000000003ffefe9a                TestStaFreqCalValInput
                0x000000003ffefe9c                auth_type
                0x000000003ffefe9e                scannum
 *fill*         0x000000003ffefeb4        0x4 
 .bss           0x000000003ffefeb8       0x10 /Volumes/esp-open-sdk/esp-open-sdk/sdk/lib/libnet80211.a(ieee80211_sta.o)
 .bss           0x000000003ffefec8       0x3c /Volumes/esp-open-sdk/esp-open-sdk/sdk/lib/libnet80211.a(wl_chm.o)
 *fill*         0x000000003ffeff04        0x4 
 .bss           0x000000003ffeff08      0x378 /Volumes/esp-open-sdk/esp-open-sdk/sdk/lib/libnet80211.a(wl_cnx.o)
                0x000000003fff0268                sta_con_timer
                0x000000003fff027c                g_cnx_probe_rc_list_cb
 .bss           0x000000003fff0280       0x10 /Volumes/esp-open-sdk/esp-open-sdk/sdk/lib/libnet80211.a(ieee80211_action_vendor.o)
 .bss           0x000000003fff0290       0x38 /Volumes/esp-open-sdk/esp-open-sdk/sdk/lib/liblwip.a(dhcp.o)
                0x000000003fff0290                dhcp_rx_options_given
                0x000000003fff02a0                dhcp_rx_options_val
 .bss           0x000000003fff02c8       0x24 /Volumes/esp-open-sdk/esp-open-sdk/sdk/lib/liblwip.a(dhcpserver.o)
                0x000000003fff02d8                s
 *fill*         0x000000003fff02ec        0x4 
 .bss           0x000000003fff02f0      0x480 /Volumes/esp-open-sdk/esp-open-sdk/sdk/lib/liblwip.a(dns.o)
 .bss           0x000000003fff0770       0x78 /Volumes/esp-open-sdk/esp-open-sdk/sdk/lib/liblwip.a(espconn_tcp.o)
                0x000000003fff0770                espconn_TaskQueue
 *fill*         0x000000003fff07e8        0x8 
 .bss           0x000000003fff07f0      0x100 /Volumes/esp-open-sdk/esp-open-sdk/sdk/lib/liblwip.a(etharp.o)
                0x000000003fff07f4                ethzero
 .bss           0x000000003fff08f0       0x10 /Volumes/esp-open-sdk/esp-open-sdk/sdk/lib/liblwip.a(ip_addr.o)
 .bss           0x000000003fff0900       0x12 /Volumes/esp-open-sdk/esp-open-sdk/sdk/lib/liblwip.a(ip.o)
                0x000000003fff0900                current_iphdr_dest
                0x000000003fff0904                current_iphdr_src
                0x000000003fff0908                current_netif
                0x000000003fff090c                current_header
 *fill*         0x000000003fff0912        0x2 
 .bss           0x000000003fff0914        0x9 /Volumes/esp-open-sdk/esp-open-sdk/sdk/lib/liblwip.a(netif.o)
                0x000000003fff0914                netif_list
                0x000000003fff0918                netif_default
 *fill*         0x000000003fff091d        0x3 
 .bss           0x000000003fff0920        0x4 /Volumes/esp-open-sdk/esp-open-sdk/sdk/lib/liblwip.a(raw.o)
 .bss           0x000000003fff0924       0x34 /Volumes/esp-open-sdk/esp-open-sdk/sdk/lib/liblwip.a(tcp_in.o)
                0x000000003fff0954                tcp_input_pcb
 .bss           0x000000003fff0958       0x1c /Volumes/esp-open-sdk/esp-open-sdk/sdk/lib/liblwip.a(tcp.o)
                0x000000003fff095c                tcp_active_pcbs
                0x000000003fff0960                tcp_tmp_pcb
                0x000000003fff0964                tcp_tw_pcbs
                0x000000003fff0968                tcp_bound_pcbs
                0x000000003fff096c                tcp_listen_pcbs
                0x000000003fff0970                tcp_ticks
 .bss           0x000000003fff0974        0xc /Volumes/esp-open-sdk/esp-open-sdk/sdk/lib/liblwip.a(timers.o)
 .bss           0x000000003fff0980        0x4 /Volumes/esp-open-sdk/esp-open-sdk/sdk/lib/liblwip.a(udp.o)
                0x000000003fff0980                udp_pcbs
 *fill*         0x000000003fff0984        0xc 
 .bss           0x000000003fff0990      0x104 /Volumes/esp-open-sdk/esp-open-sdk/sdk/lib/liblwip.a(espconn.o)
                0x000000003fff0990                plink_active
                0x000000003fff0994                pserver_list
                0x000000003fff09a0                premot
                0x000000003fff0a60                pktinfo
 .bss           0x000000003fff0a94        0xc /Volumes/esp-open-sdk/esp-open-sdk/sdk/lib/liblwip.a(igmp.o)
 .bss           0x000000003fff0aa0      0x26a /Volumes/esp-open-sdk/esp-open-sdk/sdk/lib/libwpa.a(wpa.o)
 *fill*         0x000000003fff0d0a        0x6 
 .bss           0x000000003fff0d10        0x8 /Volumes/esp-open-sdk/esp-open-sdk/sdk/lib/libnet80211.a(ieee80211_crypto_tkip.o)
 *(.bss.*)
 .bss._ZL5ESP01
                0x000000003fff0d18       0x30 /opt/sming/Sming/compiler/lib//libsming.a(user_main.o)
 .bss._ZL11INADDR_NONE
                0x000000003fff0d48        0x8 /opt/sming/Sming/compiler/lib//libsming.a(user_main.o)
 .bss.System    0x000000003fff0d50       0x2c /opt/sming/Sming/compiler/lib//libsming.a(System.o)
                0x000000003fff0d50                System
 .bss.spiffs_cache
                0x000000003fff0d7c      0x480 /opt/sming/Sming/compiler/lib//libsming.a(spiffs.o)
 .bss.spiffs_fds
                0x000000003fff11fc       0xe0 /opt/sming/Sming/compiler/lib//libsming.a(spiffs.o)
 .bss.spiffs_work_buf
                0x000000003fff12dc      0x200 /opt/sming/Sming/compiler/lib//libsming.a(spiffs.o)
 .bss._ZL5ESP01
                0x000000003fff14dc       0x30 /opt/sming/Sming/compiler/lib//libsming.a(m_printf.o)
 .bss._ZL11INADDR_NONE
                0x000000003fff150c        0x8 /opt/sming/Sming/compiler/lib//libsming.a(m_printf.o)
 .bss._ZL5ESP01
                0x000000003fff1514       0x30 /opt/sming/Sming/compiler/lib//libsming.a(IPAddress.o)
 .bss._ZL11INADDR_NONE
                0x000000003fff1544        0x8 /opt/sming/Sming/compiler/lib//libsming.a(IPAddress.o)
 .bss._ZL11INADDR_NONE
                0x000000003fff154c        0x8 /opt/sming/Sming/compiler/lib//libsming.a(Print.o)
 .bss._ZZN6StringixEjE19dummy_writable_char
                0x000000003fff1554        0x1 /opt/sming/Sming/compiler/lib//libsming.a(WString.o)
 *fill*         0x000000003fff1555        0x3 
 .bss._ZL11INADDR_NONE
                0x000000003fff1558        0x8 /opt/sming/Sming/compiler/lib//libsming.a(WString.o)
 .bss._delegateFunctionList
                0x000000003fff1560       0x40 /opt/sming/Sming/compiler/lib//libsming.a(Interrupts.o)
                0x000000003fff1560                _delegateFunctionList
 .bss._ZL11INADDR_NONE
                0x000000003fff15a0        0x8 /opt/sming/Sming/compiler/lib//libsming.a(Interrupts.o)
 .bss._ZL11INADDR_NONE
                0x000000003fff15a8        0x8 /opt/sming/Sming/compiler/lib//libsming.a(Digital.o)
 .bss.volumeALLCH
                0x000000003fff15b0        0x4 out/build/app_app.a(application.o)
                0x000000003fff15b0                volumeALLCH
 .bss.volumeSW  0x000000003fff15b4        0x4 out/build/app_app.a(application.o)
                0x000000003fff15b4                volumeSW
 .bss.volumeCEN
                0x000000003fff15b8        0x4 out/build/app_app.a(application.o)
                0x000000003fff15b8                volumeCEN
 .bss.volumeRL  0x000000003fff15bc        0x4 out/build/app_app.a(application.o)
                0x000000003fff15bc                volumeRL
 .bss.volumeRR  0x000000003fff15c0        0x4 out/build/app_app.a(application.o)
                0x000000003fff15c0                volumeRR
 .bss.volumeFL  0x000000003fff15c4        0x4 out/build/app_app.a(application.o)
                0x000000003fff15c4                volumeFL
 .bss.volumeFR  0x000000003fff15c8        0x4 out/build/app_app.a(application.o)
                0x000000003fff15c8                volumeFR
 .bss.PT2258_CEN_10DB
                0x000000003fff15cc        0x4 out/build/app_app.a(application.o)
                0x000000003fff15cc                PT2258_CEN_10DB
 .bss.CHAN_ALL  0x000000003fff15d0        0x4 out/build/app_app.a(application.o)
                0x000000003fff15d0                CHAN_ALL
 .bss.DEVICE_REG_MODE1
                0x000000003fff15d4        0x4 out/build/app_app.a(application.o)
                0x000000003fff15d4                DEVICE_REG_MODE1
 .bss.ftp       0x000000003fff15d8       0x38 out/build/app_app.a(application.o)
                0x000000003fff15d8                ftp
 .bss.server    0x000000003fff1610       0x74 out/build/app_app.a(application.o)
                0x000000003fff1610                server
 .bss.lcd       0x000000003fff1684       0x24 out/build/app_app.a(application.o)
                0x000000003fff1684                lcd
 .bss._ZL5ESP01
                0x000000003fff16a8       0x30 out/build/app_app.a(application.o)
 .bss._ZL11INADDR_NONE
                0x000000003fff16d8        0x8 out/build/app_app.a(application.o)
 .bss._ZL11INADDR_NONE
                0x000000003fff16e0        0x8 /opt/sming/Sming/compiler/lib//libsming.a(Clock.o)
 .bss._ZL11INADDR_NONE
                0x000000003fff16e8        0x8 /opt/sming/Sming/compiler/lib//libsming.a(DataSourceStream.o)
 .bss.Serial    0x000000003fff16f0       0x14 /opt/sming/Sming/compiler/lib//libsming.a(HardwareSerial.o)
                0x000000003fff16f0                Serial
 .bss._ZN14HardwareSerial10memberDataE
                0x000000003fff1704       0x18 /opt/sming/Sming/compiler/lib//libsming.a(HardwareSerial.o)
                0x000000003fff1704                _ZN14HardwareSerial10memberDataE
 .bss._ZL11INADDR_NONE
                0x000000003fff171c        0x8 /opt/sming/Sming/compiler/lib//libsming.a(HardwareSerial.o)
 .bss.Wire      0x000000003fff1724       0x8c /opt/sming/Sming/compiler/lib//libsming.a(Wire.o)
                0x000000003fff1724                Wire
 .bss._ZL11INADDR_NONE
                0x000000003fff17b0        0x8 /opt/sming/Sming/compiler/lib//libsming.a(Wire.o)
 .bss._ZL11INADDR_NONE
                0x000000003fff17b8        0x8 /opt/sming/Sming/compiler/lib//libsming.a(FTPServer.o)
 .bss._ZL11INADDR_NONE
                0x000000003fff17c0        0x8 /opt/sming/Sming/compiler/lib//libsming.a(FTPServerConnection.o)
 .bss._ZL11INADDR_NONE
                0x000000003fff17c8        0x8 /opt/sming/Sming/compiler/lib//libsming.a(HttpRequest.o)
 .bss._ZL11INADDR_NONE
                0x000000003fff17d0        0x8 /opt/sming/Sming/compiler/lib//libsming.a(HttpResponse.o)
 .bss._ZL11INADDR_NONE
                0x000000003fff17d8        0x8 /opt/sming/Sming/compiler/lib//libsming.a(HttpServer.o)
 .bss._ZL11INADDR_NONE
                0x000000003fff17e0        0x8 /opt/sming/Sming/compiler/lib//libsming.a(HttpServerConnection.o)
 .bss._ZL11INADDR_NONE
                0x000000003fff17e8        0x8 /opt/sming/Sming/compiler/lib//libsming.a(TcpConnection.o)
 .bss._ZN9TcpServer16totalConnectionsE
                0x000000003fff17f0        0x2 /opt/sming/Sming/compiler/lib//libsming.a(TcpServer.o)
                0x000000003fff17f0                _ZN9TcpServer16totalConnectionsE
 *fill*         0x000000003fff17f2        0x2 
 .bss._ZL11INADDR_NONE
                0x000000003fff17f4        0x8 /opt/sming/Sming/compiler/lib//libsming.a(TcpServer.o)
 .bss._ZL11INADDR_NONE
                0x000000003fff17fc        0x8 /opt/sming/Sming/compiler/lib//libsming.a(WebSocket.o)
 .bss.WifiAccessPoint
                0x000000003fff1804        0x8 /opt/sming/Sming/compiler/lib//libsming.a(AccessPoint.o)
                0x000000003fff1804                WifiAccessPoint
 .bss._ZL5ESP01
                0x000000003fff180c       0x30 /opt/sming/Sming/compiler/lib//libsming.a(AccessPoint.o)
 .bss._ZL11INADDR_NONE
                0x000000003fff183c        0x8 /opt/sming/Sming/compiler/lib//libsming.a(AccessPoint.o)
 .bss.WifiStation
                0x000000003fff1844       0x20 /opt/sming/Sming/compiler/lib//libsming.a(Station.o)
                0x000000003fff1844                WifiStation
 .bss._ZL5ESP01
                0x000000003fff1864       0x30 /opt/sming/Sming/compiler/lib//libsming.a(Station.o)
 .bss._ZL11INADDR_NONE
                0x000000003fff1894        0x8 /opt/sming/Sming/compiler/lib//libsming.a(Station.o)
 .bss.WDT       0x000000003fff189c        0x8 /opt/sming/Sming/compiler/lib//libsming.a(WDT.o)
                0x000000003fff189c                WDT
 *fill*         0x000000003fff18a4        0x4 
 .bss._ZN11ArduinoJson11JsonVariant8_invalidE
                0x000000003fff18a8       0x10 /opt/sming/Sming/compiler/lib//libsming.a(ArduinoJson.o)
                0x000000003fff18a8                _ZN11ArduinoJson11JsonVariant8_invalidE
 .bss._ZN11ArduinoJson10JsonObject8_invalidE
                0x000000003fff18b8        0x8 /opt/sming/Sming/compiler/lib//libsming.a(ArduinoJson.o)
                0x000000003fff18b8                _ZN11ArduinoJson10JsonObject8_invalidE
 .bss._ZN11ArduinoJson17JsonStringStorage8_invalidE
                0x000000003fff18c0        0x8 /opt/sming/Sming/compiler/lib//libsming.a(ArduinoJson.o)
                0x000000003fff18c0                _ZN11ArduinoJson17JsonStringStorage8_invalidE
 .bss._ZN11ArduinoJson9JsonArray8_invalidE
                0x000000003fff18c8        0x8 /opt/sming/Sming/compiler/lib//libsming.a(ArduinoJson.o)
                0x000000003fff18c8                _ZN11ArduinoJson9JsonArray8_invalidE
 .bss._ZL11INADDR_NONE
                0x000000003fff18d0        0x8 /opt/sming/Sming/compiler/lib//libsming.a(CommandExecutor.o)
 .bss.commandHandler
                0x000000003fff18d8        0x4 /opt/sming/Sming/compiler/lib//libsming.a(CommandHandler.o)
                0x000000003fff18d8                commandHandler
 .bss._ZL11INADDR_NONE
                0x000000003fff18dc        0x8 /opt/sming/Sming/compiler/lib//libsming.a(CommandHandler.o)
 .bss._ZL11INADDR_NONE
                0x000000003fff18e4        0x8 /opt/sming/Sming/compiler/lib//libsming.a(CommandOutput.o)
 .bss._ZL5ESP01
                0x000000003fff18ec       0x30 /opt/sming/Sming/compiler/lib//libsming.a(LCD.o)
 .bss._ZL11INADDR_NONE
                0x000000003fff191c        0x8 /opt/sming/Sming/compiler/lib//libsming.a(LCD.o)
 .bss._ZL5ESP01
                0x000000003fff1924       0x30 /opt/sming/Sming/compiler/lib//libsming.a(LiquidCrystal_I2C.o)
 .bss._ZL11INADDR_NONE
                0x000000003fff1954        0x8 /opt/sming/Sming/compiler/lib//libsming.a(LiquidCrystal_I2C.o)
 .bss._ZL11INADDR_NONE
                0x000000003fff195c        0x8 /opt/sming/Sming/compiler/lib//libsming.a(I2cMaster.o)
 *fill*         0x000000003fff1964        0x4 
 .bss.SystemClock
                0x000000003fff1968       0x18 /opt/sming/Sming/compiler/lib//libsming.a(SystemClock.o)
                0x000000003fff1968                SystemClock
 .bss._ZL11INADDR_NONE
                0x000000003fff1980        0x8 /opt/sming/Sming/compiler/lib//libsming.a(SystemClock.o)
 .bss._ZL11INADDR_NONE
                0x000000003fff1988        0x8 /opt/sming/Sming/compiler/lib//libsming.a(TcpClient.o)
 .bss.RTC       0x000000003fff1990        0x1 /opt/sming/Sming/compiler/lib//libsming.a(RTC.o)
                0x000000003fff1990                RTC
 *fill*         0x000000003fff1991        0x3 
 .bss._ZL11INADDR_NONE
                0x000000003fff1994        0x8 /opt/sming/Sming/compiler/lib//libsming.a(CommandDelegate.o)
 .bss._ZL5ESP01
                0x000000003fff199c       0x30 /opt/sming/Sming/compiler/lib//libsming.a(DateTime.o)
 .bss._ZL11INADDR_NONE
                0x000000003fff19cc        0x8 /opt/sming/Sming/compiler/lib//libsming.a(DateTime.o)
 .bss._ZL5ESP01
                0x000000003fff19d4       0x30 /opt/sming/Sming/compiler/lib//libsming.a(I2CIO.o)
 .bss._ZL11INADDR_NONE
                0x000000003fff1a04        0x8 /opt/sming/Sming/compiler/lib//libsming.a(I2CIO.o)
 *(.gnu.linkonce.b.*)
 *(COMMON)
 COMMON         0x000000003fff1a0c       0x64 /opt/sming/Sming/compiler/lib//libsming.a(spiffs.o)
                0x000000003fff1a0c                _filesystemStorageHandle
                0x000000003fff1a70                . = ALIGN (0x8)
                0x000000003fff1a70                _bss_end = ABSOLUTE (.)
                0x000000003fff1a70                _heap_start = ABSOLUTE (.)

.irom0.text     0x0000000040209000    0x39aa3
                0x0000000040209000                _irom0_text_start = ABSOLUTE (.)
 *(.irom0.literal .irom.literal .irom.text.literal .irom0.text .irom.text)
 .irom0.text    0x0000000040209000      0x769 /Volumes/esp-open-sdk/esp-open-sdk/sdk/lib/libmain.a(app_main.o)
                                        0x8d5 (size before relaxing)
                0x00000000402091e8                wdt_init
                0x0000000040209274                user_uart_wait_tx_fifo_empty
                0x0000000040209340                user_rf_pre_init
 *fill*         0x0000000040209769        0x3 
 .irom0.text    0x000000004020976c      0x186 /Volumes/esp-open-sdk/esp-open-sdk/sdk/lib/libmain.a(ets_timer.o)
                                        0x1b2 (size before relaxing)
                0x0000000040209774                ets_timer_done
                0x00000000402097c0                ets_timer_handler_isr
                0x0000000040209890                ets_timer_init
 *fill*         0x00000000402098f2        0x2 
 .irom0.text    0x00000000402098f4       0x4e /Volumes/esp-open-sdk/esp-open-sdk/sdk/lib/libmain.a(mem_manager.o)
                                         0x52 (size before relaxing)
                0x00000000402098f8                xPortGetFreeHeapSize
                0x0000000040209900                vPortInitialiseBlocks
 *fill*         0x0000000040209942        0x2 
 .irom0.text    0x0000000040209944     0x2b59 /Volumes/esp-open-sdk/esp-open-sdk/sdk/lib/libmain.a(user_interface.o)
                                       0x3399 (size before relaxing)
                0x0000000040209948                system_set_os_print
                0x0000000040209958                system_get_os_print
                0x0000000040209b20                system_pp_recycle_rx_pkt
                0x0000000040209b34                system_adc_read
                0x0000000040209b4c                system_get_vdd33
                0x0000000040209b78                system_restart_local
                0x0000000040209c4c                system_restart
                0x0000000040209ca4                system_restore
                0x0000000040209d00                system_get_flash_size_map
                0x0000000040209d20                system_get_boot_version
                0x0000000040209d58                system_get_test_result
                0x0000000040209d80                system_get_userbin_addr
                0x0000000040209e18                system_get_boot_mode
                0x0000000040209e48                system_restart_enhance
                0x0000000040209f78                system_upgrade_userbin_set
                0x0000000040209fc4                system_upgrade_userbin_check
                0x000000004020a004                system_upgrade_flag_set
                0x000000004020a018                system_upgrade_flag_check
                0x000000004020a040                system_upgrade_reboot
                0x000000004020a150                system_deep_sleep
                0x000000004020a1b0                system_deep_sleep_set_option
                0x000000004020a1cc                system_phy_temperature_alert
                0x000000004020a1e0                system_phy_set_max_tpw
                0x000000004020a1f4                system_phy_set_tpw_via_vdd33
                0x000000004020a208                system_phy_set_rfoption
                0x000000004020a220                system_update_cpu_freq
                0x000000004020a27c                system_get_cpu_freq
                0x000000004020a294                system_overclock
                0x000000004020a2c0                system_restoreclock
                0x000000004020a2f0                system_timer_reinit
                0x000000004020a308                system_relative_time
                0x000000004020a328                system_station_got_ip_set
                0x000000004020a430                system_print_meminfo
                0x000000004020a490                system_get_free_heap_size
                0x000000004020a4a8                system_get_chip_id
                0x000000004020a4cc                system_rtc_clock_cali_proc
                0x000000004020a4e0                system_get_rtc_time
                0x000000004020a4f4                system_mktime
                0x000000004020a5c4                system_init_done_cb
                0x000000004020a5cc                system_get_rst_info
                0x000000004020a5d4                system_get_data_of_array_8
                0x000000004020a5f8                system_get_data_of_array_16
                0x000000004020a624                system_get_string_from_flash
                0x000000004020a690                wifi_softap_dhcps_start
                0x000000004020a6d8                wifi_softap_dhcps_stop
                0x000000004020a718                wifi_softap_dhcps_status
                0x000000004020a720                wifi_station_dhcpc_start
                0x000000004020a778                wifi_station_dhcpc_stop
                0x000000004020a7b8                wifi_station_dhcpc_status
                0x000000004020a824                wifi_get_opmode
                0x000000004020a838                wifi_get_opmode_default
                0x000000004020a8b4                wifi_get_broadcast_if
                0x000000004020a8f0                wifi_set_broadcast_if
                0x000000004020aa00                wifi_set_opmode
                0x000000004020aa14                wifi_set_opmode_current
                0x000000004020aa28                system_get_checksum
                0x000000004020aa68                wifi_param_save_protect_with_check
                0x000000004020aaf0                system_param_save_with_protect
                0x000000004020ab98                system_save_sys_param
                0x000000004020abc4                system_param_load
                0x000000004020acf0                wifi_station_get_config
                0x000000004020ad04                wifi_station_get_config_default
                0x000000004020ad24                wifi_station_get_ap_info
                0x000000004020addc                wifi_station_ap_number_set
                0x000000004020b080                wifi_station_set_config
                0x000000004020b094                wifi_station_set_config_current
                0x000000004020b0a8                wifi_station_get_current_ap_id
                0x000000004020b0bc                wifi_station_ap_check
                0x000000004020b0f4                wifi_station_ap_change
                0x000000004020b1e8                wifi_station_scan
                0x000000004020b234                wifi_station_get_auto_connect
                0x000000004020b248                wifi_station_set_auto_connect
                0x000000004020b29c                wifi_station_connect
                0x000000004020b330                wifi_station_disconnect
                0x000000004020b3f0                wifi_station_get_connect_status
                0x000000004020b420                wifi_station_set_reconnect_policy
                0x000000004020b438                wifi_station_get_reconnect_policy
                0x000000004020b440                wifi_station_get_rssi
                0x000000004020b488                wifi_station_set_default_hostname
                0x000000004020b4e0                wifi_station_get_hostname
                0x000000004020b508                wifi_station_set_hostname
                0x000000004020b594                wifi_softap_cacl_mac
                0x000000004020b600                wifi_softap_set_default_ssid
                0x000000004020b7c8                wifi_softap_get_config
                0x000000004020b7dc                wifi_softap_get_config_default
                0x000000004020ba44                wifi_softap_set_config
                0x000000004020ba58                wifi_softap_set_config_current
                0x000000004020ba6c                wifi_softap_set_station_info
                0x000000004020bad4                wifi_softap_get_station_info
                0x000000004020bb7c                wifi_softap_free_station_info
                0x000000004020bbb8                wifi_softap_get_station_num
                0x000000004020bc0c                wifi_softap_deauth
                0x000000004020bcbc                wifi_softap_get_beacon_only_mode
                0x000000004020bcd0                wifi_softap_set_beacon_only_mode
                0x000000004020bd38                wifi_set_user_ie
                0x000000004020bda8                wifi_get_user_ie
                0x000000004020bdb8                wifi_get_phy_mode
                0x000000004020bdc0                wifi_set_phy_mode
                0x000000004020be88                wifi_set_sleep_type
                0x000000004020bea4                wifi_get_sleep_type
                0x000000004020bebc                wifi_get_channel
                0x000000004020bed4                wifi_set_channel
                0x000000004020bf18                wifi_promiscuous_set_mac
                0x000000004020bf78                wifi_promiscuous_enable
                0x000000004020c05c                wifi_set_promiscuous_rx_cb
                0x000000004020c06c                wifi_get_ip_info
                0x000000004020c0ec                wifi_set_ip_info
                0x000000004020c160                wifi_get_macaddr
                0x000000004020c1c0                wifi_set_macaddr
                0x000000004020c2a8                wifi_enable_6m_rate
                0x000000004020c2b0                wifi_get_user_fixed_rate
                0x000000004020c2d0                wifi_set_user_fixed_rate
                0x000000004020c2f0                wifi_send_pkt_freedom
                0x000000004020c348                wifi_status_led_install
                0x000000004020c37c                wifi_status_led_uninstall
                0x000000004020c3a0                wifi_set_status_led_output_level
                0x000000004020c3b4                wifi_set_event_handler_cb
                0x000000004020c3c4                system_os_task
                0x000000004020c404                system_uart_swap
                0x000000004020c464                system_uart_de_swap
                0x000000004020c498                system_get_sdk_version
 *fill*         0x000000004020c49d        0x3 
 .irom0.text    0x000000004020c4a0      0x5eb /Volumes/esp-open-sdk/esp-open-sdk/sdk/lib/libmain.a(eagle_lib.o)
                                        0x5fb (size before relaxing)
                0x000000004020c4a4                divide
                0x000000004020c4e0                skip_atoi
                0x000000004020c660                ets_vsnprintf
                0x000000004020c9c0                ets_vsprintf
                0x000000004020c9e4                ets_sprintf
                0x000000004020ca0c                ets_strcat
                0x000000004020ca2c                ets_strrchr
                0x000000004020ca58                ets_strchr
                0x000000004020ca70                bit_popcount
 *fill*         0x000000004020ca8b        0x1 
 .irom0.text    0x000000004020ca8c      0x2c6 /Volumes/esp-open-sdk/esp-open-sdk/sdk/lib/libmain.a(eagle_lwip_if.o)
                                        0x366 (size before relaxing)
                0x000000004020cb3c                eagle_lwip_if_alloc
                0x000000004020ccd4                eagle_lwip_if_free
                0x000000004020cd30                eagle_lwip_getif
 *fill*         0x000000004020cd52        0x2 
 .irom0.literal
                0x000000004020cd54        0x0 /opt/sming/Sming/compiler/lib//libmicroc.a(strchr.o)
                                          0x4 (size before relaxing)
 .irom0.literal
                0x000000004020cd54        0x0 /opt/sming/Sming/compiler/lib//libmicroc.a(strrchr.o)
                                          0x4 (size before relaxing)
 .irom0.literal
                0x000000004020cd54        0xc /opt/sming/Sming/compiler/lib//libmicroc.a(strchrnul.o)
 .irom0.literal
                0x000000004020cd60        0x4 /opt/sming/Sming/compiler/lib//libmicroc.a(malloc.o)
                                         0x14 (size before relaxing)
 .irom0.literal
                0x000000004020cd64        0x4 /opt/sming/Sming/compiler/lib//libmicroc.a(abort.o)
                                          0x8 (size before relaxing)
 .irom0.literal
                0x000000004020cd68        0x0 /opt/sming/Sming/compiler/lib//libmicroc.a(memchr.o)
                                          0x8 (size before relaxing)
 .irom0.literal
                0x000000004020cd68        0x8 /opt/sming/Sming/compiler/lib//libmicrogcc.a(_divsf3.o)
                                         0x10 (size before relaxing)
 .irom0.text    0x000000004020cd70       0x25 /opt/sming/Sming/compiler/lib//libmicroc.a(strchr.o)
                                         0x29 (size before relaxing)
                0x000000004020cd70                strchr
 *fill*         0x000000004020cd95        0x3 
 .irom0.text    0x000000004020cd98        0xf /opt/sming/Sming/compiler/lib//libmicroc.a(strrchr.o)
                                         0x13 (size before relaxing)
                0x000000004020cd98                strrchr
 *fill*         0x000000004020cda7        0x1 
 .irom0.text    0x000000004020cda8       0x75 /opt/sming/Sming/compiler/lib//libmicroc.a(strchrnul.o)
                0x000000004020cda8                __strchrnul
                0x000000004020cda8                strchrnul
 *fill*         0x000000004020ce1d        0x3 
 .irom0.text    0x000000004020ce20       0x65 /opt/sming/Sming/compiler/lib//libmicroc.a(malloc.o)
                0x000000004020ce20                malloc
                0x000000004020ce34                free
                0x000000004020ce48                realloc
                0x000000004020ce5c                zalloc
                0x000000004020ce70                calloc
 *fill*         0x000000004020ce85        0x3 
 .irom0.text    0x000000004020ce88       0x11 /opt/sming/Sming/compiler/lib//libmicroc.a(abort.o)
                0x000000004020ce88                abort
 *fill*         0x000000004020ce99        0x3 
 .irom0.text    0x000000004020ce9c       0xfa /Volumes/esp-open-sdk/esp-open-sdk/sdk/lib/libphy.a(phy.o)
                                        0x11e (size before relaxing)
                0x000000004020cea0                rf_init
                0x000000004020cebc                bb_init
                0x000000004020ced4                phy_init
                0x000000004020cf04                RFChannelSel
                0x000000004020cf20                phy_delete_channel
                0x000000004020cf38                phy_enable_agc
                0x000000004020cf50                phy_disable_agc
                0x000000004020cf68                phy_initialize_bb
                0x000000004020cf80                phy_set_sense
 *fill*         0x000000004020cf96        0x2 
 .irom0.text    0x000000004020cf98     0x1767 /Volumes/esp-open-sdk/esp-open-sdk/sdk/lib/libphy.a(phy_chip_v6_ana.o)
                                       0x193f (size before relaxing)
                0x000000004020cf9c                ram_pbus_set_rxgain
                0x000000004020d078                ram_pbus_debugmode
                0x000000004020d12c                ram_pbus_xpd_tx_on
                0x000000004020d198                set_rf_freq_offset
                0x000000004020d20c                chip_v6_rxmax_ext_ana
                0x000000004020d360                ram_chip_v6_rx_init
                0x000000004020d394                tsen_meas
                0x000000004020d444                readvdd33
                0x000000004020d610                txpwr_offset
                0x000000004020d6cc                set_txcap_reg
                0x000000004020d74c                ram_ana_inf_gating_en
                0x000000004020d8ac                ram_restart_cal
                0x000000004020d918                wait_rfpll_cal_end
                0x000000004020d9ac                ram_rfpll_set_freq
                0x000000004020dab8                ram_set_channel_freq
                0x000000004020ddb8                chip_60_set_channel
                0x000000004020df80                chip_v6_set_chan_offset
                0x000000004020dfc4                chip_v6_set_chan
                0x000000004020e064                chip_v6_set_chan_wakeup
                0x000000004020e0e0                chip_v6_rf_init
                0x000000004020e2ec                low_power_set
                0x000000004020e340                test_tout
                0x000000004020e4b8                check_data_flag
                0x000000004020e4dc                phy_get_check_flag
                0x000000004020e64c                phy_get_vdd33
 *fill*         0x000000004020e6ff        0x1 
 .irom0.text    0x000000004020e700     0x3b06 /Volumes/esp-open-sdk/esp-open-sdk/sdk/lib/libphy.a(phy_chip_v6.o)
                                       0x4106 (size before relaxing)
                0x000000004020e700                ram_tx_mac_enable
                0x000000004020e704                rtc_mem_backup
                0x000000004020e734                rtc_mem_recovery
                0x000000004020e764                set_cal_rxdc
                0x000000004020e818                set_rx_gain_cal_iq
                0x000000004020eb74                gen_rx_gain_table
                0x000000004020ecb4                pbus_set_rxbbgain
                0x000000004020ed34                set_rx_gain_testchip_50
                0x000000004020f070                ram_get_corr_power
                0x000000004020f160                check_data_func
                0x000000004020f180                do_noisefloor_lsleep_v50
                0x000000004020f1b4                do_noisefloor
                0x000000004020f224                start_dig_rx
                0x000000004020f268                stop_dig_rx
                0x000000004020f294                chip_v6_set_chanfreq
                0x000000004020f2cc                tx_cap_init
                0x000000004020f484                target_power_add_backoff
                0x000000004020f4d4                tx_pwctrl_init_cal
                0x000000004020f63c                tx_atten_set_interp
                0x000000004020f8b8                tx_pwctrl_init
                0x000000004020f9ac                ram_get_noisefloor
                0x000000004020f9c8                get_noisefloor_sat
                0x000000004020f9f8                ram_set_noise_floor
                0x000000004020fa54                ram_start_noisefloor
                0x000000004020faa0                read_hw_noisefloor
                0x000000004020facc                noise_check_loop
                0x000000004020fc28                noise_init
                0x000000004020fe24                target_power_backoff
                0x000000004020fe78                sdt_on_noise_start
                0x000000004020fefc                chip_v6_set_chan_rx_cmp
                0x0000000040210088                chip_v6_set_chan_misc
                0x000000004021011c                phy_dig_spur_set
                0x0000000040210474                phy_dig_spur_prot
                0x00000000402106ac                chip_v6_rxmax_ext_dig
                0x00000000402106f8                chip_v6_rxmax_ext
                0x00000000402107b0                phy_bb_rx_cfg
                0x0000000040210bb4                uart_wait_idle
                0x0000000040210bec                phy_pbus_soc_cfg
                0x0000000040210cb0                phy_gpio_cfg
                0x0000000040210ff8                tx_cont_en
                0x00000000402110a0                tx_cont_dis
                0x00000000402110f4                tx_cont_cfg
                0x0000000040211114                chip_v6_initialize_bb
                0x0000000040211280                periodic_cal
                0x0000000040211364                bbpll_cal
                0x00000000402113f8                periodic_cal_top
                0x000000004021145c                register_chipv6_phy_init_param
                0x00000000402116fc                change_bbpll160_sleep
                0x00000000402117ec                change_bbpll160
                0x0000000040211824                set_crystal_uart
                0x00000000402118b8                ant_switch_init
                0x0000000040211964                reduce_current_init
                0x00000000402119cc                rtc_mem_check
                0x0000000040211a08                phy_afterwake_set_rfoption
                0x0000000040211a3c                deep_sleep_set_option
                0x0000000040211a68                write_data_to_rtc
                0x0000000040211aa0                get_data_from_rtc
                0x0000000040211b2c                register_chipv6_phy
                0x0000000040211f04                set_dpd_bypass
                0x0000000040211f2c                set_rf_gain_stage10
                0x0000000040211f5c                get_vdd33_offset
                0x0000000040211fd0                get_phy_target_power
                0x0000000040212084                set_most_pwr_reg
                0x0000000040212158                phy_set_most_tpw
                0x000000004021217c                phy_vdd33_set_tpw
                0x0000000040212194                get_adc_rand
                0x00000000402121c8                phy_get_rand
                0x00000000402121e0                phy_tx_pwctrl_cali
 *fill*         0x0000000040212206        0x2 
 .irom0.text    0x0000000040212208     0x21a0 /Volumes/esp-open-sdk/esp-open-sdk/sdk/lib/libphy.a(phy_chip_v6_cal.o)
                                       0x23f0 (size before relaxing)
                0x0000000040212208                txbbgain2dcoindex
                0x0000000040212228                dcoindex2txbbgain
                0x000000004021224c                init_cal_dcoffset
                0x0000000040212310                set_rfanagain_dc_reg
                0x00000000402123ac                set_txdc_pbus
                0x0000000040212418                get_rf_gain_qdb
                0x0000000040212440                correct_rf_ana_gain
                0x0000000040212548                get_sar_dout
                0x00000000402125e0                cal_rf_ana_gain
                0x00000000402126b8                meas_tone_pwr_db
                0x0000000040212728                tx_pwr_backoff
                0x0000000040212874                get_fcc_1m2m_pwr_offset
                0x00000000402128b0                ram_set_txbb_atten
                0x0000000040212944                txiq_get_mis_pwr
                0x00000000402129e8                txiq_cover
                0x0000000040212c04                ram_rfcal_txiq
                0x0000000040212e74                rc_cal
                0x0000000040213034                get_target_power_offset
                0x000000004021313c                get_pwctrl_correct
                0x0000000040213198                tx_pwctrl_cal
                0x0000000040213540                tx_pwctrl_bg_init
                0x00000000402135b8                tx_pwctrl_background
                0x000000004021366c                read_sar_dout
                0x00000000402136d0                ram_get_fm_sar_dout
                0x0000000040213774                ram_cal_tos_v60
                0x0000000040213954                ram_get_bb_atten
                0x0000000040213984                ram_rfcal_txcap
                0x0000000040213b48                ram_rfcal_pwrctrl
                0x0000000040213d64                ram_rxiq_get_mis
                0x0000000040213f34                ram_rxiq_cover_mg_mp
                0x00000000402140d8                ram_rfcal_rxiq
                0x00000000402142e4                dpd_scale_set
                0x000000004021432c                dpd_mem_write
 .irom0.text    0x00000000402143a8      0xd92 /Volumes/esp-open-sdk/esp-open-sdk/sdk/lib/libphy.a(phy_sleep.o)
                                        0xfae (size before relaxing)
                0x00000000402143a8                pm_usec2rtc
                0x00000000402143dc                pm_rtc2usec
                0x00000000402143ec                pm_set_sleep_cycles
                0x0000000040214418                pm_sleep_opt
                0x0000000040214530                pm_wakeup_opt
                0x0000000040214568                get_chip_version
                0x00000000402145a8                pm_sleep_opt_bb_off
                0x00000000402145e8                pm_sleep_opt_bb_on
                0x0000000040214634                pm_set_pll_xtal_wait_time
                0x000000004021467c                pm_prepare_to_sleep
                0x00000000402146a0                pm_sdio_nidle
                0x0000000040214714                chg_lslp_mem_opt_8266
                0x0000000040214744                pm_goto_sleep
                0x0000000040214890                pm_wait4wakeup
                0x00000000402148cc                pm_open_rf
                0x0000000040214914                pm_sleep_set_mac
                0x0000000040214998                pm_set_wakeup_mac
                0x0000000040214a34                pm_check_mac_idle
                0x0000000040214a8c                pm_set_sleep_btco
                0x0000000040214b2c                pm_set_wakeup_btco
                0x0000000040214c44                pm_set_sleep_mode
                0x0000000040214d60                pm_unmask_bt
                0x0000000040214dc8                pm_wakeup_init
                0x0000000040214fdc                sleep_opt_8266
                0x0000000040214ffc                sleep_opt_bb_on_8266
                0x0000000040215038                sleep_reset_analog_rtcreg_8266
 *fill*         0x000000004021513a        0x2 
 .irom0.text    0x000000004021513c      0x401 /Volumes/esp-open-sdk/esp-open-sdk/sdk/lib/libpp.a(if_hwctrl.o)
                                        0x4f9 (size before relaxing)
                0x0000000040215140                ic_get_addr
                0x000000004021514c                ic_set_opmode
                0x0000000040215160                ic_enable_interface
                0x00000000402151b0                ic_interface_enabled
                0x00000000402151c4                ic_disable_interface
                0x000000004021520c                ic_is_pure_sta
                0x0000000040215228                ic_get_ptk_alg
                0x0000000040215238                ic_get_gtk_alg
                0x0000000040215248                ic_set_ptk_alg
                0x0000000040215258                ic_set_gtk_alg
                0x0000000040215268                ic_interface_is_p2p
                0x00000000402152f8                ic_set_vif
                0x0000000040215394                ic_set_sta
                0x000000004021544c                ic_bss_info_update
                0x00000000402154a8                ic_set_key
                0x0000000040215504                ic_remove_key
                0x0000000040215518                ic_get_rssi
 *fill*         0x000000004021553d        0x3 
 .irom0.text    0x0000000040215540       0xfc /Volumes/esp-open-sdk/esp-open-sdk/sdk/lib/libpp.a(lmac.o)
                                        0x114 (size before relaxing)
                0x0000000040215544                lmacInitAc
                0x0000000040215578                lmacInit
                0x0000000040215620                lmacSetRetryLimit
 .irom0.text    0x000000004021563c     0x19c9 /Volumes/esp-open-sdk/esp-open-sdk/sdk/lib/libpp.a(pm.o)
                                       0x1f41 (size before relaxing)
                0x0000000040215644                pm_rtc_clock_cali_proc
                0x000000004021567c                pm_get_ck170_period
                0x00000000402156a0                pm_set_sleep_time
                0x0000000040215958                pm_rf_is_closed
                0x0000000040215988                pm_set_sleep_type_from_upper
                0x0000000040215a78                pm_get_sleep_type
                0x0000000040215c4c                uart_tx_flush
                0x0000000040215c50                pm_suspend
                0x0000000040215e8c                pm_shutdown
                0x0000000040215f68                pm_reset_idle_sleep
                0x0000000040215fa8                pm_idle_sleep
                0x0000000040215fb4                pm_open
                0x0000000040216098                pm_onBcnRx
                0x000000004021642c                StopLightSleepSetFunc
                0x0000000040216434                LightSleepWakedCbSetFunc
                0x0000000040216a28                pm_enable_gpio_wakeup
                0x0000000040216a60                pm_attach
                0x0000000040216b54                pm_send_nullfunc
                0x0000000040216cf8                pm_is_waked
                0x0000000040216d10                pm_is_open
                0x0000000040216d28                pm_scan_lock
                0x0000000040216d50                pm_try_scan_unlock
                0x0000000040216d68                pm_force_scan_unlock
                0x0000000040216e24                pm_scan_unlocked
                0x0000000040216e38                pm_allow_tx
                0x0000000040216e54                pm_assoc_parse
                0x0000000040216e6c                pm_set_addr
                0x0000000040216e8c                pm_sleep_for
                0x0000000040216ec0                pm_post
                0x0000000040216fc4                pm_get_idle_wait_time
 *fill*         0x0000000040217005        0x3 
 .irom0.text    0x0000000040217008      0x991 /Volumes/esp-open-sdk/esp-open-sdk/sdk/lib/libpp.a(pm_for_bcn_only_mode.o)
                                        0xcc9 (size before relaxing)
                0x000000004021701c                fpm_set_type_from_upper
                0x00000000402170d8                fpm_get_slp_type
                0x00000000402170e0                fpm_rf_is_closed
                0x00000000402170f4                fpm_is_open
                0x0000000040217100                fpm_allow_tx
                0x0000000040217124                fpm_close
                0x00000000402171a0                fpm_open
                0x0000000040217208                fpm_attach
                0x000000004021749c                fpm_do_wakeup
                0x0000000040217920                fpm_do_sleep
 *fill*         0x0000000040217999        0x3 
 .irom0.text    0x000000004021799c     0x13e6 /Volumes/esp-open-sdk/esp-open-sdk/sdk/lib/libpp.a(pp.o)
                                       0x1746 (size before relaxing)
                0x00000000402179a4                PPWdtReset
                0x00000000402179d0                pp_soft_wdt_init
                0x00000000402179f4                pp_soft_wdt_feed
                0x00000000402179f4                system_soft_wdt_feed
                0x0000000040217a10                pp_soft_wdt_stop
                0x0000000040217a10                system_soft_wdt_stop
                0x0000000040217a3c                pp_soft_wdt_restart
                0x0000000040217a3c                system_soft_wdt_restart
                0x0000000040217a74                RxNodeNum
                0x0000000040217a98                TxNodeNum
                0x0000000040217abc                pp_disable_noise_timer